Command line invocation:
    /Applications/Xcode.app/Contents/Developer/usr/bin/xcodebuild -project Stats.xcodeproj -scheme Stats -configuration Debug build

--- xcodebuild: WARNING: Using the first of multiple matching destinations:
{ platform:macOS, arch:arm64, id:00006031-001461C00188001C, name:My Mac }
{ platform:macOS, arch:x86_64, id:00006031-001461C00188001C, name:My Mac }
{ platform:macOS, name:Any Mac }
ComputePackagePrebuildTargetDependencyGraph

Prepare packages

CreateBuildRequest

SendProjectDescription

CreateBuildOperation

ComputeTargetDependencyGraph
note: Building targets in dependency order
note: Target dependency graph (15 targets)
    Target 'Stats' in project 'Stats'
        ➜ Explicit dependency on target 'RAM' in project 'Stats'
        ➜ Explicit dependency on target 'Disk' in project 'Stats'
        ➜ Explicit dependency on target 'Net' in project 'Stats'
        ➜ Explicit dependency on target 'Battery' in project 'Stats'
        ➜ Explicit dependency on target 'Sensors' in project 'Stats'
        ➜ Explicit dependency on target 'GPU' in project 'Stats'
        ➜ Explicit dependency on target 'CPU' in project 'Stats'
        ➜ Explicit dependency on target 'Kit' in project 'Stats'
        ➜ Explicit dependency on target 'Bluetooth' in project 'Stats'
        ➜ Explicit dependency on target 'Clock' in project 'Stats'
        ➜ Explicit dependency on target 'WidgetsExtension' in project 'Stats'
        ➜ Implicit dependency on target 'LaunchAtLogin' in project 'Stats' via file 'LaunchAtLogin.app' in build phase 'Copy Files'
        ➜ Implicit dependency on target 'SMC' in project 'Stats' via file 'smc' in build phase 'Copy Files'
        ➜ Implicit dependency on target 'Helper' in project 'Stats' via file 'eu.exelban.Stats.SMC.Helper' in build phase 'Copy Files'
    Target 'Helper' in project 'Stats' (no dependencies)
    Target 'SMC' in project 'Stats' (no dependencies)
    Target 'LaunchAtLogin' in project 'Stats' (no dependencies)
    Target 'WidgetsExtension' in project 'Stats'
        ➜ Explicit dependency on target 'CPU' in project 'Stats'
        ➜ Explicit dependency on target 'GPU' in project 'Stats'
        ➜ Explicit dependency on target 'RAM' in project 'Stats'
        ➜ Explicit dependency on target 'Disk' in project 'Stats'
        ➜ Explicit dependency on target 'Net' in project 'Stats'
    Target 'Clock' in project 'Stats'
        ➜ Explicit dependency on target 'Kit' in project 'Stats'
    Target 'Bluetooth' in project 'Stats'
        ➜ Explicit dependency on target 'Kit' in project 'Stats'
    Target 'CPU' in project 'Stats'
        ➜ Explicit dependency on target 'Kit' in project 'Stats'
    Target 'GPU' in project 'Stats'
        ➜ Explicit dependency on target 'Kit' in project 'Stats'
    Target 'Sensors' in project 'Stats'
        ➜ Explicit dependency on target 'Kit' in project 'Stats'
    Target 'Battery' in project 'Stats'
        ➜ Explicit dependency on target 'Kit' in project 'Stats'
    Target 'Net' in project 'Stats'
        ➜ Explicit dependency on target 'Kit' in project 'Stats'
    Target 'Disk' in project 'Stats'
        ➜ Explicit dependency on target 'Kit' in project 'Stats'
    Target 'RAM' in project 'Stats'
        ➜ Explicit dependency on target 'Kit' in project 'Stats'
    Target 'Kit' in project 'Stats' (no dependencies)

GatherProvisioningInputs

CreateBuildDescription

ClangStatCache /Applications/Xcode.app/Contents/Developer/Toolchains/XcodeDefault.xctoolchain/usr/bin/clang-stat-cache /Applications/Xcode.app/Contents/Developer/Platforms/MacOSX.platform/Developer/SDKs/MacOSX26.4.sdk /Users/hiroshi/Library/Developer/Xcode/DerivedData/SDKStatCaches.noindex/macosx26.4-25E251-688ef53f1462e2c8f657fdc38a81448f30f9ca8789b706f8bd3fc906a70d770f.sdkstatcache
    cd /Users/hiroshi/Desktop/MyStats/Stats.xcodeproj
    /Applications/Xcode.app/Contents/Developer/Toolchains/XcodeDefault.xctoolchain/usr/bin/clang-stat-cache /Applications/Xcode.app/Contents/Developer/Platforms/MacOSX.platform/Developer/SDKs/MacOSX26.4.sdk -o /Users/hiroshi/Library/Developer/Xcode/DerivedData/SDKStatCaches.noindex/macosx26.4-25E251-688ef53f1462e2c8f657fdc38a81448f30f9ca8789b706f8bd3fc906a70d770f.sdkstatcache

note: Disabling hardened runtime with ad-hoc codesigning. (in target 'LaunchAtLogin' from project 'Stats')
ProcessInfoPlistFile /Users/hiroshi/Library/Developer/Xcode/DerivedData/Stats-dnsoqnkiehuhdtbbwufjsbayuioq/Build/Products/Debug/LaunchAtLogin.app/Contents/Info.plist /Users/hiroshi/Desktop/MyStats/LaunchAtLogin/Info.plist (in target 'LaunchAtLogin' from project 'Stats')
    cd /Users/hiroshi/Desktop/MyStats
    builtin-infoPlistUtility /Users/hiroshi/Desktop/MyStats/LaunchAtLogin/Info.plist -producttype com.apple.product-type.application -genpkginfo /Users/hiroshi/Library/Developer/Xcode/DerivedData/Stats-dnsoqnkiehuhdtbbwufjsbayuioq/Build/Products/Debug/LaunchAtLogin.app/Contents/PkgInfo -expandbuildsettings -platform macosx -o /Users/hiroshi/Library/Developer/Xcode/DerivedData/Stats-dnsoqnkiehuhdtbbwufjsbayuioq/Build/Products/Debug/LaunchAtLogin.app/Contents/Info.plist

SwiftDriver Kit normal arm64 com.apple.xcode.tools.swift.compiler (in target 'Kit' from project 'Stats')
    cd /Users/hiroshi/Desktop/MyStats
    builtin-SwiftDriver -- /Applications/Xcode.app/Contents/Developer/Toolchains/XcodeDefault.xctoolchain/usr/bin/swiftc -module-name Kit -Onone @/Users/hiroshi/Library/Developer/Xcode/DerivedData/Stats-dnsoqnkiehuhdtbbwufjsbayuioq/Build/Intermediates.noindex/Stats.build/Debug/Kit.build/Objects-normal/arm64/Kit.SwiftFileList -DDEBUG -enable-bare-slash-regex -enable-experimental-feature DebugDescriptionMacro -sdk /Applications/Xcode.app/Contents/Developer/Platforms/MacOSX.platform/Developer/SDKs/MacOSX26.4.sdk -target arm64-apple-macos14.0 -g -module-cache-path /Users/hiroshi/Library/Developer/Xcode/DerivedData/ModuleCache.noindex -Xfrontend -serialize-debugging-options -enable-testing -index-store-path /Users/hiroshi/Library/Developer/Xcode/DerivedData/Stats-dnsoqnkiehuhdtbbwufjsbayuioq/Index.noindex/DataStore -Xcc -D_LIBCPP_HARDENING_MODE\=_LIBCPP_HARDENING_MODE_DEBUG -swift-version 5 -I /Users/hiroshi/Library/Developer/Xcode/DerivedData/Stats-dnsoqnkiehuhdtbbwufjsbayuioq/Build/Products/Debug -F /Users/hiroshi/Library/Developer/Xcode/DerivedData/Stats-dnsoqnkiehuhdtbbwufjsbayuioq/Build/Products/Debug -emit-localized-strings -emit-localized-strings-path /Users/hiroshi/Library/Developer/Xcode/DerivedData/Stats-dnsoqnkiehuhdtbbwufjsbayuioq/Build/Intermediates.noindex/Stats.build/Debug/Kit.build/Objects-normal/arm64 -c -j16 -enable-batch-mode -incremental -Xcc -ivfsstatcache -Xcc /Users/hiroshi/Library/Developer/Xcode/DerivedData/SDKStatCaches.noindex/macosx26.4-25E251-688ef53f1462e2c8f657fdc38a81448f30f9ca8789b706f8bd3fc906a70d770f.sdkstatcache -output-file-map /Users/hiroshi/Library/Developer/Xcode/DerivedData/Stats-dnsoqnkiehuhdtbbwufjsbayuioq/Build/Intermediates.noindex/Stats.build/Debug/Kit.build/Objects-normal/arm64/Kit-OutputFileMap.json -use-frontend-parseable-output -save-temps -no-color-diagnostics -explicit-module-build -module-cache-path /Users/hiroshi/Library/Developer/Xcode/DerivedData/Stats-dnsoqnkiehuhdtbbwufjsbayuioq/Build/Intermediates.noindex/SwiftExplicitPrecompiledModules -clang-scanner-module-cache-path /Users/hiroshi/Library/Developer/Xcode/DerivedData/ModuleCache.noindex -sdk-module-cache-path /Users/hiroshi/Library/Developer/Xcode/DerivedData/ModuleCache.noindex -serialize-diagnostics -emit-dependencies -emit-module -emit-module-path /Users/hiroshi/Library/Developer/Xcode/DerivedData/Stats-dnsoqnkiehuhdtbbwufjsbayuioq/Build/Intermediates.noindex/Stats.build/Debug/Kit.build/Objects-normal/arm64/Kit.swiftmodule -validate-clang-modules-once -clang-build-session-file /Users/hiroshi/Library/Developer/Xcode/DerivedData/ModuleCache.noindex/Session.modulevalidation -Xcc -I/Users/hiroshi/Library/Developer/Xcode/DerivedData/Stats-dnsoqnkiehuhdtbbwufjsbayuioq/Build/Intermediates.noindex/Stats.build/Debug/Kit.build/swift-overrides.hmap -emit-const-values -Xfrontend -const-gather-protocols-file -Xfrontend /Users/hiroshi/Library/Developer/Xcode/DerivedData/Stats-dnsoqnkiehuhdtbbwufjsbayuioq/Build/Intermediates.noindex/Stats.build/Debug/Kit.build/Objects-normal/arm64/Kit_const_extract_protocols.json -Xcc -iquote -Xcc /Users/hiroshi/Library/Developer/Xcode/DerivedData/Stats-dnsoqnkiehuhdtbbwufjsbayuioq/Build/Intermediates.noindex/Stats.build/Debug/Kit.build/Kit-generated-files.hmap -Xcc -I/Users/hiroshi/Library/Developer/Xcode/DerivedData/Stats-dnsoqnkiehuhdtbbwufjsbayuioq/Build/Intermediates.noindex/Stats.build/Debug/Kit.build/Kit-own-target-headers.hmap -Xcc -I/Users/hiroshi/Library/Developer/Xcode/DerivedData/Stats-dnsoqnkiehuhdtbbwufjsbayuioq/Build/Intermediates.noindex/Stats.build/Debug/Kit.build/Kit-all-non-framework-target-headers.hmap -Xcc -ivfsoverlay -Xcc /Users/hiroshi/Library/Developer/Xcode/DerivedData/Stats-dnsoqnkiehuhdtbbwufjsbayuioq/Build/Intermediates.noindex/Stats.build/Debug/Stats-fe63de269265f3f6b52a574bca440427-VFS/all-product-headers.yaml -Xcc -iquote -Xcc /Users/hiroshi/Library/Developer/Xcode/DerivedData/Stats-dnsoqnkiehuhdtbbwufjsbayuioq/Build/Intermediates.noindex/Stats.build/Debug/Kit.build/Kit-project-headers.hmap -Xcc -I/Users/hiroshi/Library/Developer/Xcode/DerivedData/Stats-dnsoqnkiehuhdtbbwufjsbayuioq/Build/Products/Debug/include -Xcc -I/Users/hiroshi/Library/Developer/Xcode/DerivedData/Stats-dnsoqnkiehuhdtbbwufjsbayuioq/Build/Intermediates.noindex/Stats.build/Debug/Kit.build/DerivedSources-normal/arm64 -Xcc -I/Users/hiroshi/Library/Developer/Xcode/DerivedData/Stats-dnsoqnkiehuhdtbbwufjsbayuioq/Build/Intermediates.noindex/Stats.build/Debug/Kit.build/DerivedSources/arm64 -Xcc -I/Users/hiroshi/Library/Developer/Xcode/DerivedData/Stats-dnsoqnkiehuhdtbbwufjsbayuioq/Build/Intermediates.noindex/Stats.build/Debug/Kit.build/DerivedSources -Xcc -DDEBUG\=1 -emit-objc-header -emit-objc-header-path /Users/hiroshi/Library/Developer/Xcode/DerivedData/Stats-dnsoqnkiehuhdtbbwufjsbayuioq/Build/Intermediates.noindex/Stats.build/Debug/Kit.build/Objects-normal/arm64/Kit-Swift.h -import-underlying-module -Xcc -ivfsoverlay -Xcc /Users/hiroshi/Library/Developer/Xcode/DerivedData/Stats-dnsoqnkiehuhdtbbwufjsbayuioq/Build/Intermediates.noindex/Stats.build/Debug/Kit.build/unextended-module-overlay.yaml -working-directory /Users/hiroshi/Desktop/MyStats -experimental-emit-module-separately -disable-cmo

ProcessInfoPlistFile /Users/hiroshi/Library/Developer/Xcode/DerivedData/Stats-dnsoqnkiehuhdtbbwufjsbayuioq/Build/Products/Debug/Kit.framework/Versions/A/Resources/Info.plist /Users/hiroshi/Desktop/MyStats/Kit/Supporting\ Files/Info.plist (in target 'Kit' from project 'Stats')
    cd /Users/hiroshi/Desktop/MyStats
    builtin-infoPlistUtility /Users/hiroshi/Desktop/MyStats/Kit/Supporting\ Files/Info.plist -producttype com.apple.product-type.framework -expandbuildsettings -platform macosx -additionalcontentfile /Users/hiroshi/Library/Developer/Xcode/DerivedData/Stats-dnsoqnkiehuhdtbbwufjsbayuioq/Build/Intermediates.noindex/Stats.build/Debug/Kit.build/assetcatalog_generated_info.plist -o /Users/hiroshi/Library/Developer/Xcode/DerivedData/Stats-dnsoqnkiehuhdtbbwufjsbayuioq/Build/Products/Debug/Kit.framework/Versions/A/Resources/Info.plist

CopySwiftLibs /Users/hiroshi/Library/Developer/Xcode/DerivedData/Stats-dnsoqnkiehuhdtbbwufjsbayuioq/Build/Products/Debug/LaunchAtLogin.app (in target 'LaunchAtLogin' from project 'Stats')
    cd /Users/hiroshi/Desktop/MyStats
    builtin-swiftStdLibTool --copy --verbose --sign - --scan-executable /Users/hiroshi/Library/Developer/Xcode/DerivedData/Stats-dnsoqnkiehuhdtbbwufjsbayuioq/Build/Products/Debug/LaunchAtLogin.app/Contents/MacOS/LaunchAtLogin.debug.dylib --scan-folder /Users/hiroshi/Library/Developer/Xcode/DerivedData/Stats-dnsoqnkiehuhdtbbwufjsbayuioq/Build/Products/Debug/LaunchAtLogin.app/Contents/Frameworks --scan-folder /Users/hiroshi/Library/Developer/Xcode/DerivedData/Stats-dnsoqnkiehuhdtbbwufjsbayuioq/Build/Products/Debug/LaunchAtLogin.app/Contents/PlugIns --scan-folder /Users/hiroshi/Library/Developer/Xcode/DerivedData/Stats-dnsoqnkiehuhdtbbwufjsbayuioq/Build/Products/Debug/LaunchAtLogin.app/Contents/Library/SystemExtensions --scan-folder /Users/hiroshi/Library/Developer/Xcode/DerivedData/Stats-dnsoqnkiehuhdtbbwufjsbayuioq/Build/Products/Debug/LaunchAtLogin.app/Contents/Extensions --platform macosx --toolchain /var/run/com.apple.security.cryptexd/mnt/com.apple.MobileAsset.MetalToolchain-v17.5.188.0.TLte2p/Metal.xctoolchain --toolchain /Applications/Xcode.app/Contents/Developer/Toolchains/XcodeDefault.xctoolchain --destination /Users/hiroshi/Library/Developer/Xcode/DerivedData/Stats-dnsoqnkiehuhdtbbwufjsbayuioq/Build/Products/Debug/LaunchAtLogin.app/Contents/Frameworks --strip-bitcode --strip-bitcode-tool /Applications/Xcode.app/Contents/Developer/Toolchains/XcodeDefault.xctoolchain/usr/bin/bitcode_strip --emit-dependency-info /Users/hiroshi/Library/Developer/Xcode/DerivedData/Stats-dnsoqnkiehuhdtbbwufjsbayuioq/Build/Intermediates.noindex/Stats.build/Debug/LaunchAtLogin.build/SwiftStdLibToolInputDependencies.dep --filter-for-swift-os --back-deploy-swift-span

SwiftCompile normal arm64 Compiling\ helpers.swift /Users/hiroshi/Desktop/MyStats/Kit/helpers.swift (in target 'Kit' from project 'Stats')

SwiftCompile normal arm64 /Users/hiroshi/Desktop/MyStats/Kit/helpers.swift (in target 'Kit' from project 'Stats')
    cd /Users/hiroshi/Desktop/MyStats
    

SwiftEmitModule normal arm64 Emitting\ module\ for\ Kit (in target 'Kit' from project 'Stats')

EmitSwiftModule normal arm64 (in target 'Kit' from project 'Stats')
    cd /Users/hiroshi/Desktop/MyStats
    

SwiftDriverJobDiscovery normal arm64 Emitting module for Kit (in target 'Kit' from project 'Stats')

SwiftDriver\ Compilation\ Requirements Kit normal arm64 com.apple.xcode.tools.swift.compiler (in target 'Kit' from project 'Stats')
    cd /Users/hiroshi/Desktop/MyStats
    builtin-Swift-Compilation-Requirements -- /Applications/Xcode.app/Contents/Developer/Toolchains/XcodeDefault.xctoolchain/usr/bin/swiftc -module-name Kit -Onone @/Users/hiroshi/Library/Developer/Xcode/DerivedData/Stats-dnsoqnkiehuhdtbbwufjsbayuioq/Build/Intermediates.noindex/Stats.build/Debug/Kit.build/Objects-normal/arm64/Kit.SwiftFileList -DDEBUG -enable-bare-slash-regex -enable-experimental-feature DebugDescriptionMacro -sdk /Applications/Xcode.app/Contents/Developer/Platforms/MacOSX.platform/Developer/SDKs/MacOSX26.4.sdk -target arm64-apple-macos14.0 -g -module-cache-path /Users/hiroshi/Library/Developer/Xcode/DerivedData/ModuleCache.noindex -Xfrontend -serialize-debugging-options -enable-testing -index-store-path /Users/hiroshi/Library/Developer/Xcode/DerivedData/Stats-dnsoqnkiehuhdtbbwufjsbayuioq/Index.noindex/DataStore -Xcc -D_LIBCPP_HARDENING_MODE\=_LIBCPP_HARDENING_MODE_DEBUG -swift-version 5 -I /Users/hiroshi/Library/Developer/Xcode/DerivedData/Stats-dnsoqnkiehuhdtbbwufjsbayuioq/Build/Products/Debug -F /Users/hiroshi/Library/Developer/Xcode/DerivedData/Stats-dnsoqnkiehuhdtbbwufjsbayuioq/Build/Products/Debug -emit-localized-strings -emit-localized-strings-path /Users/hiroshi/Library/Developer/Xcode/DerivedData/Stats-dnsoqnkiehuhdtbbwufjsbayuioq/Build/Intermediates.noindex/Stats.build/Debug/Kit.build/Objects-normal/arm64 -c -j16 -enable-batch-mode -incremental -Xcc -ivfsstatcache -Xcc /Users/hiroshi/Library/Developer/Xcode/DerivedData/SDKStatCaches.noindex/macosx26.4-25E251-688ef53f1462e2c8f657fdc38a81448f30f9ca8789b706f8bd3fc906a70d770f.sdkstatcache -output-file-map /Users/hiroshi/Library/Developer/Xcode/DerivedData/Stats-dnsoqnkiehuhdtbbwufjsbayuioq/Build/Intermediates.noindex/Stats.build/Debug/Kit.build/Objects-normal/arm64/Kit-OutputFileMap.json -use-frontend-parseable-output -save-temps -no-color-diagnostics -explicit-module-build -module-cache-path /Users/hiroshi/Library/Developer/Xcode/DerivedData/Stats-dnsoqnkiehuhdtbbwufjsbayuioq/Build/Intermediates.noindex/SwiftExplicitPrecompiledModules -clang-scanner-module-cache-path /Users/hiroshi/Library/Developer/Xcode/DerivedData/ModuleCache.noindex -sdk-module-cache-path /Users/hiroshi/Library/Developer/Xcode/DerivedData/ModuleCache.noindex -serialize-diagnostics -emit-dependencies -emit-module -emit-module-path /Users/hiroshi/Library/Developer/Xcode/DerivedData/Stats-dnsoqnkiehuhdtbbwufjsbayuioq/Build/Intermediates.noindex/Stats.build/Debug/Kit.build/Objects-normal/arm64/Kit.swiftmodule -validate-clang-modules-once -clang-build-session-file /Users/hiroshi/Library/Developer/Xcode/DerivedData/ModuleCache.noindex/Session.modulevalidation -Xcc -I/Users/hiroshi/Library/Developer/Xcode/DerivedData/Stats-dnsoqnkiehuhdtbbwufjsbayuioq/Build/Intermediates.noindex/Stats.build/Debug/Kit.build/swift-overrides.hmap -emit-const-values -Xfrontend -const-gather-protocols-file -Xfrontend /Users/hiroshi/Library/Developer/Xcode/DerivedData/Stats-dnsoqnkiehuhdtbbwufjsbayuioq/Build/Intermediates.noindex/Stats.build/Debug/Kit.build/Objects-normal/arm64/Kit_const_extract_protocols.json -Xcc -iquote -Xcc /Users/hiroshi/Library/Developer/Xcode/DerivedData/Stats-dnsoqnkiehuhdtbbwufjsbayuioq/Build/Intermediates.noindex/Stats.build/Debug/Kit.build/Kit-generated-files.hmap -Xcc -I/Users/hiroshi/Library/Developer/Xcode/DerivedData/Stats-dnsoqnkiehuhdtbbwufjsbayuioq/Build/Intermediates.noindex/Stats.build/Debug/Kit.build/Kit-own-target-headers.hmap -Xcc -I/Users/hiroshi/Library/Developer/Xcode/DerivedData/Stats-dnsoqnkiehuhdtbbwufjsbayuioq/Build/Intermediates.noindex/Stats.build/Debug/Kit.build/Kit-all-non-framework-target-headers.hmap -Xcc -ivfsoverlay -Xcc /Users/hiroshi/Library/Developer/Xcode/DerivedData/Stats-dnsoqnkiehuhdtbbwufjsbayuioq/Build/Intermediates.noindex/Stats.build/Debug/Stats-fe63de269265f3f6b52a574bca440427-VFS/all-product-headers.yaml -Xcc -iquote -Xcc /Users/hiroshi/Library/Developer/Xcode/DerivedData/Stats-dnsoqnkiehuhdtbbwufjsbayuioq/Build/Intermediates.noindex/Stats.build/Debug/Kit.build/Kit-project-headers.hmap -Xcc -I/Users/hiroshi/Library/Developer/Xcode/DerivedData/Stats-dnsoqnkiehuhdtbbwufjsbayuioq/Build/Products/Debug/include -Xcc -I/Users/hiroshi/Library/Developer/Xcode/DerivedData/Stats-dnsoqnkiehuhdtbbwufjsbayuioq/Build/Intermediates.noindex/Stats.build/Debug/Kit.build/DerivedSources-normal/arm64 -Xcc -I/Users/hiroshi/Library/Developer/Xcode/DerivedData/Stats-dnsoqnkiehuhdtbbwufjsbayuioq/Build/Intermediates.noindex/Stats.build/Debug/Kit.build/DerivedSources/arm64 -Xcc -I/Users/hiroshi/Library/Developer/Xcode/DerivedData/Stats-dnsoqnkiehuhdtbbwufjsbayuioq/Build/Intermediates.noindex/Stats.build/Debug/Kit.build/DerivedSources -Xcc -DDEBUG\=1 -emit-objc-header -emit-objc-header-path /Users/hiroshi/Library/Developer/Xcode/DerivedData/Stats-dnsoqnkiehuhdtbbwufjsbayuioq/Build/Intermediates.noindex/Stats.build/Debug/Kit.build/Objects-normal/arm64/Kit-Swift.h -import-underlying-module -Xcc -ivfsoverlay -Xcc /Users/hiroshi/Library/Developer/Xcode/DerivedData/Stats-dnsoqnkiehuhdtbbwufjsbayuioq/Build/Intermediates.noindex/Stats.build/Debug/Kit.build/unextended-module-overlay.yaml -working-directory /Users/hiroshi/Desktop/MyStats -experimental-emit-module-separately -disable-cmo

Copy /Users/hiroshi/Library/Developer/Xcode/DerivedData/Stats-dnsoqnkiehuhdtbbwufjsbayuioq/Build/Products/Debug/Kit.framework/Versions/A/Modules/Kit.swiftmodule/Project/arm64-apple-macos.swiftsourceinfo /Users/hiroshi/Library/Developer/Xcode/DerivedData/Stats-dnsoqnkiehuhdtbbwufjsbayuioq/Build/Intermediates.noindex/Stats.build/Debug/Kit.build/Objects-normal/arm64/Kit.swiftsourceinfo (in target 'Kit' from project 'Stats')
    cd /Users/hiroshi/Desktop/MyStats
    builtin-copy -exclude .DS_Store -exclude CVS -exclude .svn -exclude .git -exclude .hg -resolve-src-symlinks -rename /Users/hiroshi/Library/Developer/Xcode/DerivedData/Stats-dnsoqnkiehuhdtbbwufjsbayuioq/Build/Intermediates.noindex/Stats.build/Debug/Kit.build/Objects-normal/arm64/Kit.swiftsourceinfo /Users/hiroshi/Library/Developer/Xcode/DerivedData/Stats-dnsoqnkiehuhdtbbwufjsbayuioq/Build/Products/Debug/Kit.framework/Versions/A/Modules/Kit.swiftmodule/Project/arm64-apple-macos.swiftsourceinfo

Copy /Users/hiroshi/Library/Developer/Xcode/DerivedData/Stats-dnsoqnkiehuhdtbbwufjsbayuioq/Build/Products/Debug/Kit.framework/Versions/A/Modules/Kit.swiftmodule/arm64-apple-macos.abi.json /Users/hiroshi/Library/Developer/Xcode/DerivedData/Stats-dnsoqnkiehuhdtbbwufjsbayuioq/Build/Intermediates.noindex/Stats.build/Debug/Kit.build/Objects-normal/arm64/Kit.abi.json (in target 'Kit' from project 'Stats')
    cd /Users/hiroshi/Desktop/MyStats
    builtin-copy -exclude .DS_Store -exclude CVS -exclude .svn -exclude .git -exclude .hg -resolve-src-symlinks -rename /Users/hiroshi/Library/Developer/Xcode/DerivedData/Stats-dnsoqnkiehuhdtbbwufjsbayuioq/Build/Intermediates.noindex/Stats.build/Debug/Kit.build/Objects-normal/arm64/Kit.abi.json /Users/hiroshi/Library/Developer/Xcode/DerivedData/Stats-dnsoqnkiehuhdtbbwufjsbayuioq/Build/Products/Debug/Kit.framework/Versions/A/Modules/Kit.swiftmodule/arm64-apple-macos.abi.json

SwiftDriverJobDiscovery normal arm64 Compiling helpers.swift (in target 'Kit' from project 'Stats')

SwiftDriver\ Compilation Kit normal arm64 com.apple.xcode.tools.swift.compiler (in target 'Kit' from project 'Stats')
    cd /Users/hiroshi/Desktop/MyStats
    builtin-Swift-Compilation -- /Applications/Xcode.app/Contents/Developer/Toolchains/XcodeDefault.xctoolchain/usr/bin/swiftc -module-name Kit -Onone @/Users/hiroshi/Library/Developer/Xcode/DerivedData/Stats-dnsoqnkiehuhdtbbwufjsbayuioq/Build/Intermediates.noindex/Stats.build/Debug/Kit.build/Objects-normal/arm64/Kit.SwiftFileList -DDEBUG -enable-bare-slash-regex -enable-experimental-feature DebugDescriptionMacro -sdk /Applications/Xcode.app/Contents/Developer/Platforms/MacOSX.platform/Developer/SDKs/MacOSX26.4.sdk -target arm64-apple-macos14.0 -g -module-cache-path /Users/hiroshi/Library/Developer/Xcode/DerivedData/ModuleCache.noindex -Xfrontend -serialize-debugging-options -enable-testing -index-store-path /Users/hiroshi/Library/Developer/Xcode/DerivedData/Stats-dnsoqnkiehuhdtbbwufjsbayuioq/Index.noindex/DataStore -Xcc -D_LIBCPP_HARDENING_MODE\=_LIBCPP_HARDENING_MODE_DEBUG -swift-version 5 -I /Users/hiroshi/Library/Developer/Xcode/DerivedData/Stats-dnsoqnkiehuhdtbbwufjsbayuioq/Build/Products/Debug -F /Users/hiroshi/Library/Developer/Xcode/DerivedData/Stats-dnsoqnkiehuhdtbbwufjsbayuioq/Build/Products/Debug -emit-localized-strings -emit-localized-strings-path /Users/hiroshi/Library/Developer/Xcode/DerivedData/Stats-dnsoqnkiehuhdtbbwufjsbayuioq/Build/Intermediates.noindex/Stats.build/Debug/Kit.build/Objects-normal/arm64 -c -j16 -enable-batch-mode -incremental -Xcc -ivfsstatcache -Xcc /Users/hiroshi/Library/Developer/Xcode/DerivedData/SDKStatCaches.noindex/macosx26.4-25E251-688ef53f1462e2c8f657fdc38a81448f30f9ca8789b706f8bd3fc906a70d770f.sdkstatcache -output-file-map /Users/hiroshi/Library/Developer/Xcode/DerivedData/Stats-dnsoqnkiehuhdtbbwufjsbayuioq/Build/Intermediates.noindex/Stats.build/Debug/Kit.build/Objects-normal/arm64/Kit-OutputFileMap.json -use-frontend-parseable-output -save-temps -no-color-diagnostics -explicit-module-build -module-cache-path /Users/hiroshi/Library/Developer/Xcode/DerivedData/Stats-dnsoqnkiehuhdtbbwufjsbayuioq/Build/Intermediates.noindex/SwiftExplicitPrecompiledModules -clang-scanner-module-cache-path /Users/hiroshi/Library/Developer/Xcode/DerivedData/ModuleCache.noindex -sdk-module-cache-path /Users/hiroshi/Library/Developer/Xcode/DerivedData/ModuleCache.noindex -serialize-diagnostics -emit-dependencies -emit-module -emit-module-path /Users/hiroshi/Library/Developer/Xcode/DerivedData/Stats-dnsoqnkiehuhdtbbwufjsbayuioq/Build/Intermediates.noindex/Stats.build/Debug/Kit.build/Objects-normal/arm64/Kit.swiftmodule -validate-clang-modules-once -clang-build-session-file /Users/hiroshi/Library/Developer/Xcode/DerivedData/ModuleCache.noindex/Session.modulevalidation -Xcc -I/Users/hiroshi/Library/Developer/Xcode/DerivedData/Stats-dnsoqnkiehuhdtbbwufjsbayuioq/Build/Intermediates.noindex/Stats.build/Debug/Kit.build/swift-overrides.hmap -emit-const-values -Xfrontend -const-gather-protocols-file -Xfrontend /Users/hiroshi/Library/Developer/Xcode/DerivedData/Stats-dnsoqnkiehuhdtbbwufjsbayuioq/Build/Intermediates.noindex/Stats.build/Debug/Kit.build/Objects-normal/arm64/Kit_const_extract_protocols.json -Xcc -iquote -Xcc /Users/hiroshi/Library/Developer/Xcode/DerivedData/Stats-dnsoqnkiehuhdtbbwufjsbayuioq/Build/Intermediates.noindex/Stats.build/Debug/Kit.build/Kit-generated-files.hmap -Xcc -I/Users/hiroshi/Library/Developer/Xcode/DerivedData/Stats-dnsoqnkiehuhdtbbwufjsbayuioq/Build/Intermediates.noindex/Stats.build/Debug/Kit.build/Kit-own-target-headers.hmap -Xcc -I/Users/hiroshi/Library/Developer/Xcode/DerivedData/Stats-dnsoqnkiehuhdtbbwufjsbayuioq/Build/Intermediates.noindex/Stats.build/Debug/Kit.build/Kit-all-non-framework-target-headers.hmap -Xcc -ivfsoverlay -Xcc /Users/hiroshi/Library/Developer/Xcode/DerivedData/Stats-dnsoqnkiehuhdtbbwufjsbayuioq/Build/Intermediates.noindex/Stats.build/Debug/Stats-fe63de269265f3f6b52a574bca440427-VFS/all-product-headers.yaml -Xcc -iquote -Xcc /Users/hiroshi/Library/Developer/Xcode/DerivedData/Stats-dnsoqnkiehuhdtbbwufjsbayuioq/Build/Intermediates.noindex/Stats.build/Debug/Kit.build/Kit-project-headers.hmap -Xcc -I/Users/hiroshi/Library/Developer/Xcode/DerivedData/Stats-dnsoqnkiehuhdtbbwufjsbayuioq/Build/Products/Debug/include -Xcc -I/Users/hiroshi/Library/Developer/Xcode/DerivedData/Stats-dnsoqnkiehuhdtbbwufjsbayuioq/Build/Intermediates.noindex/Stats.build/Debug/Kit.build/DerivedSources-normal/arm64 -Xcc -I/Users/hiroshi/Library/Developer/Xcode/DerivedData/Stats-dnsoqnkiehuhdtbbwufjsbayuioq/Build/Intermediates.noindex/Stats.build/Debug/Kit.build/DerivedSources/arm64 -Xcc -I/Users/hiroshi/Library/Developer/Xcode/DerivedData/Stats-dnsoqnkiehuhdtbbwufjsbayuioq/Build/Intermediates.noindex/Stats.build/Debug/Kit.build/DerivedSources -Xcc -DDEBUG\=1 -emit-objc-header -emit-objc-header-path /Users/hiroshi/Library/Developer/Xcode/DerivedData/Stats-dnsoqnkiehuhdtbbwufjsbayuioq/Build/Intermediates.noindex/Stats.build/Debug/Kit.build/Objects-normal/arm64/Kit-Swift.h -import-underlying-module -Xcc -ivfsoverlay -Xcc /Users/hiroshi/Library/Developer/Xcode/DerivedData/Stats-dnsoqnkiehuhdtbbwufjsbayuioq/Build/Intermediates.noindex/Stats.build/Debug/Kit.build/unextended-module-overlay.yaml -working-directory /Users/hiroshi/Desktop/MyStats -experimental-emit-module-separately -disable-cmo

ExtractAppIntentsMetadata (in target 'Kit' from project 'Stats')
    cd /Users/hiroshi/Desktop/MyStats
    /Applications/Xcode.app/Contents/Developer/Toolchains/XcodeDefault.xctoolchain/usr/bin/appintentsmetadataprocessor --toolchain-dir /var/run/com.apple.security.cryptexd/mnt/com.apple.MobileAsset.MetalToolchain-v17.5.188.0.TLte2p/Metal.xctoolchain --module-name Kit --sdk-root /Applications/Xcode.app/Contents/Developer/Platforms/MacOSX.platform/Developer/SDKs/MacOSX26.4.sdk --xcode-version 17E202 --platform-family macOS --deployment-target 14.0 --bundle-identifier eu.exelban.Stats.Kit --output /Users/hiroshi/Library/Developer/Xcode/DerivedData/Stats-dnsoqnkiehuhdtbbwufjsbayuioq/Build/Products/Debug/Kit.framework/Versions/A/Resources --target-triple arm64-apple-macos14.0 --binary-file /Users/hiroshi/Library/Developer/Xcode/DerivedData/Stats-dnsoqnkiehuhdtbbwufjsbayuioq/Build/Products/Debug/Kit.framework/Versions/A/Kit --dependency-file /Users/hiroshi/Library/Developer/Xcode/DerivedData/Stats-dnsoqnkiehuhdtbbwufjsbayuioq/Build/Intermediates.noindex/Stats.build/Debug/Kit.build/Objects-normal/arm64/Kit_dependency_info.dat --stringsdata-file /Users/hiroshi/Library/Developer/Xcode/DerivedData/Stats-dnsoqnkiehuhdtbbwufjsbayuioq/Build/Intermediates.noindex/Stats.build/Debug/Kit.build/Objects-normal/arm64/ExtractedAppShortcutsMetadata.stringsdata --source-file-list /Users/hiroshi/Library/Developer/Xcode/DerivedData/Stats-dnsoqnkiehuhdtbbwufjsbayuioq/Build/Intermediates.noindex/Stats.build/Debug/Kit.build/Objects-normal/arm64/Kit.SwiftFileList --metadata-file-list /Users/hiroshi/Library/Developer/Xcode/DerivedData/Stats-dnsoqnkiehuhdtbbwufjsbayuioq/Build/Intermediates.noindex/Stats.build/Debug/Kit.build/Kit.DependencyMetadataFileList --static-metadata-file-list /Users/hiroshi/Library/Developer/Xcode/DerivedData/Stats-dnsoqnkiehuhdtbbwufjsbayuioq/Build/Intermediates.noindex/Stats.build/Debug/Kit.build/Kit.DependencyStaticMetadataFileList --swift-const-vals-list /Users/hiroshi/Library/Developer/Xcode/DerivedData/Stats-dnsoqnkiehuhdtbbwufjsbayuioq/Build/Intermediates.noindex/Stats.build/Debug/Kit.build/Objects-normal/arm64/Kit.SwiftConstValuesFileList --compile-time-extraction --deployment-aware-processing --validate-assistant-intents --no-app-shortcuts-localization
2026-05-08 08:21:50.945 appintentsmetadataprocessor[132:48446652] Starting appintentsmetadataprocessor export
2026-05-08 08:21:50.947 appintentsmetadataprocessor[132:48446652] warning: Metadata extraction skipped. No AppIntents.framework dependency found.

CodeSign /Users/hiroshi/Library/Developer/Xcode/DerivedData/Stats-dnsoqnkiehuhdtbbwufjsbayuioq/Build/Products/Debug/Kit.framework/Versions/A (in target 'Kit' from project 'Stats')
    cd /Users/hiroshi/Desktop/MyStats
    
    Signing Identity:     "Sign to Run Locally"
    
    /usr/bin/codesign --force --sign - --timestamp\=none --generate-entitlement-der /Users/hiroshi/Library/Developer/Xcode/DerivedData/Stats-dnsoqnkiehuhdtbbwufjsbayuioq/Build/Products/Debug/Kit.framework/Versions/A
/Users/hiroshi/Library/Developer/Xcode/DerivedData/Stats-dnsoqnkiehuhdtbbwufjsbayuioq/Build/Products/Debug/Kit.framework/Versions/A: replacing existing signature

VerifyModule /Users/hiroshi/Library/Developer/Xcode/DerivedData/Stats-dnsoqnkiehuhdtbbwufjsbayuioq/Build/Products/Debug/Kit.framework (in target 'Kit' from project 'Stats')
    cd /Users/hiroshi/Desktop/MyStats
    /Applications/Xcode.app/Contents/Developer/Toolchains/XcodeDefault.xctoolchain/usr/bin/modules-verifier /Users/hiroshi/Library/Developer/Xcode/DerivedData/Stats-dnsoqnkiehuhdtbbwufjsbayuioq/Build/Products/Debug/Kit.framework --clang /Applications/Xcode.app/Contents/Developer/Toolchains/XcodeDefault.xctoolchain/usr/bin/clang --diagnostic-filename-map /Users/hiroshi/Library/Developer/Xcode/DerivedData/Stats-dnsoqnkiehuhdtbbwufjsbayuioq/Build/Intermediates.noindex/Stats.build/Debug/Kit.build/Kit-diagnostic-filename-map.json --sdk /Applications/Xcode.app/Contents/Developer/Platforms/MacOSX.platform/Developer/SDKs/MacOSX26.4.sdk --intermediates-directory /Users/hiroshi/Library/Developer/Xcode/DerivedData/Stats-dnsoqnkiehuhdtbbwufjsbayuioq/Build/Intermediates.noindex/Stats.build/Debug/Kit.build/VerifyModule --target arm64-apple-macos14.0 --language objective-c --standard gnu11 --standard gnu++14

ProcessInfoPlistFile /Users/hiroshi/Library/Developer/Xcode/DerivedData/Stats-dnsoqnkiehuhdtbbwufjsbayuioq/Build/Products/Debug/Sensors.framework/Versions/A/Resources/Info.plist /Users/hiroshi/Desktop/MyStats/Modules/Sensors/Info.plist (in target 'Sensors' from project 'Stats')
    cd /Users/hiroshi/Desktop/MyStats
    builtin-infoPlistUtility /Users/hiroshi/Desktop/MyStats/Modules/Sensors/Info.plist -producttype com.apple.product-type.framework -expandbuildsettings -platform macosx -o /Users/hiroshi/Library/Developer/Xcode/DerivedData/Stats-dnsoqnkiehuhdtbbwufjsbayuioq/Build/Products/Debug/Sensors.framework/Versions/A/Resources/Info.plist

ProcessInfoPlistFile /Users/hiroshi/Library/Developer/Xcode/DerivedData/Stats-dnsoqnkiehuhdtbbwufjsbayuioq/Build/Products/Debug/GPU.framework/Versions/A/Resources/Info.plist /Users/hiroshi/Desktop/MyStats/Modules/GPU/Info.plist (in target 'GPU' from project 'Stats')
    cd /Users/hiroshi/Desktop/MyStats
    builtin-infoPlistUtility /Users/hiroshi/Desktop/MyStats/Modules/GPU/Info.plist -producttype com.apple.product-type.framework -expandbuildsettings -platform macosx -o /Users/hiroshi/Library/Developer/Xcode/DerivedData/Stats-dnsoqnkiehuhdtbbwufjsbayuioq/Build/Products/Debug/GPU.framework/Versions/A/Resources/Info.plist

ProcessInfoPlistFile /Users/hiroshi/Library/Developer/Xcode/DerivedData/Stats-dnsoqnkiehuhdtbbwufjsbayuioq/Build/Products/Debug/RAM.framework/Versions/A/Resources/Info.plist /Users/hiroshi/Desktop/MyStats/Modules/RAM/Info.plist (in target 'RAM' from project 'Stats')
    cd /Users/hiroshi/Desktop/MyStats
    builtin-infoPlistUtility /Users/hiroshi/Desktop/MyStats/Modules/RAM/Info.plist -producttype com.apple.product-type.framework -expandbuildsettings -platform macosx -o /Users/hiroshi/Library/Developer/Xcode/DerivedData/Stats-dnsoqnkiehuhdtbbwufjsbayuioq/Build/Products/Debug/RAM.framework/Versions/A/Resources/Info.plist

ProcessInfoPlistFile /Users/hiroshi/Library/Developer/Xcode/DerivedData/Stats-dnsoqnkiehuhdtbbwufjsbayuioq/Build/Products/Debug/Net.framework/Versions/A/Resources/Info.plist /Users/hiroshi/Desktop/MyStats/Modules/Net/Info.plist (in target 'Net' from project 'Stats')
    cd /Users/hiroshi/Desktop/MyStats
    builtin-infoPlistUtility /Users/hiroshi/Desktop/MyStats/Modules/Net/Info.plist -producttype com.apple.product-type.framework -expandbuildsettings -platform macosx -o /Users/hiroshi/Library/Developer/Xcode/DerivedData/Stats-dnsoqnkiehuhdtbbwufjsbayuioq/Build/Products/Debug/Net.framework/Versions/A/Resources/Info.plist

ProcessInfoPlistFile /Users/hiroshi/Library/Developer/Xcode/DerivedData/Stats-dnsoqnkiehuhdtbbwufjsbayuioq/Build/Products/Debug/Disk.framework/Versions/A/Resources/Info.plist /Users/hiroshi/Desktop/MyStats/Modules/Disk/Info.plist (in target 'Disk' from project 'Stats')
    cd /Users/hiroshi/Desktop/MyStats
    builtin-infoPlistUtility /Users/hiroshi/Desktop/MyStats/Modules/Disk/Info.plist -producttype com.apple.product-type.framework -expandbuildsettings -platform macosx -o /Users/hiroshi/Library/Developer/Xcode/DerivedData/Stats-dnsoqnkiehuhdtbbwufjsbayuioq/Build/Products/Debug/Disk.framework/Versions/A/Resources/Info.plist

ProcessInfoPlistFile /Users/hiroshi/Library/Developer/Xcode/DerivedData/Stats-dnsoqnkiehuhdtbbwufjsbayuioq/Build/Products/Debug/Battery.framework/Versions/A/Resources/Info.plist /Users/hiroshi/Desktop/MyStats/Modules/Battery/Info.plist (in target 'Battery' from project 'Stats')
    cd /Users/hiroshi/Desktop/MyStats
    builtin-infoPlistUtility /Users/hiroshi/Desktop/MyStats/Modules/Battery/Info.plist -producttype com.apple.product-type.framework -expandbuildsettings -platform macosx -o /Users/hiroshi/Library/Developer/Xcode/DerivedData/Stats-dnsoqnkiehuhdtbbwufjsbayuioq/Build/Products/Debug/Battery.framework/Versions/A/Resources/Info.plist

ProcessInfoPlistFile /Users/hiroshi/Library/Developer/Xcode/DerivedData/Stats-dnsoqnkiehuhdtbbwufjsbayuioq/Build/Products/Debug/CPU.framework/Versions/A/Resources/Info.plist /Users/hiroshi/Desktop/MyStats/Modules/CPU/Info.plist (in target 'CPU' from project 'Stats')
    cd /Users/hiroshi/Desktop/MyStats
    builtin-infoPlistUtility /Users/hiroshi/Desktop/MyStats/Modules/CPU/Info.plist -producttype com.apple.product-type.framework -expandbuildsettings -platform macosx -o /Users/hiroshi/Library/Developer/Xcode/DerivedData/Stats-dnsoqnkiehuhdtbbwufjsbayuioq/Build/Products/Debug/CPU.framework/Versions/A/Resources/Info.plist

ProcessInfoPlistFile /Users/hiroshi/Library/Developer/Xcode/DerivedData/Stats-dnsoqnkiehuhdtbbwufjsbayuioq/Build/Products/Debug/Clock.framework/Versions/A/Resources/Info.plist /Users/hiroshi/Library/Developer/Xcode/DerivedData/Stats-dnsoqnkiehuhdtbbwufjsbayuioq/Build/Intermediates.noindex/Stats.build/Debug/Clock.build/empty-Clock.plist (in target 'Clock' from project 'Stats')
    cd /Users/hiroshi/Desktop/MyStats
    builtin-infoPlistUtility /Users/hiroshi/Library/Developer/Xcode/DerivedData/Stats-dnsoqnkiehuhdtbbwufjsbayuioq/Build/Intermediates.noindex/Stats.build/Debug/Clock.build/empty-Clock.plist -producttype com.apple.product-type.framework -expandbuildsettings -platform macosx -o /Users/hiroshi/Library/Developer/Xcode/DerivedData/Stats-dnsoqnkiehuhdtbbwufjsbayuioq/Build/Products/Debug/Clock.framework/Versions/A/Resources/Info.plist

ProcessInfoPlistFile /Users/hiroshi/Library/Developer/Xcode/DerivedData/Stats-dnsoqnkiehuhdtbbwufjsbayuioq/Build/Products/Debug/Bluetooth.framework/Versions/A/Resources/Info.plist /Users/hiroshi/Desktop/MyStats/Modules/Bluetooth/Info.plist (in target 'Bluetooth' from project 'Stats')
    cd /Users/hiroshi/Desktop/MyStats
    builtin-infoPlistUtility /Users/hiroshi/Desktop/MyStats/Modules/Bluetooth/Info.plist -producttype com.apple.product-type.framework -expandbuildsettings -platform macosx -o /Users/hiroshi/Library/Developer/Xcode/DerivedData/Stats-dnsoqnkiehuhdtbbwufjsbayuioq/Build/Products/Debug/Bluetooth.framework/Versions/A/Resources/Info.plist

VerifyModule /Users/hiroshi/Library/Developer/Xcode/DerivedData/Stats-dnsoqnkiehuhdtbbwufjsbayuioq/Build/Products/Debug/GPU.framework (in target 'GPU' from project 'Stats')
    cd /Users/hiroshi/Desktop/MyStats
    /Applications/Xcode.app/Contents/Developer/Toolchains/XcodeDefault.xctoolchain/usr/bin/modules-verifier /Users/hiroshi/Library/Developer/Xcode/DerivedData/Stats-dnsoqnkiehuhdtbbwufjsbayuioq/Build/Products/Debug/GPU.framework --clang /Applications/Xcode.app/Contents/Developer/Toolchains/XcodeDefault.xctoolchain/usr/bin/clang --diagnostic-filename-map /Users/hiroshi/Library/Developer/Xcode/DerivedData/Stats-dnsoqnkiehuhdtbbwufjsbayuioq/Build/Intermediates.noindex/Stats.build/Debug/GPU.build/GPU-diagnostic-filename-map.json --sdk /Applications/Xcode.app/Contents/Developer/Platforms/MacOSX.platform/Developer/SDKs/MacOSX26.4.sdk --intermediates-directory /Users/hiroshi/Library/Developer/Xcode/DerivedData/Stats-dnsoqnkiehuhdtbbwufjsbayuioq/Build/Intermediates.noindex/Stats.build/Debug/GPU.build/VerifyModule --target arm64-apple-macos14.0 --language objective-c --standard gnu11 --standard gnu++14

VerifyModule /Users/hiroshi/Library/Developer/Xcode/DerivedData/Stats-dnsoqnkiehuhdtbbwufjsbayuioq/Build/Products/Debug/Disk.framework (in target 'Disk' from project 'Stats')
    cd /Users/hiroshi/Desktop/MyStats
    /Applications/Xcode.app/Contents/Developer/Toolchains/XcodeDefault.xctoolchain/usr/bin/modules-verifier /Users/hiroshi/Library/Developer/Xcode/DerivedData/Stats-dnsoqnkiehuhdtbbwufjsbayuioq/Build/Products/Debug/Disk.framework --clang /Applications/Xcode.app/Contents/Developer/Toolchains/XcodeDefault.xctoolchain/usr/bin/clang --diagnostic-filename-map /Users/hiroshi/Library/Developer/Xcode/DerivedData/Stats-dnsoqnkiehuhdtbbwufjsbayuioq/Build/Intermediates.noindex/Stats.build/Debug/Disk.build/Disk-diagnostic-filename-map.json --sdk /Applications/Xcode.app/Contents/Developer/Platforms/MacOSX.platform/Developer/SDKs/MacOSX26.4.sdk --intermediates-directory /Users/hiroshi/Library/Developer/Xcode/DerivedData/Stats-dnsoqnkiehuhdtbbwufjsbayuioq/Build/Intermediates.noindex/Stats.build/Debug/Disk.build/VerifyModule --target arm64-apple-macos14.0 --language objective-c --standard gnu11 --standard gnu++14

VerifyModule /Users/hiroshi/Library/Developer/Xcode/DerivedData/Stats-dnsoqnkiehuhdtbbwufjsbayuioq/Build/Products/Debug/Net.framework (in target 'Net' from project 'Stats')
    cd /Users/hiroshi/Desktop/MyStats
    /Applications/Xcode.app/Contents/Developer/Toolchains/XcodeDefault.xctoolchain/usr/bin/modules-verifier /Users/hiroshi/Library/Developer/Xcode/DerivedData/Stats-dnsoqnkiehuhdtbbwufjsbayuioq/Build/Products/Debug/Net.framework --clang /Applications/Xcode.app/Contents/Developer/Toolchains/XcodeDefault.xctoolchain/usr/bin/clang --diagnostic-filename-map /Users/hiroshi/Library/Developer/Xcode/DerivedData/Stats-dnsoqnkiehuhdtbbwufjsbayuioq/Build/Intermediates.noindex/Stats.build/Debug/Net.build/Net-diagnostic-filename-map.json --sdk /Applications/Xcode.app/Contents/Developer/Platforms/MacOSX.platform/Developer/SDKs/MacOSX26.4.sdk --intermediates-directory /Users/hiroshi/Library/Developer/Xcode/DerivedData/Stats-dnsoqnkiehuhdtbbwufjsbayuioq/Build/Intermediates.noindex/Stats.build/Debug/Net.build/VerifyModule --target arm64-apple-macos14.0 --language objective-c --standard gnu11 --standard gnu++14

note: Disabling hardened runtime with ad-hoc codesigning. (in target 'WidgetsExtension' from project 'Stats')
ProcessInfoPlistFile /Users/hiroshi/Library/Developer/Xcode/DerivedData/Stats-dnsoqnkiehuhdtbbwufjsbayuioq/Build/Products/Debug/WidgetsExtension.appex/Contents/Info.plist /Users/hiroshi/Desktop/MyStats/Widgets/Supporting\ Files/Info.plist (in target 'WidgetsExtension' from project 'Stats')
    cd /Users/hiroshi/Desktop/MyStats
    builtin-infoPlistUtility /Users/hiroshi/Desktop/MyStats/Widgets/Supporting\ Files/Info.plist -producttype com.apple.product-type.app-extension -expandbuildsettings -platform macosx -additionalcontentfile /Users/hiroshi/Library/Developer/Xcode/DerivedData/Stats-dnsoqnkiehuhdtbbwufjsbayuioq/Build/Intermediates.noindex/Stats.build/Debug/WidgetsExtension.build/assetcatalog_generated_info.plist -o /Users/hiroshi/Library/Developer/Xcode/DerivedData/Stats-dnsoqnkiehuhdtbbwufjsbayuioq/Build/Products/Debug/WidgetsExtension.appex/Contents/Info.plist

VerifyModule /Users/hiroshi/Library/Developer/Xcode/DerivedData/Stats-dnsoqnkiehuhdtbbwufjsbayuioq/Build/Products/Debug/Sensors.framework (in target 'Sensors' from project 'Stats')
    cd /Users/hiroshi/Desktop/MyStats
    /Applications/Xcode.app/Contents/Developer/Toolchains/XcodeDefault.xctoolchain/usr/bin/modules-verifier /Users/hiroshi/Library/Developer/Xcode/DerivedData/Stats-dnsoqnkiehuhdtbbwufjsbayuioq/Build/Products/Debug/Sensors.framework --clang /Applications/Xcode.app/Contents/Developer/Toolchains/XcodeDefault.xctoolchain/usr/bin/clang --diagnostic-filename-map /Users/hiroshi/Library/Developer/Xcode/DerivedData/Stats-dnsoqnkiehuhdtbbwufjsbayuioq/Build/Intermediates.noindex/Stats.build/Debug/Sensors.build/Sensors-diagnostic-filename-map.json --sdk /Applications/Xcode.app/Contents/Developer/Platforms/MacOSX.platform/Developer/SDKs/MacOSX26.4.sdk --intermediates-directory /Users/hiroshi/Library/Developer/Xcode/DerivedData/Stats-dnsoqnkiehuhdtbbwufjsbayuioq/Build/Intermediates.noindex/Stats.build/Debug/Sensors.build/VerifyModule --target arm64-apple-macos14.0 --language objective-c --standard gnu11 --standard gnu++14

VerifyModule /Users/hiroshi/Library/Developer/Xcode/DerivedData/Stats-dnsoqnkiehuhdtbbwufjsbayuioq/Build/Products/Debug/Bluetooth.framework (in target 'Bluetooth' from project 'Stats')
    cd /Users/hiroshi/Desktop/MyStats
    /Applications/Xcode.app/Contents/Developer/Toolchains/XcodeDefault.xctoolchain/usr/bin/modules-verifier /Users/hiroshi/Library/Developer/Xcode/DerivedData/Stats-dnsoqnkiehuhdtbbwufjsbayuioq/Build/Products/Debug/Bluetooth.framework --clang /Applications/Xcode.app/Contents/Developer/Toolchains/XcodeDefault.xctoolchain/usr/bin/clang --diagnostic-filename-map /Users/hiroshi/Library/Developer/Xcode/DerivedData/Stats-dnsoqnkiehuhdtbbwufjsbayuioq/Build/Intermediates.noindex/Stats.build/Debug/Bluetooth.build/Bluetooth-diagnostic-filename-map.json --sdk /Applications/Xcode.app/Contents/Developer/Platforms/MacOSX.platform/Developer/SDKs/MacOSX26.4.sdk --intermediates-directory /Users/hiroshi/Library/Developer/Xcode/DerivedData/Stats-dnsoqnkiehuhdtbbwufjsbayuioq/Build/Intermediates.noindex/Stats.build/Debug/Bluetooth.build/VerifyModule --target arm64-apple-macos14.0 --language objective-c --standard gnu11 --standard gnu++14

note: Disabling hardened runtime with ad-hoc codesigning. (in target 'Stats' from project 'Stats')
note: Run script build phase 'Run Script' will be run during every build because the option to run the script phase "Based on dependency analysis" is unchecked. (in target 'Stats' from project 'Stats')
note: Run script build phase 'Set widgets extension version' will be run during every build because the option to run the script phase "Based on dependency analysis" is unchecked. (in target 'Stats' from project 'Stats')
PhaseScriptExecution Set\ widgets\ extension\ version /Users/hiroshi/Library/Developer/Xcode/DerivedData/Stats-dnsoqnkiehuhdtbbwufjsbayuioq/Build/Intermediates.noindex/Stats.build/Debug/Stats.build/Script-5CC0857F2C419E4B00910F90.sh (in target 'Stats' from project 'Stats')
    cd /Users/hiroshi/Desktop/MyStats
    export ACTION\=build
    export AD_HOC_CODE_SIGNING_ALLOWED\=YES
    export AGGREGATE_TRACKED_DOMAINS\=YES
    export ALLOW_BUILD_REQUEST_OVERRIDES\=NO
    export ALLOW_TARGET_PLATFORM_SPECIALIZATION\=NO
    export ALTERNATE_GROUP\=staff
    export ALTERNATE_MODE\=u+w,go-w,a+rX
    export ALTERNATE_OWNER\=hiroshi
    export ALTERNATIVE_DISTRIBUTION_WEB\=NO
    export ALWAYS_EMBED_SWIFT_STANDARD_LIBRARIES\=NO
    export ALWAYS_SEARCH_USER_PATHS\=NO
    export ALWAYS_USE_SEPARATE_HEADERMAPS\=NO
    export APPLICATION_EXTENSION_API_ONLY\=NO
    export APPLY_RULES_IN_COPY_FILES\=NO
    export APPLY_RULES_IN_COPY_HEADERS\=NO
    export APP_SHORTCUTS_ENABLE_FLEXIBLE_MATCHING\=YES
    export ARCHS\=arm64
    export ARCHS_BASE\=arm64
    export ARCHS_STANDARD\=arm64\ x86_64
    export ARCHS_STANDARD_32_64_BIT\=arm64\ x86_64\ i386
    export ARCHS_STANDARD_32_BIT\=i386
    export ARCHS_STANDARD_64_BIT\=arm64\ x86_64
    export ARCHS_STANDARD_INCLUDING_64_BIT\=arm64\ x86_64
    export ASSETCATALOG_COMPILER_APPICON_NAME\=AppIcon
    export ASSETCATALOG_COMPILER_GENERATE_SWIFT_ASSET_SYMBOL_EXTENSIONS\=YES
    export AUTOMATICALLY_MERGE_DEPENDENCIES\=NO
    export AUTOMATION_APPLE_EVENTS\=NO
    export AVAILABLE_PLATFORMS\=android\ appletvos\ appletvsimulator\ driverkit\ freebsd\ iphoneos\ iphonesimulator\ linux\ macosx\ none\ openbsd\ qnx\ watchos\ watchsimulator\ webassembly\ xros\ xrsimulator
    export AppIdentifierPrefix\=76Q8Z9XK4F.
    export BUILD_ACTIVE_RESOURCES_ONLY\=NO
    export BUILD_COMPONENTS\=headers\ build
    export BUILD_DIR\=/Users/hiroshi/Library/Developer/Xcode/DerivedData/Stats-dnsoqnkiehuhdtbbwufjsbayuioq/Build/Products
    export BUILD_LIBRARY_FOR_DISTRIBUTION\=NO
    export BUILD_ONLY_KNOWN_LOCALIZATIONS\=NO
    export BUILD_ROOT\=/Users/hiroshi/Library/Developer/Xcode/DerivedData/Stats-dnsoqnkiehuhdtbbwufjsbayuioq/Build/Products
    export BUILD_STYLE\=
    export BUILD_VARIANTS\=normal
    export BUILT_PRODUCTS_DIR\=/Users/hiroshi/Library/Developer/Xcode/DerivedData/Stats-dnsoqnkiehuhdtbbwufjsbayuioq/Build/Products/Debug
    export BUNDLE_CONTENTS_FOLDER_PATH\=Contents/
    export BUNDLE_CONTENTS_FOLDER_PATH_deep\=Contents/
    export BUNDLE_EXECUTABLE_FOLDER_NAME_deep\=MacOS
    export BUNDLE_EXECUTABLE_FOLDER_PATH\=Contents/MacOS
    export BUNDLE_EXTENSIONS_FOLDER_PATH\=Contents/Extensions
    export BUNDLE_FORMAT\=deep
    export BUNDLE_FRAMEWORKS_FOLDER_PATH\=Contents/Frameworks
    export BUNDLE_PLUGINS_FOLDER_PATH\=Contents/PlugIns
    export BUNDLE_PRIVATE_HEADERS_FOLDER_PATH\=Contents/PrivateHeaders
    export BUNDLE_PUBLIC_HEADERS_FOLDER_PATH\=Contents/Headers
    export CACHE_ROOT\=/var/folders/pr/0078v3w16cb07g1df4dmtr340000gn/C/com.apple.DeveloperTools/26.4.1-17E202/Xcode
    export CCHROOT\=/var/folders/pr/0078v3w16cb07g1df4dmtr340000gn/C/com.apple.DeveloperTools/26.4.1-17E202/Xcode
    export CHMOD\=/bin/chmod
    export CHOWN\=chown
    export CLANG_ALLOW_NON_MODULAR_INCLUDES_IN_FRAMEWORK_MODULES\=NO
    export CLANG_ANALYZER_LOCALIZABILITY_NONLOCALIZED\=YES
    export CLANG_ANALYZER_NONNULL\=YES
    export CLANG_ANALYZER_NUMBER_OBJECT_CONVERSION\=YES_AGGRESSIVE
    export CLANG_CACHE_FINE_GRAINED_OUTPUTS\=YES
    export CLANG_CXX_LANGUAGE_STANDARD\=gnu++14
    export CLANG_CXX_LIBRARY\=libc++
    export CLANG_ENABLE_EXPLICIT_MODULES\=YES
    export CLANG_ENABLE_MODULES\=YES
    export CLANG_ENABLE_OBJC_ARC\=YES
    export CLANG_ENABLE_OBJC_WEAK\=YES
    export CLANG_MODULES_BUILD_SESSION_FILE\=/Users/hiroshi/Library/Developer/Xcode/DerivedData/ModuleCache.noindex/Session.modulevalidation
    export CLANG_WARN_BLOCK_CAPTURE_AUTORELEASING\=YES
    export CLANG_WARN_BOOL_CONVERSION\=YES
    export CLANG_WARN_COMMA\=YES
    export CLANG_WARN_CONSTANT_CONVERSION\=YES
    export CLANG_WARN_DEPRECATED_OBJC_IMPLEMENTATIONS\=YES
    export CLANG_WARN_DIRECT_OBJC_ISA_USAGE\=YES_ERROR
    export CLANG_WARN_DOCUMENTATION_COMMENTS\=YES
    export CLANG_WARN_EMPTY_BODY\=YES
    export CLANG_WARN_ENUM_CONVERSION\=YES
    export CLANG_WARN_INFINITE_RECURSION\=YES
    export CLANG_WARN_INT_CONVERSION\=YES
    export CLANG_WARN_NON_LITERAL_NULL_CONVERSION\=YES
    export CLANG_WARN_OBJC_IMPLICIT_RETAIN_SELF\=YES
    export CLANG_WARN_OBJC_LITERAL_CONVERSION\=YES
    export CLANG_WARN_OBJC_ROOT_CLASS\=YES_ERROR
    export CLANG_WARN_QUOTED_INCLUDE_IN_FRAMEWORK_HEADER\=YES
    export CLANG_WARN_RANGE_LOOP_ANALYSIS\=YES
    export CLANG_WARN_STRICT_PROTOTYPES\=YES
    export CLANG_WARN_SUSPICIOUS_MOVE\=YES
    export CLANG_WARN_UNGUARDED_AVAILABILITY\=YES_AGGRESSIVE
    export CLANG_WARN_UNREACHABLE_CODE\=YES
    export CLANG_WARN__DUPLICATE_METHOD_MATCH\=YES
    export CLASS_FILE_DIR\=/Users/hiroshi/Library/Developer/Xcode/DerivedData/Stats-dnsoqnkiehuhdtbbwufjsbayuioq/Build/Intermediates.noindex/Stats.build/Debug/Stats.build/JavaClasses
    export CLEAN_PRECOMPS\=YES
    export CLONE_HEADERS\=NO
    export CODESIGNING_FOLDER_PATH\=/Users/hiroshi/Library/Developer/Xcode/DerivedData/Stats-dnsoqnkiehuhdtbbwufjsbayuioq/Build/Products/Debug/Stats.app
    export CODE_SIGNING_ALLOWED\=YES
    export CODE_SIGNING_REQUIRED\=YES
    export CODE_SIGN_ENTITLEMENTS\=Stats/Supporting\ Files/Stats.entitlements
    export CODE_SIGN_IDENTITY\=-
    export CODE_SIGN_IDENTITY_NO\=Apple\ Development
    export CODE_SIGN_IDENTITY_YES\=-
    export CODE_SIGN_INJECT_BASE_ENTITLEMENTS\=YES
    export CODE_SIGN_STYLE\=Automatic
    export COLOR_DIAGNOSTICS\=NO
    export COMBINE_HIDPI_IMAGES\=YES
    export COMPILATION_CACHE_CAS_PATH\=/Users/hiroshi/Library/Developer/Xcode/DerivedData/CompilationCache.noindex
    export COMPILATION_CACHE_KEEP_CAS_DIRECTORY\=YES
    export COMPILER_INDEX_STORE_ENABLE\=Default
    export COMPOSITE_SDK_DIRS\=/Users/hiroshi/Library/Developer/Xcode/DerivedData/Stats-dnsoqnkiehuhdtbbwufjsbayuioq/Build/Intermediates.noindex/CompositeSDKs
    export COMPRESS_PNG_FILES\=NO
    export CONFIGURATION\=Debug
    export CONFIGURATION_BUILD_DIR\=/Users/hiroshi/Library/Developer/Xcode/DerivedData/Stats-dnsoqnkiehuhdtbbwufjsbayuioq/Build/Products/Debug
    export CONFIGURATION_TEMP_DIR\=/Users/hiroshi/Library/Developer/Xcode/DerivedData/Stats-dnsoqnkiehuhdtbbwufjsbayuioq/Build/Intermediates.noindex/Stats.build/Debug
    export CONTENTS_FOLDER_PATH\=Stats.app/Contents
    export CONTENTS_FOLDER_PATH_SHALLOW_BUNDLE_NO\=Stats.app/Contents
    export CONTENTS_FOLDER_PATH_SHALLOW_BUNDLE_YES\=Stats.app
    export COPYING_PRESERVES_HFS_DATA\=NO
    export COPY_HEADERS_RUN_UNIFDEF\=NO
    export COPY_PHASE_STRIP\=NO
    export CP\=/bin/cp
    export CREATE_INFOPLIST_SECTION_IN_BINARY\=NO
    export CURRENT_ARCH\=undefined_arch
    export CURRENT_VARIANT\=normal
    export DEAD_CODE_STRIPPING\=YES
    export DEBUGGING_SYMBOLS\=YES
    export DEBUG_INFORMATION_FORMAT\=dwarf
    export DEBUG_INFORMATION_VERSION\=compiler-default
    export DEFAULT_COMPILER\=com.apple.compilers.llvm.clang.1_0
    export DEFAULT_DEXT_INSTALL_PATH\=/System/Library/DriverExtensions
    export DEFAULT_KEXT_INSTALL_PATH\=/System/Library/Extensions
    export DEFINES_MODULE\=NO
    export DEPLOYMENT_LOCATION\=NO
    export DEPLOYMENT_POSTPROCESSING\=NO
    export DEPLOYMENT_TARGET_SETTING_NAME\=MACOSX_DEPLOYMENT_TARGET
    export DEPLOYMENT_TARGET_SUGGESTED_VALUES\=10.13\ 10.14\ 10.15\ 11.0\ 11.1\ 11.2\ 11.3\ 11.4\ 11.5\ 12.0\ 12.2\ 12.3\ 12.4\ 13.0\ 13.1\ 13.2\ 13.3\ 13.4\ 13.5\ 14.0\ 14.1\ 14.2\ 14.3\ 14.4\ 14.5\ 14.6\ 15.0\ 15.1\ 15.2\ 15.3\ 15.4\ 15.5\ 15.6\ 26.0\ 26.1\ 26.2\ 26.3\ 26.4
    export DERIVED_FILES_DIR\=/Users/hiroshi/Library/Developer/Xcode/DerivedData/Stats-dnsoqnkiehuhdtbbwufjsbayuioq/Build/Intermediates.noindex/Stats.build/Debug/Stats.build/DerivedSources
    export DERIVED_FILE_DIR\=/Users/hiroshi/Library/Developer/Xcode/DerivedData/Stats-dnsoqnkiehuhdtbbwufjsbayuioq/Build/Intermediates.noindex/Stats.build/Debug/Stats.build/DerivedSources
    export DERIVED_SOURCES_DIR\=/Users/hiroshi/Library/Developer/Xcode/DerivedData/Stats-dnsoqnkiehuhdtbbwufjsbayuioq/Build/Intermediates.noindex/Stats.build/Debug/Stats.build/DerivedSources
    export DEVELOPER_APPLICATIONS_DIR\=/Applications/Xcode.app/Contents/Developer/Applications
    export DEVELOPER_BIN_DIR\=/Applications/Xcode.app/Contents/Developer/usr/bin
    export DEVELOPER_DIR\=/Applications/Xcode.app/Contents/Developer
    export DEVELOPER_FRAMEWORKS_DIR\=/Applications/Xcode.app/Contents/Developer/Library/Frameworks
    export DEVELOPER_FRAMEWORKS_DIR_QUOTED\=/Applications/Xcode.app/Contents/Developer/Library/Frameworks
    export DEVELOPER_LIBRARY_DIR\=/Applications/Xcode.app/Contents/Developer/Library
    export DEVELOPER_SDK_DIR\=/Applications/Xcode.app/Contents/Developer/Platforms/MacOSX.platform/Developer/SDKs
    export DEVELOPER_TOOLS_DIR\=/Applications/Xcode.app/Contents/Developer/Tools
    export DEVELOPER_USR_DIR\=/Applications/Xcode.app/Contents/Developer/usr
    export DEVELOPMENT_LANGUAGE\=en
    export DEVELOPMENT_TEAM\=76Q8Z9XK4F
    export DIAGNOSE_MISSING_TARGET_DEPENDENCIES\=YES
    export DIFF\=/usr/bin/diff
    export DOCUMENTATION_FOLDER_PATH\=Stats.app/Contents/Resources/en.lproj/Documentation
    export DONT_GENERATE_INFOPLIST_FILE\=NO
    export DSTROOT\=/tmp/Stats.dst
    export DT_TOOLCHAIN_DIR\=/Applications/Xcode.app/Contents/Developer/Toolchains/XcodeDefault.xctoolchain
    export DUMP_DEPENDENCIES\=NO
    export DUMP_DEPENDENCIES_OUTPUT_PATH\=/Users/hiroshi/Library/Developer/Xcode/DerivedData/Stats-dnsoqnkiehuhdtbbwufjsbayuioq/Build/Intermediates.noindex/Stats.build/Debug/Stats.build/Stats-BuildDependencyInfo.json
    export DWARF_DSYM_FILE_NAME\=Stats.app.dSYM
    export DWARF_DSYM_FILE_SHOULD_ACCOMPANY_PRODUCT\=NO
    export DWARF_DSYM_FOLDER_PATH\=/Users/hiroshi/Library/Developer/Xcode/DerivedData/Stats-dnsoqnkiehuhdtbbwufjsbayuioq/Build/Products/Debug
    export DYNAMIC_LIBRARY_EXTENSION\=dylib
    export EAGER_COMPILATION_ALLOW_SCRIPTS\=NO
    export EAGER_LINKING\=NO
    export EFFECTIVE_SWIFT_VERSION\=5
    export EMBEDDED_CONTENT_CONTAINS_SWIFT\=NO
    export EMBEDDED_PROFILE_NAME\=embedded.provisionprofile
    export EMBED_ASSET_PACKS_IN_PRODUCT_BUNDLE\=NO
    export ENABLE_APP_SANDBOX\=NO
    export ENABLE_CODE_COVERAGE\=YES
    export ENABLE_COHORT_ARCHS\=NO
    export ENABLE_CPLUSPLUS_BOUNDS_SAFE_BUFFERS\=NO
    export ENABLE_C_BOUNDS_SAFETY\=NO
    export ENABLE_DEBUG_DYLIB\=YES
    export ENABLE_DEFAULT_HEADER_SEARCH_PATHS\=YES
    export ENABLE_DEFAULT_SEARCH_PATHS\=YES
    export ENABLE_ENHANCED_SECURITY\=NO
    export ENABLE_HARDENED_RUNTIME\=NO
    export ENABLE_HEADER_DEPENDENCIES\=YES
    export ENABLE_INCOMING_NETWORK_CONNECTIONS\=NO
    export ENABLE_ON_DEMAND_RESOURCES\=NO
    export ENABLE_OUTGOING_NETWORK_CONNECTIONS\=NO
    export ENABLE_POINTER_AUTHENTICATION\=NO
    export ENABLE_PREVIEWS\=NO
    export ENABLE_RESOURCE_ACCESS_AUDIO_INPUT\=NO
    export ENABLE_RESOURCE_ACCESS_BLUETOOTH\=NO
    export ENABLE_RESOURCE_ACCESS_CALENDARS\=NO
    export ENABLE_RESOURCE_ACCESS_CAMERA\=NO
    export ENABLE_RESOURCE_ACCESS_CONTACTS\=NO
    export ENABLE_RESOURCE_ACCESS_LOCATION\=NO
    export ENABLE_RESOURCE_ACCESS_PHOTO_LIBRARY\=NO
    export ENABLE_RESOURCE_ACCESS_PRINTING\=NO
    export ENABLE_RESOURCE_ACCESS_USB\=NO
    export ENABLE_SDK_IMPORTS\=NO
    export ENABLE_SECURITY_COMPILER_WARNINGS\=NO
    export ENABLE_STRICT_OBJC_MSGSEND\=YES
    export ENABLE_TESTABILITY\=YES
    export ENABLE_TESTING_SEARCH_PATHS\=NO
    export ENABLE_USER_SCRIPT_SANDBOXING\=NO
    export ENABLE_XOJIT_PREVIEWS\=YES
    export ENFORCE_VALID_ARCHS\=YES
    export ENTITLEMENTS_ALLOWED\=YES
    export ENTITLEMENTS_DESTINATION\=Signature
    export ENTITLEMENTS_REQUIRED\=NO
    export EXCLUDED_INSTALLSRC_SUBDIRECTORY_PATTERNS\=.DS_Store\ .svn\ .git\ .hg\ CVS
    export EXCLUDED_RECURSIVE_SEARCH_PATH_SUBDIRECTORIES\=\*.nib\ \*.lproj\ \*.framework\ \*.gch\ \*.xcode\*\ \*.xcassets\ \*.icon\ \(\*\)\ .DS_Store\ CVS\ .svn\ .git\ .hg\ \*.pbproj\ \*.pbxproj
    export EXECUTABLES_FOLDER_PATH\=Stats.app/Contents/Executables
    export EXECUTABLE_BLANK_INJECTION_DYLIB_PATH\=Stats.app/Contents/MacOS/__preview.dylib
    export EXECUTABLE_DEBUG_DYLIB_INSTALL_NAME\=@rpath/Stats.debug.dylib
    export EXECUTABLE_DEBUG_DYLIB_PATH\=Stats.app/Contents/MacOS/Stats.debug.dylib
    export EXECUTABLE_FOLDER_PATH\=Stats.app/Contents/MacOS
    export EXECUTABLE_FOLDER_PATH_SHALLOW_BUNDLE_NO\=Stats.app/Contents/MacOS
    export EXECUTABLE_FOLDER_PATH_SHALLOW_BUNDLE_YES\=Stats.app/Contents
    export EXECUTABLE_NAME\=Stats
    export EXECUTABLE_PATH\=Stats.app/Contents/MacOS/Stats
    export EXPANDED_CODE_SIGN_IDENTITY\=-
    export EXPANDED_CODE_SIGN_IDENTITY_NAME\=Sign\ to\ Run\ Locally
    export EXTENSIONS_FOLDER_PATH\=Stats.app/Contents/Extensions
    export FILE_LIST\=/Users/hiroshi/Library/Developer/Xcode/DerivedData/Stats-dnsoqnkiehuhdtbbwufjsbayuioq/Build/Intermediates.noindex/Stats.build/Debug/Stats.build/Objects/LinkFileList
    export FIXED_FILES_DIR\=/Users/hiroshi/Library/Developer/Xcode/DerivedData/Stats-dnsoqnkiehuhdtbbwufjsbayuioq/Build/Intermediates.noindex/Stats.build/Debug/Stats.build/FixedFiles
    export FRAMEWORKS_FOLDER_PATH\=Stats.app/Contents/Frameworks
    export FRAMEWORK_FLAG_PREFIX\=-framework
    export FRAMEWORK_SEARCH_PATHS\=/Users/hiroshi/Library/Developer/Xcode/DerivedData/Stats-dnsoqnkiehuhdtbbwufjsbayuioq/Build/Products/Debug\ \ /Users/hiroshi/Desktop/MyStats\ /Library/Frameworks
    export FRAMEWORK_VERSION\=A
    export FULL_PRODUCT_NAME\=Stats.app
    export FUSE_BUILD_PHASES\=YES
    export FUSE_BUILD_SCRIPT_PHASES\=NO
    export GCC3_VERSION\=3.3
    export GCC_C_LANGUAGE_STANDARD\=gnu11
    export GCC_DYNAMIC_NO_PIC\=NO
    export GCC_INLINES_ARE_PRIVATE_EXTERN\=YES
    export GCC_NO_COMMON_BLOCKS\=YES
    export GCC_OPTIMIZATION_LEVEL\=0
    export GCC_PFE_FILE_C_DIALECTS\=c\ objective-c\ c++\ objective-c++
    export GCC_PREPROCESSOR_DEFINITIONS\=DEBUG\=1\ 
    export GCC_SYMBOLS_PRIVATE_EXTERN\=NO
    export GCC_TREAT_WARNINGS_AS_ERRORS\=NO
    export GCC_VERSION\=com.apple.compilers.llvm.clang.1_0
    export GCC_VERSION_IDENTIFIER\=com_apple_compilers_llvm_clang_1_0
    export GCC_WARN_64_TO_32_BIT_CONVERSION\=YES
    export GCC_WARN_ABOUT_RETURN_TYPE\=YES_ERROR
    export GCC_WARN_ID_AS_CONDITION\=YES
    export GCC_WARN_UNDECLARED_SELECTOR\=YES
    export GCC_WARN_UNINITIALIZED_AUTOS\=YES_AGGRESSIVE
    export GCC_WARN_UNUSED_FUNCTION\=YES
    export GCC_WARN_UNUSED_VARIABLE\=YES
    export GENERATED_MODULEMAP_DIR\=/Users/hiroshi/Library/Developer/Xcode/DerivedData/Stats-dnsoqnkiehuhdtbbwufjsbayuioq/Build/Intermediates.noindex/GeneratedModuleMaps
    export GENERATE_INFOPLIST_FILE\=NO
    export GENERATE_INTERMEDIATE_TEXT_BASED_STUBS\=YES
    export GENERATE_PKGINFO_FILE\=YES
    export GENERATE_PRELINK_OBJECT_FILE\=NO
    export GENERATE_PROFILING_CODE\=NO
    export GENERATE_TEXT_BASED_STUBS\=NO
    export GID\=20
    export GROUP\=staff
    export HEADERMAP_INCLUDES_FLAT_ENTRIES_FOR_TARGET_BEING_BUILT\=YES
    export HEADERMAP_INCLUDES_FRAMEWORK_ENTRIES_FOR_ALL_PRODUCT_TYPES\=YES
    export HEADERMAP_INCLUDES_FRAMEWORK_ENTRIES_FOR_TARGETS_NOT_BEING_BUILT\=YES
    export HEADERMAP_INCLUDES_NONPUBLIC_NONPRIVATE_HEADERS\=YES
    export HEADERMAP_INCLUDES_PROJECT_HEADERS\=YES
    export HEADERMAP_USES_FRAMEWORK_PREFIX_ENTRIES\=YES
    export HEADERMAP_USES_VFS\=NO
    export HEADER_SEARCH_PATHS\=/Users/hiroshi/Library/Developer/Xcode/DerivedData/Stats-dnsoqnkiehuhdtbbwufjsbayuioq/Build/Products/Debug/include\ 
    export HOME\=/Users/hiroshi
    export HOST_ARCH\=arm64
    export HOST_PLATFORM\=macosx
    export ICONV\=/usr/bin/iconv
    export IMPLICIT_DEPENDENCY_DOMAIN\=default
    export INDEX_STORE_COMPRESS\=NO
    export INDEX_STORE_ONLY_PROJECT_FILES\=NO
    export INFOPLIST_ENABLE_CFBUNDLEICONS_MERGE\=YES
    export INFOPLIST_EXPAND_BUILD_SETTINGS\=YES
    export INFOPLIST_FILE\=/Users/hiroshi/Desktop/MyStats/Stats/Supporting\ Files/Info.plist
    export INFOPLIST_KEY_CFBundleDisplayName\=Stats
    export INFOPLIST_KEY_LSApplicationCategoryType\=public.app-category.utilities
    export INFOPLIST_OUTPUT_FORMAT\=same-as-input
    export INFOPLIST_PATH\=Stats.app/Contents/Info.plist
    export INFOPLIST_PREPROCESS\=NO
    export INFOSTRINGS_PATH\=Stats.app/Contents/Resources/en.lproj/InfoPlist.strings
    export INLINE_PRIVATE_FRAMEWORKS\=NO
    export INSTALLAPI_IGNORE_SKIP_INSTALL\=YES
    export INSTALLHDRS_COPY_PHASE\=NO
    export INSTALLHDRS_SCRIPT_PHASE\=NO
    export INSTALL_DIR\=/tmp/Stats.dst/Applications
    export INSTALL_GROUP\=staff
    export INSTALL_MODE_FLAG\=u+w,go-w,a+rX
    export INSTALL_OWNER\=hiroshi
    export INSTALL_PATH\=/Applications
    export INSTALL_ROOT\=/tmp/Stats.dst
    export IOS_UNZIPPERED_TWIN_PREFIX_PATH\=/System/iOSSupport
    export IS_MACCATALYST\=NO
    export IS_UNOPTIMIZED_BUILD\=YES
    export JAVAC_DEFAULT_FLAGS\=-J-Xms64m\ -J-XX:NewSize\=4M\ -J-Dfile.encoding\=UTF8
    export JAVA_APP_STUB\=/System/Library/Frameworks/JavaVM.framework/Resources/MacOS/JavaApplicationStub
    export JAVA_ARCHIVE_CLASSES\=YES
    export JAVA_ARCHIVE_TYPE\=JAR
    export JAVA_COMPILER\=/usr/bin/javac
    export JAVA_FOLDER_PATH\=Stats.app/Contents/Resources/Java
    export JAVA_FRAMEWORK_RESOURCES_DIRS\=Resources
    export JAVA_JAR_FLAGS\=cv
    export JAVA_SOURCE_SUBDIR\=.
    export JAVA_USE_DEPENDENCIES\=YES
    export JAVA_ZIP_FLAGS\=-urg
    export JIKES_DEFAULT_FLAGS\=+E\ +OLDCSO
    export KASAN_CFLAGS_CLASSIC\=-DKASAN\=1\ -DKASAN_CLASSIC\=1\ -fsanitize\=address\ -mllvm\ -asan-globals-live-support\ -mllvm\ -asan-force-dynamic-shadow
    export KASAN_CFLAGS_TBI\=-DKASAN\=1\ -DKASAN_TBI\=1\ -fsanitize\=kernel-hwaddress\ -mllvm\ -hwasan-recover\=0\ -mllvm\ -hwasan-instrument-atomics\=0\ -mllvm\ -hwasan-instrument-stack\=1\ -mllvm\ -hwasan-generate-tags-with-calls\=1\ -mllvm\ -hwasan-instrument-with-calls\=1\ -mllvm\ -hwasan-use-short-granules\=0\ -mllvm\ -hwasan-memory-access-callback-prefix\=__asan_
    export KASAN_DEFAULT_CFLAGS\=-DKASAN\=1\ -DKASAN_CLASSIC\=1\ -fsanitize\=address\ -mllvm\ -asan-globals-live-support\ -mllvm\ -asan-force-dynamic-shadow
    export KEEP_PRIVATE_EXTERNS\=NO
    export LD_DEPENDENCY_INFO_FILE\=/Users/hiroshi/Library/Developer/Xcode/DerivedData/Stats-dnsoqnkiehuhdtbbwufjsbayuioq/Build/Intermediates.noindex/Stats.build/Debug/Stats.build/Objects-normal/undefined_arch/Stats_dependency_info.dat
    export LD_EXPORT_SYMBOLS\=YES
    export LD_GENERATE_MAP_FILE\=NO
    export LD_MAP_FILE_PATH\=/Users/hiroshi/Library/Developer/Xcode/DerivedData/Stats-dnsoqnkiehuhdtbbwufjsbayuioq/Build/Intermediates.noindex/Stats.build/Debug/Stats.build/Stats-LinkMap-normal-undefined_arch.txt
    export LD_NO_PIE\=NO
    export LD_QUOTE_LINKER_ARGUMENTS_FOR_COMPILER_DRIVER\=YES
    export LD_RUNPATH_SEARCH_PATHS\=\ @executable_path/../Frameworks
    export LD_RUNPATH_SEARCH_PATHS_YES\=@loader_path/../Frameworks
    export LD_SHARED_CACHE_ELIGIBLE\=Automatic
    export LD_WARN_DUPLICATE_LIBRARIES\=NO
    export LD_WARN_UNUSED_DYLIBS\=NO
    export LEGACY_DEVELOPER_DIR\=/Applications/Xcode.app/Contents/PlugIns/Xcode3Core.ideplugin/Contents/SharedSupport/Developer
    export LEX\=lex
    export LIBRARY_DEXT_INSTALL_PATH\=/Library/DriverExtensions
    export LIBRARY_FLAG_NOSPACE\=YES
    export LIBRARY_FLAG_PREFIX\=-l
    export LIBRARY_KEXT_INSTALL_PATH\=/Library/Extensions
    export LIBRARY_SEARCH_PATHS\=/Users/hiroshi/Library/Developer/Xcode/DerivedData/Stats-dnsoqnkiehuhdtbbwufjsbayuioq/Build/Products/Debug\ 
    export LINKER_DISPLAYS_MANGLED_NAMES\=NO
    export LINK_FILE_LIST_normal_arm64\=/Users/hiroshi/Library/Developer/Xcode/DerivedData/Stats-dnsoqnkiehuhdtbbwufjsbayuioq/Build/Intermediates.noindex/Stats.build/Debug/Stats.build/Objects-normal/arm64/Stats.LinkFileList
    export LINK_OBJC_RUNTIME\=YES
    export LINK_WITH_STANDARD_LIBRARIES\=YES
    export LLVM_TARGET_TRIPLE_OS_VERSION\=macos14.0
    export LLVM_TARGET_TRIPLE_OS_VERSION_NO\=macos14.0
    export LLVM_TARGET_TRIPLE_OS_VERSION_YES\=macos26.4
    export LLVM_TARGET_TRIPLE_VENDOR\=apple
    export LM_AUX_CONST_METADATA_LIST_PATH_normal_arm64\=/Users/hiroshi/Library/Developer/Xcode/DerivedData/Stats-dnsoqnkiehuhdtbbwufjsbayuioq/Build/Intermediates.noindex/Stats.build/Debug/Stats.build/Objects-normal/arm64/Stats.SwiftConstValuesFileList
    export LOCALIZATION_EXPORT_SUPPORTED\=YES
    export LOCALIZATION_PREFERS_STRING_CATALOGS\=NO
    export LOCALIZED_RESOURCES_FOLDER_PATH\=Stats.app/Contents/Resources/en.lproj
    export LOCALIZED_STRING_CODE_COMMENTS\=NO
    export LOCALIZED_STRING_MACRO_NAMES\=NSLocalizedString\ CFCopyLocalizedString
    export LOCALIZED_STRING_SWIFTUI_SUPPORT\=YES
    export LOCAL_ADMIN_APPS_DIR\=/Applications/Utilities
    export LOCAL_APPS_DIR\=/Applications
    export LOCAL_DEVELOPER_DIR\=/Library/Developer
    export LOCAL_LIBRARY_DIR\=/Library
    export LOCROOT\=/Users/hiroshi/Desktop/MyStats
    export LOCSYMROOT\=/Users/hiroshi/Desktop/MyStats
    export MACH_O_TYPE\=mh_execute
    export MACOSX_DEPLOYMENT_TARGET\=14.0
    export MAC_OS_X_PRODUCT_BUILD_VERSION\=25E253
    export MAC_OS_X_VERSION_ACTUAL\=260401
    export MAC_OS_X_VERSION_MAJOR\=260000
    export MAC_OS_X_VERSION_MINOR\=260400
    export MAKE_MERGEABLE\=NO
    export MARKETING_VERSION\=2.12.13
    export MERGEABLE_LIBRARY\=NO
    export MERGED_BINARY_TYPE\=none
    export MERGE_LINKED_LIBRARIES\=NO
    export METAL_LIBRARY_FILE_BASE\=default
    export METAL_LIBRARY_OUTPUT_DIR\=/Users/hiroshi/Library/Developer/Xcode/DerivedData/Stats-dnsoqnkiehuhdtbbwufjsbayuioq/Build/Products/Debug/Stats.app/Contents/Resources
    export MODULES_FOLDER_PATH\=Stats.app/Contents/Modules
    export MODULE_CACHE_DIR\=/Users/hiroshi/Library/Developer/Xcode/DerivedData/ModuleCache.noindex
    export MTL_ENABLE_DEBUG_INFO\=INCLUDE_SOURCE
    export MTL_FAST_MATH\=YES
    export NATIVE_ARCH\=arm64
    export NATIVE_ARCH_32_BIT\=arm
    export NATIVE_ARCH_64_BIT\=arm64
    export NATIVE_ARCH_ACTUAL\=arm64
    export NO_COMMON\=YES
    export OBJECT_FILE_DIR\=/Users/hiroshi/Library/Developer/Xcode/DerivedData/Stats-dnsoqnkiehuhdtbbwufjsbayuioq/Build/Intermediates.noindex/Stats.build/Debug/Stats.build/Objects
    export OBJECT_FILE_DIR_normal\=/Users/hiroshi/Library/Developer/Xcode/DerivedData/Stats-dnsoqnkiehuhdtbbwufjsbayuioq/Build/Intermediates.noindex/Stats.build/Debug/Stats.build/Objects-normal
    export OBJROOT\=/Users/hiroshi/Library/Developer/Xcode/DerivedData/Stats-dnsoqnkiehuhdtbbwufjsbayuioq/Build/Intermediates.noindex
    export ONLY_ACTIVE_ARCH\=YES
    export OS\=MACOS
    export OSAC\=/usr/bin/osacompile
    export PACKAGE_TYPE\=com.apple.package-type.wrapper.application
    export PASCAL_STRINGS\=YES
    export PATH\=/Applications/Xcode.app/Contents/SharedFrameworks/SwiftBuild.framework/Versions/A/PlugIns/SWBBuildService.bundle/Contents/PlugIns/SWBUniversalPlatformPlugin.bundle/Contents/Frameworks/SWBUniversalPlatform.framework/Resources:/var/run/com.apple.security.cryptexd/mnt/com.apple.MobileAsset.MetalToolchain-v17.5.188.0.TLte2p/Metal.xctoolchain/usr/bin:/var/run/com.apple.security.cryptexd/mnt/com.apple.MobileAsset.MetalToolchain-v17.5.188.0.TLte2p/Metal.xctoolchain/usr/local/bin:/var/run/com.apple.security.cryptexd/mnt/com.apple.MobileAsset.MetalToolchain-v17.5.188.0.TLte2p/Metal.xctoolchain/usr/libexec:/Applications/Xcode.app/Contents/Developer/Toolchains/XcodeDefault.xctoolchain/usr/bin:/Applications/Xcode.app/Contents/Developer/Toolchains/XcodeDefault.xctoolchain/usr/local/bin:/Applications/Xcode.app/Contents/Developer/Toolchains/XcodeDefault.xctoolchain/usr/libexec:/Applications/Xcode.app/Contents/Developer/Platforms/MacOSX.platform/usr/bin:/Applications/Xcode.app/Contents/Developer/Platforms/MacOSX.platform/usr/local/bin:/Applications/Xcode.app/Contents/Developer/Platforms/MacOSX.platform/Developer/usr/bin:/Applications/Xcode.app/Contents/Developer/Platforms/MacOSX.platform/Developer/usr/local/bin:/Applications/Xcode.app/Contents/Developer/usr/bin:/Applications/Xcode.app/Contents/Developer/usr/local/bin:/Users/hiroshi/.pyenv/shims:/Users/hiroshi/.pyenv/bin:/opt/homebrew/bin:/opt/homebrew/sbin:/usr/local/bin:/usr/bin:/usr/sbin:/bin:/sbin:/System/Cryptexes/App/usr/bin:/var/run/com.apple.security.cryptexd/codex.system/bootstrap/usr/local/bin:/var/run/com.apple.security.cryptexd/codex.system/bootstrap/usr/bin:/var/run/com.apple.security.cryptexd/codex.system/bootstrap/usr/appleinternal/bin:/Library/Apple/usr/bin:/Users/hiroshi/.local/bin:/Users/hiroshi/Library/Android/sdk/platform-tools:/Users/hiroshi/.antigravity/antigravity/bin
    export PATH_PREFIXES_EXCLUDED_FROM_HEADER_DEPENDENCIES\=/usr/include\ /usr/local/include\ /System/Library/Frameworks\ /System/Library/PrivateFrameworks\ /Applications/Xcode.app/Contents/Developer/Headers\ /Applications/Xcode.app/Contents/Developer/SDKs\ /Applications/Xcode.app/Contents/Developer/Platforms
    export PBDEVELOPMENTPLIST_PATH\=Stats.app/Contents/pbdevelopment.plist
    export PER_ARCH_MODULE_FILE_DIR\=/Users/hiroshi/Library/Developer/Xcode/DerivedData/Stats-dnsoqnkiehuhdtbbwufjsbayuioq/Build/Intermediates.noindex/Stats.build/Debug/Stats.build/Objects-normal/undefined_arch
    export PER_ARCH_OBJECT_FILE_DIR\=/Users/hiroshi/Library/Developer/Xcode/DerivedData/Stats-dnsoqnkiehuhdtbbwufjsbayuioq/Build/Intermediates.noindex/Stats.build/Debug/Stats.build/Objects-normal/undefined_arch
    export PER_VARIANT_OBJECT_FILE_DIR\=/Users/hiroshi/Library/Developer/Xcode/DerivedData/Stats-dnsoqnkiehuhdtbbwufjsbayuioq/Build/Intermediates.noindex/Stats.build/Debug/Stats.build/Objects-normal
    export PKGINFO_FILE_PATH\=/Users/hiroshi/Library/Developer/Xcode/DerivedData/Stats-dnsoqnkiehuhdtbbwufjsbayuioq/Build/Intermediates.noindex/Stats.build/Debug/Stats.build/PkgInfo
    export PKGINFO_PATH\=Stats.app/Contents/PkgInfo
    export PLATFORM_DEVELOPER_APPLICATIONS_DIR\=/Applications/Xcode.app/Contents/Developer/Applications
    export PLATFORM_DEVELOPER_BIN_DIR\=/Applications/Xcode.app/Contents/Developer/usr/bin
    export PLATFORM_DEVELOPER_LIBRARY_DIR\=/Applications/Xcode.app/Contents/Developer/Library
    export PLATFORM_DEVELOPER_SDK_DIR\=/Applications/Xcode.app/Contents/Developer/Platforms/MacOSX.platform/Developer/SDKs
    export PLATFORM_DEVELOPER_TOOLS_DIR\=/Applications/Xcode.app/Contents/Developer/Tools
    export PLATFORM_DEVELOPER_USR_DIR\=/Applications/Xcode.app/Contents/Developer/usr
    export PLATFORM_DIR\=/Applications/Xcode.app/Contents/Developer/Platforms/MacOSX.platform
    export PLATFORM_DISPLAY_NAME\=macOS
    export PLATFORM_FAMILY_NAME\=macOS
    export PLATFORM_NAME\=macosx
    export PLATFORM_PREFERRED_ARCH\=x86_64
    export PLATFORM_PRODUCT_BUILD_VERSION\=25E251
    export PLATFORM_REQUIRES_SWIFT_AUTOLINK_EXTRACT\=NO
    export PLATFORM_REQUIRES_SWIFT_MODULEWRAP\=NO
    export PLATFORM_USES_DSYMS\=YES
    export PLIST_FILE_OUTPUT_FORMAT\=same-as-input
    export PLUGINS_FOLDER_PATH\=Stats.app/Contents/PlugIns
    export PRECOMPS_INCLUDE_HEADERS_FROM_BUILT_PRODUCTS_DIR\=YES
    export PRECOMP_DESTINATION_DIR\=/Users/hiroshi/Library/Developer/Xcode/DerivedData/Stats-dnsoqnkiehuhdtbbwufjsbayuioq/Build/Intermediates.noindex/Stats.build/Debug/Stats.build/PrefixHeaders
    export PRIVATE_HEADERS_FOLDER_PATH\=Stats.app/Contents/PrivateHeaders
    export PROCESSED_INFOPLIST_PATH\=/Users/hiroshi/Library/Developer/Xcode/DerivedData/Stats-dnsoqnkiehuhdtbbwufjsbayuioq/Build/Intermediates.noindex/Stats.build/Debug/Stats.build/Objects-normal/undefined_arch/Processed-Info.plist
    export PRODUCT_BUNDLE_IDENTIFIER\=eu.exelban.Stats
    export PRODUCT_BUNDLE_PACKAGE_TYPE\=APPL
    export PRODUCT_MODULE_NAME\=Stats
    export PRODUCT_NAME\=Stats
    export PRODUCT_SETTINGS_PATH\=/Users/hiroshi/Desktop/MyStats/Stats/Supporting\ Files/Info.plist
    export PRODUCT_TYPE\=com.apple.product-type.application
    export PROFILING_CODE\=NO
    export PROJECT\=Stats
    export PROJECT_DERIVED_FILE_DIR\=/Users/hiroshi/Library/Developer/Xcode/DerivedData/Stats-dnsoqnkiehuhdtbbwufjsbayuioq/Build/Intermediates.noindex/Stats.build/DerivedSources
    export PROJECT_DIR\=/Users/hiroshi/Desktop/MyStats
    export PROJECT_FILE_PATH\=/Users/hiroshi/Desktop/MyStats/Stats.xcodeproj
    export PROJECT_GUID\=fe63de269265f3f6b52a574bca440427
    export PROJECT_NAME\=Stats
    export PROJECT_TEMP_DIR\=/Users/hiroshi/Library/Developer/Xcode/DerivedData/Stats-dnsoqnkiehuhdtbbwufjsbayuioq/Build/Intermediates.noindex/Stats.build
    export PROJECT_TEMP_ROOT\=/Users/hiroshi/Library/Developer/Xcode/DerivedData/Stats-dnsoqnkiehuhdtbbwufjsbayuioq/Build/Intermediates.noindex
    export PROVISIONING_PROFILE_REQUIRED\=NO
    export PROVISIONING_PROFILE_REQUIRED_YES_YES\=YES
    export PROVISIONING_PROFILE_SUPPORTED\=YES
    export PUBLIC_HEADERS_FOLDER_PATH\=Stats.app/Contents/Headers
    export RECOMMENDED_MACOSX_DEPLOYMENT_TARGET\=11.0
    export RECURSIVE_SEARCH_PATHS_FOLLOW_SYMLINKS\=YES
    export REGISTER_APP_GROUPS\=YES
    export REMOVE_CVS_FROM_RESOURCES\=YES
    export REMOVE_GIT_FROM_RESOURCES\=YES
    export REMOVE_HEADERS_FROM_EMBEDDED_BUNDLES\=YES
    export REMOVE_HG_FROM_RESOURCES\=YES
    export REMOVE_STATIC_EXECUTABLES_FROM_EMBEDDED_BUNDLES\=YES
    export REMOVE_SVN_FROM_RESOURCES\=YES
    export RESCHEDULE_INDEPENDENT_HEADERS_PHASES\=YES
    export REZ_COLLECTOR_DIR\=/Users/hiroshi/Library/Developer/Xcode/DerivedData/Stats-dnsoqnkiehuhdtbbwufjsbayuioq/Build/Intermediates.noindex/Stats.build/Debug/Stats.build/ResourceManagerResources
    export REZ_OBJECTS_DIR\=/Users/hiroshi/Library/Developer/Xcode/DerivedData/Stats-dnsoqnkiehuhdtbbwufjsbayuioq/Build/Intermediates.noindex/Stats.build/Debug/Stats.build/ResourceManagerResources/Objects
    export REZ_SEARCH_PATHS\=/Users/hiroshi/Library/Developer/Xcode/DerivedData/Stats-dnsoqnkiehuhdtbbwufjsbayuioq/Build/Products/Debug\ 
    export RPATH_ORIGIN\=@loader_path
    export RUNTIME_EXCEPTION_ALLOW_DYLD_ENVIRONMENT_VARIABLES\=NO
    export RUNTIME_EXCEPTION_ALLOW_JIT\=NO
    export RUNTIME_EXCEPTION_ALLOW_UNSIGNED_EXECUTABLE_MEMORY\=NO
    export RUNTIME_EXCEPTION_DEBUGGING_TOOL\=NO
    export RUNTIME_EXCEPTION_DISABLE_EXECUTABLE_PAGE_PROTECTION\=NO
    export RUNTIME_EXCEPTION_DISABLE_LIBRARY_VALIDATION\=NO
    export SCANNING_PCM_KEEP_CACHE_DIRECTORY\=YES
    export SCAN_ALL_SOURCE_FILES_FOR_INCLUDES\=NO
    export SCRIPTS_FOLDER_PATH\=Stats.app/Contents/Resources/Scripts
    export SCRIPT_INPUT_FILE_COUNT\=0
    export SCRIPT_INPUT_FILE_LIST_COUNT\=0
    export SCRIPT_OUTPUT_FILE_COUNT\=0
    export SCRIPT_OUTPUT_FILE_LIST_COUNT\=0
    export SDKROOT\=/Applications/Xcode.app/Contents/Developer/Platforms/MacOSX.platform/Developer/SDKs/MacOSX26.4.sdk
    export SDK_DIR\=/Applications/Xcode.app/Contents/Developer/Platforms/MacOSX.platform/Developer/SDKs/MacOSX26.4.sdk
    export SDK_DIR_macosx\=/Applications/Xcode.app/Contents/Developer/Platforms/MacOSX.platform/Developer/SDKs/MacOSX26.4.sdk
    export SDK_DIR_macosx26_4\=/Applications/Xcode.app/Contents/Developer/Platforms/MacOSX.platform/Developer/SDKs/MacOSX26.4.sdk
    export SDK_NAME\=macosx26.4
    export SDK_NAMES\=macosx26.4
    export SDK_PRODUCT_BUILD_VERSION\=25E251
    export SDK_STAT_CACHE_DIR\=/Users/hiroshi/Library/Developer/Xcode/DerivedData
    export SDK_STAT_CACHE_ENABLE\=YES
    export SDK_STAT_CACHE_PATH\=/Users/hiroshi/Library/Developer/Xcode/DerivedData/SDKStatCaches.noindex/macosx26.4-25E251-688ef53f1462e2c8f657fdc38a81448f30f9ca8789b706f8bd3fc906a70d770f.sdkstatcache
    export SDK_VERSION\=26.4
    export SDK_VERSION_ACTUAL\=260400
    export SDK_VERSION_MAJOR\=260000
    export SDK_VERSION_MINOR\=260400
    export SED\=/usr/bin/sed
    export SEPARATE_STRIP\=NO
    export SEPARATE_SYMBOL_EDIT\=NO
    export SET_DIR_MODE_OWNER_GROUP\=YES
    export SET_FILE_MODE_OWNER_GROUP\=NO
    export SHALLOW_BUNDLE\=NO
    export SHALLOW_BUNDLE_PLATFORM\=NO
    export SHALLOW_BUNDLE_TRIPLE\=macos
    export SHALLOW_BUNDLE_ios_macabi\=NO
    export SHALLOW_BUNDLE_macos\=NO
    export SHARED_DERIVED_FILE_DIR\=/Users/hiroshi/Library/Developer/Xcode/DerivedData/Stats-dnsoqnkiehuhdtbbwufjsbayuioq/Build/Products/Debug/DerivedSources
    export SHARED_FRAMEWORKS_FOLDER_PATH\=Stats.app/Contents/SharedFrameworks
    export SHARED_PRECOMPS_DIR\=/Users/hiroshi/Library/Developer/Xcode/DerivedData/Stats-dnsoqnkiehuhdtbbwufjsbayuioq/Build/Intermediates.noindex/PrecompiledHeaders
    export SHARED_SUPPORT_FOLDER_PATH\=Stats.app/Contents/SharedSupport
    export SKIP_INSTALL\=NO
    export SKIP_MERGEABLE_LIBRARY_BUNDLE_HOOK\=NO
    export SOURCE_ROOT\=/Users/hiroshi/Desktop/MyStats
    export SRCROOT\=/Users/hiroshi/Desktop/MyStats
    export STRINGSDATA_DIR\=/Users/hiroshi/Library/Developer/Xcode/DerivedData/Stats-dnsoqnkiehuhdtbbwufjsbayuioq/Build/Intermediates.noindex/Stats.build/Debug/Stats.build/Objects-normal/undefined_arch
    export STRINGSDATA_ROOT\=/Users/hiroshi/Library/Developer/Xcode/DerivedData/Stats-dnsoqnkiehuhdtbbwufjsbayuioq/Build/Intermediates.noindex/Stats.build/Debug/Stats.build
    export STRINGS_FILE_INFOPLIST_RENAME\=YES
    export STRINGS_FILE_OUTPUT_ENCODING\=UTF-16
    export STRING_CATALOG_GENERATE_SYMBOLS\=YES
    export STRIP_BITCODE_FROM_COPIED_FILES\=NO
    export STRIP_INSTALLED_PRODUCT\=NO
    export STRIP_PNG_TEXT\=NO
    export STRIP_STYLE\=all
    export STRIP_SWIFT_SYMBOLS\=YES
    export SUPPORTED_PLATFORMS\=macosx
    export SUPPORTS_MACCATALYST\=NO
    export SUPPORTS_ON_DEMAND_RESOURCES\=NO
    export SUPPORTS_TEXT_BASED_API\=NO
    export SUPPRESS_WARNINGS\=NO
    export SWIFT_ACTIVE_COMPILATION_CONDITIONS\=DEBUG
    export SWIFT_EMIT_CONST_VALUE_PROTOCOLS\=AnyResolverProviding\ AppEntity\ AppEnum\ AppExtension\ AppIntent\ AppIntentsPackage\ AppShortcutProviding\ AppShortcutsProvider\ DynamicOptionsProvider\ EntityQuery\ ExtensionPointDefining\ IntentValueQuery\ Resolver\ TransientEntity\ _AssistantIntentsProvider\ _GenerativeFunctionExtractable\ _IntentValueRepresentable
    export SWIFT_EMIT_LOC_STRINGS\=YES
    export SWIFT_ENABLE_EXPLICIT_MODULES\=YES
    export SWIFT_OPTIMIZATION_LEVEL\=-Onone
    export SWIFT_PLATFORM_TARGET_PREFIX\=macos
    export SWIFT_RESPONSE_FILE_PATH_normal_arm64\=/Users/hiroshi/Library/Developer/Xcode/DerivedData/Stats-dnsoqnkiehuhdtbbwufjsbayuioq/Build/Intermediates.noindex/Stats.build/Debug/Stats.build/Objects-normal/arm64/Stats.SwiftFileList
    export SWIFT_VERSION\=5.0
    export SYMROOT\=/Users/hiroshi/Library/Developer/Xcode/DerivedData/Stats-dnsoqnkiehuhdtbbwufjsbayuioq/Build/Products
    export SYSTEM_ADMIN_APPS_DIR\=/Applications/Utilities
    export SYSTEM_APPS_DIR\=/Applications
    export SYSTEM_CORE_SERVICES_DIR\=/System/Library/CoreServices
    export SYSTEM_DEMOS_DIR\=/Applications/Extras
    export SYSTEM_DEVELOPER_APPS_DIR\=/Applications/Xcode.app/Contents/Developer/Applications
    export SYSTEM_DEVELOPER_BIN_DIR\=/Applications/Xcode.app/Contents/Developer/usr/bin
    export SYSTEM_DEVELOPER_DEMOS_DIR\=/Applications/Xcode.app/Contents/Developer/Applications/Utilities/Built\ Examples
    export SYSTEM_DEVELOPER_DIR\=/Applications/Xcode.app/Contents/Developer
    export SYSTEM_DEVELOPER_DOC_DIR\=/Applications/Xcode.app/Contents/Developer/ADC\ Reference\ Library
    export SYSTEM_DEVELOPER_GRAPHICS_TOOLS_DIR\=/Applications/Xcode.app/Contents/Developer/Applications/Graphics\ Tools
    export SYSTEM_DEVELOPER_JAVA_TOOLS_DIR\=/Applications/Xcode.app/Contents/Developer/Applications/Java\ Tools
    export SYSTEM_DEVELOPER_PERFORMANCE_TOOLS_DIR\=/Applications/Xcode.app/Contents/Developer/Applications/Performance\ Tools
    export SYSTEM_DEVELOPER_RELEASENOTES_DIR\=/Applications/Xcode.app/Contents/Developer/ADC\ Reference\ Library/releasenotes
    export SYSTEM_DEVELOPER_TOOLS\=/Applications/Xcode.app/Contents/Developer/Tools
    export SYSTEM_DEVELOPER_TOOLS_DOC_DIR\=/Applications/Xcode.app/Contents/Developer/ADC\ Reference\ Library/documentation/DeveloperTools
    export SYSTEM_DEVELOPER_TOOLS_RELEASENOTES_DIR\=/Applications/Xcode.app/Contents/Developer/ADC\ Reference\ Library/releasenotes/DeveloperTools
    export SYSTEM_DEVELOPER_USR_DIR\=/Applications/Xcode.app/Contents/Developer/usr
    export SYSTEM_DEVELOPER_UTILITIES_DIR\=/Applications/Xcode.app/Contents/Developer/Applications/Utilities
    export SYSTEM_DEXT_INSTALL_PATH\=/System/Library/DriverExtensions
    export SYSTEM_DOCUMENTATION_DIR\=/Library/Documentation
    export SYSTEM_EXTENSIONS_FOLDER_PATH\=Stats.app/Contents/Library/SystemExtensions
    export SYSTEM_EXTENSIONS_FOLDER_PATH_SHALLOW_BUNDLE_NO\=Stats.app/Contents/Library/SystemExtensions
    export SYSTEM_EXTENSIONS_FOLDER_PATH_SHALLOW_BUNDLE_YES\=Stats.app/Contents/SystemExtensions
    export SYSTEM_KEXT_INSTALL_PATH\=/System/Library/Extensions
    export SYSTEM_LIBRARY_DIR\=/System/Library
    export TAPI_DEMANGLE\=YES
    export TAPI_ENABLE_PROJECT_HEADERS\=NO
    export TAPI_LANGUAGE\=objective-c
    export TAPI_LANGUAGE_STANDARD\=compiler-default
    export TAPI_USE_SRCROOT\=YES
    export TAPI_VERIFY_MODE\=Pedantic
    export TARGETNAME\=Stats
    export TARGET_BUILD_DIR\=/Users/hiroshi/Library/Developer/Xcode/DerivedData/Stats-dnsoqnkiehuhdtbbwufjsbayuioq/Build/Products/Debug
    export TARGET_NAME\=Stats
    export TARGET_TEMP_DIR\=/Users/hiroshi/Library/Developer/Xcode/DerivedData/Stats-dnsoqnkiehuhdtbbwufjsbayuioq/Build/Intermediates.noindex/Stats.build/Debug/Stats.build
    export TEMP_DIR\=/Users/hiroshi/Library/Developer/Xcode/DerivedData/Stats-dnsoqnkiehuhdtbbwufjsbayuioq/Build/Intermediates.noindex/Stats.build/Debug/Stats.build
    export TEMP_FILES_DIR\=/Users/hiroshi/Library/Developer/Xcode/DerivedData/Stats-dnsoqnkiehuhdtbbwufjsbayuioq/Build/Intermediates.noindex/Stats.build/Debug/Stats.build
    export TEMP_FILE_DIR\=/Users/hiroshi/Library/Developer/Xcode/DerivedData/Stats-dnsoqnkiehuhdtbbwufjsbayuioq/Build/Intermediates.noindex/Stats.build/Debug/Stats.build
    export TEMP_ROOT\=/Users/hiroshi/Library/Developer/Xcode/DerivedData/Stats-dnsoqnkiehuhdtbbwufjsbayuioq/Build/Intermediates.noindex
    export TEMP_SANDBOX_DIR\=/Users/hiroshi/Library/Developer/Xcode/DerivedData/Stats-dnsoqnkiehuhdtbbwufjsbayuioq/Build/Intermediates.noindex/TemporaryTaskSandboxes
    export TEST_FRAMEWORK_SEARCH_PATHS\=\ /Applications/Xcode.app/Contents/Developer/Platforms/MacOSX.platform/Developer/Library/Frameworks
    export TEST_LIBRARY_SEARCH_PATHS\=\ /Applications/Xcode.app/Contents/Developer/Platforms/MacOSX.platform/Developer/usr/lib
    export TOOLCHAINS\=com.apple.dt.toolchain.Metal.32023.883\ com.apple.dt.toolchain.XcodeDefault
    export TOOLCHAIN_DIR\=/var/run/com.apple.security.cryptexd/mnt/com.apple.MobileAsset.MetalToolchain-v17.5.188.0.TLte2p/Metal.xctoolchain
    export TOOLCHAIN_VERSION\=32023.883
    export TREAT_MISSING_BASELINES_AS_TEST_FAILURES\=NO
    export TREAT_MISSING_SCRIPT_PHASE_OUTPUTS_AS_ERRORS\=NO
    export TeamIdentifierPrefix\=76Q8Z9XK4F.
    export UID\=501
    export UNINSTALLED_PRODUCTS_DIR\=/Users/hiroshi/Library/Developer/Xcode/DerivedData/Stats-dnsoqnkiehuhdtbbwufjsbayuioq/Build/Intermediates.noindex/UninstalledProducts
    export UNLOCALIZED_RESOURCES_FOLDER_PATH\=Stats.app/Contents/Resources
    export UNLOCALIZED_RESOURCES_FOLDER_PATH_SHALLOW_BUNDLE_NO\=Stats.app/Contents/Resources
    export UNLOCALIZED_RESOURCES_FOLDER_PATH_SHALLOW_BUNDLE_YES\=Stats.app/Contents
    export UNSTRIPPED_PRODUCT\=NO
    export USER\=hiroshi
    export USER_APPS_DIR\=/Users/hiroshi/Applications
    export USER_LIBRARY_DIR\=/Users/hiroshi/Library
    export USE_DYNAMIC_NO_PIC\=YES
    export USE_HEADERMAP\=YES
    export USE_HEADER_SYMLINKS\=NO
    export VALIDATE_DEVELOPMENT_ASSET_PATHS\=YES_ERROR
    export VALIDATE_PRODUCT\=NO
    export VALID_ARCHS\=arm64\ arm64e\ i386\ x86_64
    export VERBOSE_PBXCP\=NO
    export VERSIONPLIST_PATH\=Stats.app/Contents/version.plist
    export VERSION_INFO_BUILDER\=hiroshi
    export VERSION_INFO_FILE\=Stats_vers.c
    export VERSION_INFO_STRING\=\"@\(\#\)PROGRAM:Stats\ \ PROJECT:Stats-\"
    export WORKSPACE_DIR\=/Users/hiroshi/Desktop/MyStats/Stats.xcodeproj
    export WRAPPER_EXTENSION\=app
    export WRAPPER_NAME\=Stats.app
    export WRAPPER_SUFFIX\=.app
    export WRAP_ASSET_PACKS_IN_SEPARATE_DIRECTORIES\=NO
    export XCODE_APP_SUPPORT_DIR\=/Applications/Xcode.app/Contents/Developer/Library/Xcode
    export XCODE_PRODUCT_BUILD_VERSION\=17E202
    export XCODE_VERSION_ACTUAL\=2641
    export XCODE_VERSION_MAJOR\=2600
    export XCODE_VERSION_MINOR\=2640
    export XPCSERVICES_FOLDER_PATH\=Stats.app/Contents/XPCServices
    export YACC\=yacc
    export _BOOL_\=NO
    export _BOOL_NO\=NO
    export _BOOL_YES\=YES
    export _DEVELOPMENT_TEAM_IS_EMPTY\=NO
    export _DISCOVER_COMMAND_LINE_LINKER_INPUTS\=YES
    export _DISCOVER_COMMAND_LINE_LINKER_INPUTS_INCLUDE_WL\=YES
    export _IS_EMPTY_\=YES
    export _LD_MULTIARCH\=YES
    export _MACOSX_DEPLOYMENT_TARGET_IS_EMPTY\=NO
    export _WRAPPER_CONTENTS_DIR\=/Contents
    export _WRAPPER_CONTENTS_DIR_SHALLOW_BUNDLE_NO\=/Contents
    export _WRAPPER_PARENT_PATH\=/..
    export _WRAPPER_PARENT_PATH_SHALLOW_BUNDLE_NO\=/..
    export _WRAPPER_RESOURCES_DIR\=/Resources
    export _WRAPPER_RESOURCES_DIR_SHALLOW_BUNDLE_NO\=/Resources
    export __DIAGNOSE_DEPRECATED_ARCHS\=YES
    export __IS_NOT_MACOS\=NO
    export __IS_NOT_MACOS_macosx\=NO
    export __IS_NOT_SIMULATOR\=YES
    export __IS_NOT_SIMULATOR_simulator\=NO
    export __ORIGINAL_SDK_DEFINED_LLVM_TARGET_TRIPLE_SYS\=macos
    export arch\=undefined_arch
    export variant\=normal
    /bin/sh -c /Users/hiroshi/Library/Developer/Xcode/DerivedData/Stats-dnsoqnkiehuhdtbbwufjsbayuioq/Build/Intermediates.noindex/Stats.build/Debug/Stats.build/Script-5CC0857F2C419E4B00910F90.sh

Copy /Users/hiroshi/Library/Developer/Xcode/DerivedData/Stats-dnsoqnkiehuhdtbbwufjsbayuioq/Build/Products/Debug/Stats.app/Contents/Frameworks/Kit.framework /Users/hiroshi/Library/Developer/Xcode/DerivedData/Stats-dnsoqnkiehuhdtbbwufjsbayuioq/Build/Products/Debug/Kit.framework (in target 'Stats' from project 'Stats')
    cd /Users/hiroshi/Desktop/MyStats
    builtin-copy -exclude .DS_Store -exclude CVS -exclude .svn -exclude .git -exclude .hg -exclude Headers -exclude PrivateHeaders -exclude Modules -exclude \*.tbd -resolve-src-symlinks -remove-static-executable /Users/hiroshi/Library/Developer/Xcode/DerivedData/Stats-dnsoqnkiehuhdtbbwufjsbayuioq/Build/Products/Debug/Kit.framework /Users/hiroshi/Library/Developer/Xcode/DerivedData/Stats-dnsoqnkiehuhdtbbwufjsbayuioq/Build/Products/Debug/Stats.app/Contents/Frameworks

CodeSign /Users/hiroshi/Library/Developer/Xcode/DerivedData/Stats-dnsoqnkiehuhdtbbwufjsbayuioq/Build/Products/Debug/Stats.app/Contents/Frameworks/Kit.framework/Versions/A (in target 'Stats' from project 'Stats')
    cd /Users/hiroshi/Desktop/MyStats
    
    Signing Identity:     "Sign to Run Locally"
    
    /usr/bin/codesign --force --sign - --timestamp\=none --preserve-metadata\=identifier,entitlements,flags --generate-entitlement-der /Users/hiroshi/Library/Developer/Xcode/DerivedData/Stats-dnsoqnkiehuhdtbbwufjsbayuioq/Build/Products/Debug/Stats.app/Contents/Frameworks/Kit.framework/Versions/A
/Users/hiroshi/Library/Developer/Xcode/DerivedData/Stats-dnsoqnkiehuhdtbbwufjsbayuioq/Build/Products/Debug/Stats.app/Contents/Frameworks/Kit.framework/Versions/A: replacing existing signature

PhaseScriptExecution Run\ Script /Users/hiroshi/Library/Developer/Xcode/DerivedData/Stats-dnsoqnkiehuhdtbbwufjsbayuioq/Build/Intermediates.noindex/Stats.build/Debug/Stats.build/Script-9A88E2672659002E00E2B7B0.sh (in target 'Stats' from project 'Stats')
    cd /Users/hiroshi/Desktop/MyStats
    export ACTION\=build
    export AD_HOC_CODE_SIGNING_ALLOWED\=YES
    export AGGREGATE_TRACKED_DOMAINS\=YES
    export ALLOW_BUILD_REQUEST_OVERRIDES\=NO
    export ALLOW_TARGET_PLATFORM_SPECIALIZATION\=NO
    export ALTERNATE_GROUP\=staff
    export ALTERNATE_MODE\=u+w,go-w,a+rX
    export ALTERNATE_OWNER\=hiroshi
    export ALTERNATIVE_DISTRIBUTION_WEB\=NO
    export ALWAYS_EMBED_SWIFT_STANDARD_LIBRARIES\=NO
    export ALWAYS_SEARCH_USER_PATHS\=NO
    export ALWAYS_USE_SEPARATE_HEADERMAPS\=NO
    export APPLICATION_EXTENSION_API_ONLY\=NO
    export APPLY_RULES_IN_COPY_FILES\=NO
    export APPLY_RULES_IN_COPY_HEADERS\=NO
    export APP_SHORTCUTS_ENABLE_FLEXIBLE_MATCHING\=YES
    export ARCHS\=arm64
    export ARCHS_BASE\=arm64
    export ARCHS_STANDARD\=arm64\ x86_64
    export ARCHS_STANDARD_32_64_BIT\=arm64\ x86_64\ i386
    export ARCHS_STANDARD_32_BIT\=i386
    export ARCHS_STANDARD_64_BIT\=arm64\ x86_64
    export ARCHS_STANDARD_INCLUDING_64_BIT\=arm64\ x86_64
    export ASSETCATALOG_COMPILER_APPICON_NAME\=AppIcon
    export ASSETCATALOG_COMPILER_GENERATE_SWIFT_ASSET_SYMBOL_EXTENSIONS\=YES
    export AUTOMATICALLY_MERGE_DEPENDENCIES\=NO
    export AUTOMATION_APPLE_EVENTS\=NO
    export AVAILABLE_PLATFORMS\=android\ appletvos\ appletvsimulator\ driverkit\ freebsd\ iphoneos\ iphonesimulator\ linux\ macosx\ none\ openbsd\ qnx\ watchos\ watchsimulator\ webassembly\ xros\ xrsimulator
    export AppIdentifierPrefix\=76Q8Z9XK4F.
    export BUILD_ACTIVE_RESOURCES_ONLY\=NO
    export BUILD_COMPONENTS\=headers\ build
    export BUILD_DIR\=/Users/hiroshi/Library/Developer/Xcode/DerivedData/Stats-dnsoqnkiehuhdtbbwufjsbayuioq/Build/Products
    export BUILD_LIBRARY_FOR_DISTRIBUTION\=NO
    export BUILD_ONLY_KNOWN_LOCALIZATIONS\=NO
    export BUILD_ROOT\=/Users/hiroshi/Library/Developer/Xcode/DerivedData/Stats-dnsoqnkiehuhdtbbwufjsbayuioq/Build/Products
    export BUILD_STYLE\=
    export BUILD_VARIANTS\=normal
    export BUILT_PRODUCTS_DIR\=/Users/hiroshi/Library/Developer/Xcode/DerivedData/Stats-dnsoqnkiehuhdtbbwufjsbayuioq/Build/Products/Debug
    export BUNDLE_CONTENTS_FOLDER_PATH\=Contents/
    export BUNDLE_CONTENTS_FOLDER_PATH_deep\=Contents/
    export BUNDLE_EXECUTABLE_FOLDER_NAME_deep\=MacOS
    export BUNDLE_EXECUTABLE_FOLDER_PATH\=Contents/MacOS
    export BUNDLE_EXTENSIONS_FOLDER_PATH\=Contents/Extensions
    export BUNDLE_FORMAT\=deep
    export BUNDLE_FRAMEWORKS_FOLDER_PATH\=Contents/Frameworks
    export BUNDLE_PLUGINS_FOLDER_PATH\=Contents/PlugIns
    export BUNDLE_PRIVATE_HEADERS_FOLDER_PATH\=Contents/PrivateHeaders
    export BUNDLE_PUBLIC_HEADERS_FOLDER_PATH\=Contents/Headers
    export CACHE_ROOT\=/var/folders/pr/0078v3w16cb07g1df4dmtr340000gn/C/com.apple.DeveloperTools/26.4.1-17E202/Xcode
    export CCHROOT\=/var/folders/pr/0078v3w16cb07g1df4dmtr340000gn/C/com.apple.DeveloperTools/26.4.1-17E202/Xcode
    export CHMOD\=/bin/chmod
    export CHOWN\=chown
    export CLANG_ALLOW_NON_MODULAR_INCLUDES_IN_FRAMEWORK_MODULES\=NO
    export CLANG_ANALYZER_LOCALIZABILITY_NONLOCALIZED\=YES
    export CLANG_ANALYZER_NONNULL\=YES
    export CLANG_ANALYZER_NUMBER_OBJECT_CONVERSION\=YES_AGGRESSIVE
    export CLANG_CACHE_FINE_GRAINED_OUTPUTS\=YES
    export CLANG_CXX_LANGUAGE_STANDARD\=gnu++14
    export CLANG_CXX_LIBRARY\=libc++
    export CLANG_ENABLE_EXPLICIT_MODULES\=YES
    export CLANG_ENABLE_MODULES\=YES
    export CLANG_ENABLE_OBJC_ARC\=YES
    export CLANG_ENABLE_OBJC_WEAK\=YES
    export CLANG_MODULES_BUILD_SESSION_FILE\=/Users/hiroshi/Library/Developer/Xcode/DerivedData/ModuleCache.noindex/Session.modulevalidation
    export CLANG_WARN_BLOCK_CAPTURE_AUTORELEASING\=YES
    export CLANG_WARN_BOOL_CONVERSION\=YES
    export CLANG_WARN_COMMA\=YES
    export CLANG_WARN_CONSTANT_CONVERSION\=YES
    export CLANG_WARN_DEPRECATED_OBJC_IMPLEMENTATIONS\=YES
    export CLANG_WARN_DIRECT_OBJC_ISA_USAGE\=YES_ERROR
    export CLANG_WARN_DOCUMENTATION_COMMENTS\=YES
    export CLANG_WARN_EMPTY_BODY\=YES
    export CLANG_WARN_ENUM_CONVERSION\=YES
    export CLANG_WARN_INFINITE_RECURSION\=YES
    export CLANG_WARN_INT_CONVERSION\=YES
    export CLANG_WARN_NON_LITERAL_NULL_CONVERSION\=YES
    export CLANG_WARN_OBJC_IMPLICIT_RETAIN_SELF\=YES
    export CLANG_WARN_OBJC_LITERAL_CONVERSION\=YES
    export CLANG_WARN_OBJC_ROOT_CLASS\=YES_ERROR
    export CLANG_WARN_QUOTED_INCLUDE_IN_FRAMEWORK_HEADER\=YES
    export CLANG_WARN_RANGE_LOOP_ANALYSIS\=YES
    export CLANG_WARN_STRICT_PROTOTYPES\=YES
    export CLANG_WARN_SUSPICIOUS_MOVE\=YES
    export CLANG_WARN_UNGUARDED_AVAILABILITY\=YES_AGGRESSIVE
    export CLANG_WARN_UNREACHABLE_CODE\=YES
    export CLANG_WARN__DUPLICATE_METHOD_MATCH\=YES
    export CLASS_FILE_DIR\=/Users/hiroshi/Library/Developer/Xcode/DerivedData/Stats-dnsoqnkiehuhdtbbwufjsbayuioq/Build/Intermediates.noindex/Stats.build/Debug/Stats.build/JavaClasses
    export CLEAN_PRECOMPS\=YES
    export CLONE_HEADERS\=NO
    export CODESIGNING_FOLDER_PATH\=/Users/hiroshi/Library/Developer/Xcode/DerivedData/Stats-dnsoqnkiehuhdtbbwufjsbayuioq/Build/Products/Debug/Stats.app
    export CODE_SIGNING_ALLOWED\=YES
    export CODE_SIGNING_REQUIRED\=YES
    export CODE_SIGN_ENTITLEMENTS\=Stats/Supporting\ Files/Stats.entitlements
    export CODE_SIGN_IDENTITY\=-
    export CODE_SIGN_IDENTITY_NO\=Apple\ Development
    export CODE_SIGN_IDENTITY_YES\=-
    export CODE_SIGN_INJECT_BASE_ENTITLEMENTS\=YES
    export CODE_SIGN_STYLE\=Automatic
    export COLOR_DIAGNOSTICS\=NO
    export COMBINE_HIDPI_IMAGES\=YES
    export COMPILATION_CACHE_CAS_PATH\=/Users/hiroshi/Library/Developer/Xcode/DerivedData/CompilationCache.noindex
    export COMPILATION_CACHE_KEEP_CAS_DIRECTORY\=YES
    export COMPILER_INDEX_STORE_ENABLE\=Default
    export COMPOSITE_SDK_DIRS\=/Users/hiroshi/Library/Developer/Xcode/DerivedData/Stats-dnsoqnkiehuhdtbbwufjsbayuioq/Build/Intermediates.noindex/CompositeSDKs
    export COMPRESS_PNG_FILES\=NO
    export CONFIGURATION\=Debug
    export CONFIGURATION_BUILD_DIR\=/Users/hiroshi/Library/Developer/Xcode/DerivedData/Stats-dnsoqnkiehuhdtbbwufjsbayuioq/Build/Products/Debug
    export CONFIGURATION_TEMP_DIR\=/Users/hiroshi/Library/Developer/Xcode/DerivedData/Stats-dnsoqnkiehuhdtbbwufjsbayuioq/Build/Intermediates.noindex/Stats.build/Debug
    export CONTENTS_FOLDER_PATH\=Stats.app/Contents
    export CONTENTS_FOLDER_PATH_SHALLOW_BUNDLE_NO\=Stats.app/Contents
    export CONTENTS_FOLDER_PATH_SHALLOW_BUNDLE_YES\=Stats.app
    export COPYING_PRESERVES_HFS_DATA\=NO
    export COPY_HEADERS_RUN_UNIFDEF\=NO
    export COPY_PHASE_STRIP\=NO
    export CP\=/bin/cp
    export CREATE_INFOPLIST_SECTION_IN_BINARY\=NO
    export CURRENT_ARCH\=undefined_arch
    export CURRENT_VARIANT\=normal
    export DEAD_CODE_STRIPPING\=YES
    export DEBUGGING_SYMBOLS\=YES
    export DEBUG_INFORMATION_FORMAT\=dwarf
    export DEBUG_INFORMATION_VERSION\=compiler-default
    export DEFAULT_COMPILER\=com.apple.compilers.llvm.clang.1_0
    export DEFAULT_DEXT_INSTALL_PATH\=/System/Library/DriverExtensions
    export DEFAULT_KEXT_INSTALL_PATH\=/System/Library/Extensions
    export DEFINES_MODULE\=NO
    export DEPLOYMENT_LOCATION\=NO
    export DEPLOYMENT_POSTPROCESSING\=NO
    export DEPLOYMENT_TARGET_SETTING_NAME\=MACOSX_DEPLOYMENT_TARGET
    export DEPLOYMENT_TARGET_SUGGESTED_VALUES\=10.13\ 10.14\ 10.15\ 11.0\ 11.1\ 11.2\ 11.3\ 11.4\ 11.5\ 12.0\ 12.2\ 12.3\ 12.4\ 13.0\ 13.1\ 13.2\ 13.3\ 13.4\ 13.5\ 14.0\ 14.1\ 14.2\ 14.3\ 14.4\ 14.5\ 14.6\ 15.0\ 15.1\ 15.2\ 15.3\ 15.4\ 15.5\ 15.6\ 26.0\ 26.1\ 26.2\ 26.3\ 26.4
    export DERIVED_FILES_DIR\=/Users/hiroshi/Library/Developer/Xcode/DerivedData/Stats-dnsoqnkiehuhdtbbwufjsbayuioq/Build/Intermediates.noindex/Stats.build/Debug/Stats.build/DerivedSources
    export DERIVED_FILE_DIR\=/Users/hiroshi/Library/Developer/Xcode/DerivedData/Stats-dnsoqnkiehuhdtbbwufjsbayuioq/Build/Intermediates.noindex/Stats.build/Debug/Stats.build/DerivedSources
    export DERIVED_SOURCES_DIR\=/Users/hiroshi/Library/Developer/Xcode/DerivedData/Stats-dnsoqnkiehuhdtbbwufjsbayuioq/Build/Intermediates.noindex/Stats.build/Debug/Stats.build/DerivedSources
    export DEVELOPER_APPLICATIONS_DIR\=/Applications/Xcode.app/Contents/Developer/Applications
    export DEVELOPER_BIN_DIR\=/Applications/Xcode.app/Contents/Developer/usr/bin
    export DEVELOPER_DIR\=/Applications/Xcode.app/Contents/Developer
    export DEVELOPER_FRAMEWORKS_DIR\=/Applications/Xcode.app/Contents/Developer/Library/Frameworks
    export DEVELOPER_FRAMEWORKS_DIR_QUOTED\=/Applications/Xcode.app/Contents/Developer/Library/Frameworks
    export DEVELOPER_LIBRARY_DIR\=/Applications/Xcode.app/Contents/Developer/Library
    export DEVELOPER_SDK_DIR\=/Applications/Xcode.app/Contents/Developer/Platforms/MacOSX.platform/Developer/SDKs
    export DEVELOPER_TOOLS_DIR\=/Applications/Xcode.app/Contents/Developer/Tools
    export DEVELOPER_USR_DIR\=/Applications/Xcode.app/Contents/Developer/usr
    export DEVELOPMENT_LANGUAGE\=en
    export DEVELOPMENT_TEAM\=76Q8Z9XK4F
    export DIAGNOSE_MISSING_TARGET_DEPENDENCIES\=YES
    export DIFF\=/usr/bin/diff
    export DOCUMENTATION_FOLDER_PATH\=Stats.app/Contents/Resources/en.lproj/Documentation
    export DONT_GENERATE_INFOPLIST_FILE\=NO
    export DSTROOT\=/tmp/Stats.dst
    export DT_TOOLCHAIN_DIR\=/Applications/Xcode.app/Contents/Developer/Toolchains/XcodeDefault.xctoolchain
    export DUMP_DEPENDENCIES\=NO
    export DUMP_DEPENDENCIES_OUTPUT_PATH\=/Users/hiroshi/Library/Developer/Xcode/DerivedData/Stats-dnsoqnkiehuhdtbbwufjsbayuioq/Build/Intermediates.noindex/Stats.build/Debug/Stats.build/Stats-BuildDependencyInfo.json
    export DWARF_DSYM_FILE_NAME\=Stats.app.dSYM
    export DWARF_DSYM_FILE_SHOULD_ACCOMPANY_PRODUCT\=NO
    export DWARF_DSYM_FOLDER_PATH\=/Users/hiroshi/Library/Developer/Xcode/DerivedData/Stats-dnsoqnkiehuhdtbbwufjsbayuioq/Build/Products/Debug
    export DYNAMIC_LIBRARY_EXTENSION\=dylib
    export EAGER_COMPILATION_ALLOW_SCRIPTS\=NO
    export EAGER_LINKING\=NO
    export EFFECTIVE_SWIFT_VERSION\=5
    export EMBEDDED_CONTENT_CONTAINS_SWIFT\=NO
    export EMBEDDED_PROFILE_NAME\=embedded.provisionprofile
    export EMBED_ASSET_PACKS_IN_PRODUCT_BUNDLE\=NO
    export ENABLE_APP_SANDBOX\=NO
    export ENABLE_CODE_COVERAGE\=YES
    export ENABLE_COHORT_ARCHS\=NO
    export ENABLE_CPLUSPLUS_BOUNDS_SAFE_BUFFERS\=NO
    export ENABLE_C_BOUNDS_SAFETY\=NO
    export ENABLE_DEBUG_DYLIB\=YES
    export ENABLE_DEFAULT_HEADER_SEARCH_PATHS\=YES
    export ENABLE_DEFAULT_SEARCH_PATHS\=YES
    export ENABLE_ENHANCED_SECURITY\=NO
    export ENABLE_HARDENED_RUNTIME\=NO
    export ENABLE_HEADER_DEPENDENCIES\=YES
    export ENABLE_INCOMING_NETWORK_CONNECTIONS\=NO
    export ENABLE_ON_DEMAND_RESOURCES\=NO
    export ENABLE_OUTGOING_NETWORK_CONNECTIONS\=NO
    export ENABLE_POINTER_AUTHENTICATION\=NO
    export ENABLE_PREVIEWS\=NO
    export ENABLE_RESOURCE_ACCESS_AUDIO_INPUT\=NO
    export ENABLE_RESOURCE_ACCESS_BLUETOOTH\=NO
    export ENABLE_RESOURCE_ACCESS_CALENDARS\=NO
    export ENABLE_RESOURCE_ACCESS_CAMERA\=NO
    export ENABLE_RESOURCE_ACCESS_CONTACTS\=NO
    export ENABLE_RESOURCE_ACCESS_LOCATION\=NO
    export ENABLE_RESOURCE_ACCESS_PHOTO_LIBRARY\=NO
    export ENABLE_RESOURCE_ACCESS_PRINTING\=NO
    export ENABLE_RESOURCE_ACCESS_USB\=NO
    export ENABLE_SDK_IMPORTS\=NO
    export ENABLE_SECURITY_COMPILER_WARNINGS\=NO
    export ENABLE_STRICT_OBJC_MSGSEND\=YES
    export ENABLE_TESTABILITY\=YES
    export ENABLE_TESTING_SEARCH_PATHS\=NO
    export ENABLE_USER_SCRIPT_SANDBOXING\=NO
    export ENABLE_XOJIT_PREVIEWS\=YES
    export ENFORCE_VALID_ARCHS\=YES
    export ENTITLEMENTS_ALLOWED\=YES
    export ENTITLEMENTS_DESTINATION\=Signature
    export ENTITLEMENTS_REQUIRED\=NO
    export EXCLUDED_INSTALLSRC_SUBDIRECTORY_PATTERNS\=.DS_Store\ .svn\ .git\ .hg\ CVS
    export EXCLUDED_RECURSIVE_SEARCH_PATH_SUBDIRECTORIES\=\*.nib\ \*.lproj\ \*.framework\ \*.gch\ \*.xcode\*\ \*.xcassets\ \*.icon\ \(\*\)\ .DS_Store\ CVS\ .svn\ .git\ .hg\ \*.pbproj\ \*.pbxproj
    export EXECUTABLES_FOLDER_PATH\=Stats.app/Contents/Executables
    export EXECUTABLE_BLANK_INJECTION_DYLIB_PATH\=Stats.app/Contents/MacOS/__preview.dylib
    export EXECUTABLE_DEBUG_DYLIB_INSTALL_NAME\=@rpath/Stats.debug.dylib
    export EXECUTABLE_DEBUG_DYLIB_PATH\=Stats.app/Contents/MacOS/Stats.debug.dylib
    export EXECUTABLE_FOLDER_PATH\=Stats.app/Contents/MacOS
    export EXECUTABLE_FOLDER_PATH_SHALLOW_BUNDLE_NO\=Stats.app/Contents/MacOS
    export EXECUTABLE_FOLDER_PATH_SHALLOW_BUNDLE_YES\=Stats.app/Contents
    export EXECUTABLE_NAME\=Stats
    export EXECUTABLE_PATH\=Stats.app/Contents/MacOS/Stats
    export EXPANDED_CODE_SIGN_IDENTITY\=-
    export EXPANDED_CODE_SIGN_IDENTITY_NAME\=Sign\ to\ Run\ Locally
    export EXTENSIONS_FOLDER_PATH\=Stats.app/Contents/Extensions
    export FILE_LIST\=/Users/hiroshi/Library/Developer/Xcode/DerivedData/Stats-dnsoqnkiehuhdtbbwufjsbayuioq/Build/Intermediates.noindex/Stats.build/Debug/Stats.build/Objects/LinkFileList
    export FIXED_FILES_DIR\=/Users/hiroshi/Library/Developer/Xcode/DerivedData/Stats-dnsoqnkiehuhdtbbwufjsbayuioq/Build/Intermediates.noindex/Stats.build/Debug/Stats.build/FixedFiles
    export FRAMEWORKS_FOLDER_PATH\=Stats.app/Contents/Frameworks
    export FRAMEWORK_FLAG_PREFIX\=-framework
    export FRAMEWORK_SEARCH_PATHS\=/Users/hiroshi/Library/Developer/Xcode/DerivedData/Stats-dnsoqnkiehuhdtbbwufjsbayuioq/Build/Products/Debug\ \ /Users/hiroshi/Desktop/MyStats\ /Library/Frameworks
    export FRAMEWORK_VERSION\=A
    export FULL_PRODUCT_NAME\=Stats.app
    export FUSE_BUILD_PHASES\=YES
    export FUSE_BUILD_SCRIPT_PHASES\=NO
    export GCC3_VERSION\=3.3
    export GCC_C_LANGUAGE_STANDARD\=gnu11
    export GCC_DYNAMIC_NO_PIC\=NO
    export GCC_INLINES_ARE_PRIVATE_EXTERN\=YES
    export GCC_NO_COMMON_BLOCKS\=YES
    export GCC_OPTIMIZATION_LEVEL\=0
    export GCC_PFE_FILE_C_DIALECTS\=c\ objective-c\ c++\ objective-c++
    export GCC_PREPROCESSOR_DEFINITIONS\=DEBUG\=1\ 
    export GCC_SYMBOLS_PRIVATE_EXTERN\=NO
    export GCC_TREAT_WARNINGS_AS_ERRORS\=NO
    export GCC_VERSION\=com.apple.compilers.llvm.clang.1_0
    export GCC_VERSION_IDENTIFIER\=com_apple_compilers_llvm_clang_1_0
    export GCC_WARN_64_TO_32_BIT_CONVERSION\=YES
    export GCC_WARN_ABOUT_RETURN_TYPE\=YES_ERROR
    export GCC_WARN_ID_AS_CONDITION\=YES
    export GCC_WARN_UNDECLARED_SELECTOR\=YES
    export GCC_WARN_UNINITIALIZED_AUTOS\=YES_AGGRESSIVE
    export GCC_WARN_UNUSED_FUNCTION\=YES
    export GCC_WARN_UNUSED_VARIABLE\=YES
    export GENERATED_MODULEMAP_DIR\=/Users/hiroshi/Library/Developer/Xcode/DerivedData/Stats-dnsoqnkiehuhdtbbwufjsbayuioq/Build/Intermediates.noindex/GeneratedModuleMaps
    export GENERATE_INFOPLIST_FILE\=NO
    export GENERATE_INTERMEDIATE_TEXT_BASED_STUBS\=YES
    export GENERATE_PKGINFO_FILE\=YES
    export GENERATE_PRELINK_OBJECT_FILE\=NO
    export GENERATE_PROFILING_CODE\=NO
    export GENERATE_TEXT_BASED_STUBS\=NO
    export GID\=20
    export GROUP\=staff
    export HEADERMAP_INCLUDES_FLAT_ENTRIES_FOR_TARGET_BEING_BUILT\=YES
    export HEADERMAP_INCLUDES_FRAMEWORK_ENTRIES_FOR_ALL_PRODUCT_TYPES\=YES
    export HEADERMAP_INCLUDES_FRAMEWORK_ENTRIES_FOR_TARGETS_NOT_BEING_BUILT\=YES
    export HEADERMAP_INCLUDES_NONPUBLIC_NONPRIVATE_HEADERS\=YES
    export HEADERMAP_INCLUDES_PROJECT_HEADERS\=YES
    export HEADERMAP_USES_FRAMEWORK_PREFIX_ENTRIES\=YES
    export HEADERMAP_USES_VFS\=NO
    export HEADER_SEARCH_PATHS\=/Users/hiroshi/Library/Developer/Xcode/DerivedData/Stats-dnsoqnkiehuhdtbbwufjsbayuioq/Build/Products/Debug/include\ 
    export HOME\=/Users/hiroshi
    export HOST_ARCH\=arm64
    export HOST_PLATFORM\=macosx
    export ICONV\=/usr/bin/iconv
    export IMPLICIT_DEPENDENCY_DOMAIN\=default
    export INDEX_STORE_COMPRESS\=NO
    export INDEX_STORE_ONLY_PROJECT_FILES\=NO
    export INFOPLIST_ENABLE_CFBUNDLEICONS_MERGE\=YES
    export INFOPLIST_EXPAND_BUILD_SETTINGS\=YES
    export INFOPLIST_FILE\=/Users/hiroshi/Desktop/MyStats/Stats/Supporting\ Files/Info.plist
    export INFOPLIST_KEY_CFBundleDisplayName\=Stats
    export INFOPLIST_KEY_LSApplicationCategoryType\=public.app-category.utilities
    export INFOPLIST_OUTPUT_FORMAT\=same-as-input
    export INFOPLIST_PATH\=Stats.app/Contents/Info.plist
    export INFOPLIST_PREPROCESS\=NO
    export INFOSTRINGS_PATH\=Stats.app/Contents/Resources/en.lproj/InfoPlist.strings
    export INLINE_PRIVATE_FRAMEWORKS\=NO
    export INSTALLAPI_IGNORE_SKIP_INSTALL\=YES
    export INSTALLHDRS_COPY_PHASE\=NO
    export INSTALLHDRS_SCRIPT_PHASE\=NO
    export INSTALL_DIR\=/tmp/Stats.dst/Applications
    export INSTALL_GROUP\=staff
    export INSTALL_MODE_FLAG\=u+w,go-w,a+rX
    export INSTALL_OWNER\=hiroshi
    export INSTALL_PATH\=/Applications
    export INSTALL_ROOT\=/tmp/Stats.dst
    export IOS_UNZIPPERED_TWIN_PREFIX_PATH\=/System/iOSSupport
    export IS_MACCATALYST\=NO
    export IS_UNOPTIMIZED_BUILD\=YES
    export JAVAC_DEFAULT_FLAGS\=-J-Xms64m\ -J-XX:NewSize\=4M\ -J-Dfile.encoding\=UTF8
    export JAVA_APP_STUB\=/System/Library/Frameworks/JavaVM.framework/Resources/MacOS/JavaApplicationStub
    export JAVA_ARCHIVE_CLASSES\=YES
    export JAVA_ARCHIVE_TYPE\=JAR
    export JAVA_COMPILER\=/usr/bin/javac
    export JAVA_FOLDER_PATH\=Stats.app/Contents/Resources/Java
    export JAVA_FRAMEWORK_RESOURCES_DIRS\=Resources
    export JAVA_JAR_FLAGS\=cv
    export JAVA_SOURCE_SUBDIR\=.
    export JAVA_USE_DEPENDENCIES\=YES
    export JAVA_ZIP_FLAGS\=-urg
    export JIKES_DEFAULT_FLAGS\=+E\ +OLDCSO
    export KASAN_CFLAGS_CLASSIC\=-DKASAN\=1\ -DKASAN_CLASSIC\=1\ -fsanitize\=address\ -mllvm\ -asan-globals-live-support\ -mllvm\ -asan-force-dynamic-shadow
    export KASAN_CFLAGS_TBI\=-DKASAN\=1\ -DKASAN_TBI\=1\ -fsanitize\=kernel-hwaddress\ -mllvm\ -hwasan-recover\=0\ -mllvm\ -hwasan-instrument-atomics\=0\ -mllvm\ -hwasan-instrument-stack\=1\ -mllvm\ -hwasan-generate-tags-with-calls\=1\ -mllvm\ -hwasan-instrument-with-calls\=1\ -mllvm\ -hwasan-use-short-granules\=0\ -mllvm\ -hwasan-memory-access-callback-prefix\=__asan_
    export KASAN_DEFAULT_CFLAGS\=-DKASAN\=1\ -DKASAN_CLASSIC\=1\ -fsanitize\=address\ -mllvm\ -asan-globals-live-support\ -mllvm\ -asan-force-dynamic-shadow
    export KEEP_PRIVATE_EXTERNS\=NO
    export LD_DEPENDENCY_INFO_FILE\=/Users/hiroshi/Library/Developer/Xcode/DerivedData/Stats-dnsoqnkiehuhdtbbwufjsbayuioq/Build/Intermediates.noindex/Stats.build/Debug/Stats.build/Objects-normal/undefined_arch/Stats_dependency_info.dat
    export LD_EXPORT_SYMBOLS\=YES
    export LD_GENERATE_MAP_FILE\=NO
    export LD_MAP_FILE_PATH\=/Users/hiroshi/Library/Developer/Xcode/DerivedData/Stats-dnsoqnkiehuhdtbbwufjsbayuioq/Build/Intermediates.noindex/Stats.build/Debug/Stats.build/Stats-LinkMap-normal-undefined_arch.txt
    export LD_NO_PIE\=NO
    export LD_QUOTE_LINKER_ARGUMENTS_FOR_COMPILER_DRIVER\=YES
    export LD_RUNPATH_SEARCH_PATHS\=\ @executable_path/../Frameworks
    export LD_RUNPATH_SEARCH_PATHS_YES\=@loader_path/../Frameworks
    export LD_SHARED_CACHE_ELIGIBLE\=Automatic
    export LD_WARN_DUPLICATE_LIBRARIES\=NO
    export LD_WARN_UNUSED_DYLIBS\=NO
    export LEGACY_DEVELOPER_DIR\=/Applications/Xcode.app/Contents/PlugIns/Xcode3Core.ideplugin/Contents/SharedSupport/Developer
    export LEX\=lex
    export LIBRARY_DEXT_INSTALL_PATH\=/Library/DriverExtensions
    export LIBRARY_FLAG_NOSPACE\=YES
    export LIBRARY_FLAG_PREFIX\=-l
    export LIBRARY_KEXT_INSTALL_PATH\=/Library/Extensions
    export LIBRARY_SEARCH_PATHS\=/Users/hiroshi/Library/Developer/Xcode/DerivedData/Stats-dnsoqnkiehuhdtbbwufjsbayuioq/Build/Products/Debug\ 
    export LINKER_DISPLAYS_MANGLED_NAMES\=NO
    export LINK_FILE_LIST_normal_arm64\=/Users/hiroshi/Library/Developer/Xcode/DerivedData/Stats-dnsoqnkiehuhdtbbwufjsbayuioq/Build/Intermediates.noindex/Stats.build/Debug/Stats.build/Objects-normal/arm64/Stats.LinkFileList
    export LINK_OBJC_RUNTIME\=YES
    export LINK_WITH_STANDARD_LIBRARIES\=YES
    export LLVM_TARGET_TRIPLE_OS_VERSION\=macos14.0
    export LLVM_TARGET_TRIPLE_OS_VERSION_NO\=macos14.0
    export LLVM_TARGET_TRIPLE_OS_VERSION_YES\=macos26.4
    export LLVM_TARGET_TRIPLE_VENDOR\=apple
    export LM_AUX_CONST_METADATA_LIST_PATH_normal_arm64\=/Users/hiroshi/Library/Developer/Xcode/DerivedData/Stats-dnsoqnkiehuhdtbbwufjsbayuioq/Build/Intermediates.noindex/Stats.build/Debug/Stats.build/Objects-normal/arm64/Stats.SwiftConstValuesFileList
    export LOCALIZATION_EXPORT_SUPPORTED\=YES
    export LOCALIZATION_PREFERS_STRING_CATALOGS\=NO
    export LOCALIZED_RESOURCES_FOLDER_PATH\=Stats.app/Contents/Resources/en.lproj
    export LOCALIZED_STRING_CODE_COMMENTS\=NO
    export LOCALIZED_STRING_MACRO_NAMES\=NSLocalizedString\ CFCopyLocalizedString
    export LOCALIZED_STRING_SWIFTUI_SUPPORT\=YES
    export LOCAL_ADMIN_APPS_DIR\=/Applications/Utilities
    export LOCAL_APPS_DIR\=/Applications
    export LOCAL_DEVELOPER_DIR\=/Library/Developer
    export LOCAL_LIBRARY_DIR\=/Library
    export LOCROOT\=/Users/hiroshi/Desktop/MyStats
    export LOCSYMROOT\=/Users/hiroshi/Desktop/MyStats
    export MACH_O_TYPE\=mh_execute
    export MACOSX_DEPLOYMENT_TARGET\=14.0
    export MAC_OS_X_PRODUCT_BUILD_VERSION\=25E253
    export MAC_OS_X_VERSION_ACTUAL\=260401
    export MAC_OS_X_VERSION_MAJOR\=260000
    export MAC_OS_X_VERSION_MINOR\=260400
    export MAKE_MERGEABLE\=NO
    export MARKETING_VERSION\=2.12.13
    export MERGEABLE_LIBRARY\=NO
    export MERGED_BINARY_TYPE\=none
    export MERGE_LINKED_LIBRARIES\=NO
    export METAL_LIBRARY_FILE_BASE\=default
    export METAL_LIBRARY_OUTPUT_DIR\=/Users/hiroshi/Library/Developer/Xcode/DerivedData/Stats-dnsoqnkiehuhdtbbwufjsbayuioq/Build/Products/Debug/Stats.app/Contents/Resources
    export MODULES_FOLDER_PATH\=Stats.app/Contents/Modules
    export MODULE_CACHE_DIR\=/Users/hiroshi/Library/Developer/Xcode/DerivedData/ModuleCache.noindex
    export MTL_ENABLE_DEBUG_INFO\=INCLUDE_SOURCE
    export MTL_FAST_MATH\=YES
    export NATIVE_ARCH\=arm64
    export NATIVE_ARCH_32_BIT\=arm
    export NATIVE_ARCH_64_BIT\=arm64
    export NATIVE_ARCH_ACTUAL\=arm64
    export NO_COMMON\=YES
    export OBJECT_FILE_DIR\=/Users/hiroshi/Library/Developer/Xcode/DerivedData/Stats-dnsoqnkiehuhdtbbwufjsbayuioq/Build/Intermediates.noindex/Stats.build/Debug/Stats.build/Objects
    export OBJECT_FILE_DIR_normal\=/Users/hiroshi/Library/Developer/Xcode/DerivedData/Stats-dnsoqnkiehuhdtbbwufjsbayuioq/Build/Intermediates.noindex/Stats.build/Debug/Stats.build/Objects-normal
    export OBJROOT\=/Users/hiroshi/Library/Developer/Xcode/DerivedData/Stats-dnsoqnkiehuhdtbbwufjsbayuioq/Build/Intermediates.noindex
    export ONLY_ACTIVE_ARCH\=YES
    export OS\=MACOS
    export OSAC\=/usr/bin/osacompile
    export PACKAGE_TYPE\=com.apple.package-type.wrapper.application
    export PASCAL_STRINGS\=YES
    export PATH\=/Applications/Xcode.app/Contents/SharedFrameworks/SwiftBuild.framework/Versions/A/PlugIns/SWBBuildService.bundle/Contents/PlugIns/SWBUniversalPlatformPlugin.bundle/Contents/Frameworks/SWBUniversalPlatform.framework/Resources:/var/run/com.apple.security.cryptexd/mnt/com.apple.MobileAsset.MetalToolchain-v17.5.188.0.TLte2p/Metal.xctoolchain/usr/bin:/var/run/com.apple.security.cryptexd/mnt/com.apple.MobileAsset.MetalToolchain-v17.5.188.0.TLte2p/Metal.xctoolchain/usr/local/bin:/var/run/com.apple.security.cryptexd/mnt/com.apple.MobileAsset.MetalToolchain-v17.5.188.0.TLte2p/Metal.xctoolchain/usr/libexec:/Applications/Xcode.app/Contents/Developer/Toolchains/XcodeDefault.xctoolchain/usr/bin:/Applications/Xcode.app/Contents/Developer/Toolchains/XcodeDefault.xctoolchain/usr/local/bin:/Applications/Xcode.app/Contents/Developer/Toolchains/XcodeDefault.xctoolchain/usr/libexec:/Applications/Xcode.app/Contents/Developer/Platforms/MacOSX.platform/usr/bin:/Applications/Xcode.app/Contents/Developer/Platforms/MacOSX.platform/usr/local/bin:/Applications/Xcode.app/Contents/Developer/Platforms/MacOSX.platform/Developer/usr/bin:/Applications/Xcode.app/Contents/Developer/Platforms/MacOSX.platform/Developer/usr/local/bin:/Applications/Xcode.app/Contents/Developer/usr/bin:/Applications/Xcode.app/Contents/Developer/usr/local/bin:/Users/hiroshi/.pyenv/shims:/Users/hiroshi/.pyenv/bin:/opt/homebrew/bin:/opt/homebrew/sbin:/usr/local/bin:/usr/bin:/usr/sbin:/bin:/sbin:/System/Cryptexes/App/usr/bin:/var/run/com.apple.security.cryptexd/codex.system/bootstrap/usr/local/bin:/var/run/com.apple.security.cryptexd/codex.system/bootstrap/usr/bin:/var/run/com.apple.security.cryptexd/codex.system/bootstrap/usr/appleinternal/bin:/Library/Apple/usr/bin:/Users/hiroshi/.local/bin:/Users/hiroshi/Library/Android/sdk/platform-tools:/Users/hiroshi/.antigravity/antigravity/bin
    export PATH_PREFIXES_EXCLUDED_FROM_HEADER_DEPENDENCIES\=/usr/include\ /usr/local/include\ /System/Library/Frameworks\ /System/Library/PrivateFrameworks\ /Applications/Xcode.app/Contents/Developer/Headers\ /Applications/Xcode.app/Contents/Developer/SDKs\ /Applications/Xcode.app/Contents/Developer/Platforms
    export PBDEVELOPMENTPLIST_PATH\=Stats.app/Contents/pbdevelopment.plist
    export PER_ARCH_MODULE_FILE_DIR\=/Users/hiroshi/Library/Developer/Xcode/DerivedData/Stats-dnsoqnkiehuhdtbbwufjsbayuioq/Build/Intermediates.noindex/Stats.build/Debug/Stats.build/Objects-normal/undefined_arch
    export PER_ARCH_OBJECT_FILE_DIR\=/Users/hiroshi/Library/Developer/Xcode/DerivedData/Stats-dnsoqnkiehuhdtbbwufjsbayuioq/Build/Intermediates.noindex/Stats.build/Debug/Stats.build/Objects-normal/undefined_arch
    export PER_VARIANT_OBJECT_FILE_DIR\=/Users/hiroshi/Library/Developer/Xcode/DerivedData/Stats-dnsoqnkiehuhdtbbwufjsbayuioq/Build/Intermediates.noindex/Stats.build/Debug/Stats.build/Objects-normal
    export PKGINFO_FILE_PATH\=/Users/hiroshi/Library/Developer/Xcode/DerivedData/Stats-dnsoqnkiehuhdtbbwufjsbayuioq/Build/Intermediates.noindex/Stats.build/Debug/Stats.build/PkgInfo
    export PKGINFO_PATH\=Stats.app/Contents/PkgInfo
    export PLATFORM_DEVELOPER_APPLICATIONS_DIR\=/Applications/Xcode.app/Contents/Developer/Applications
    export PLATFORM_DEVELOPER_BIN_DIR\=/Applications/Xcode.app/Contents/Developer/usr/bin
    export PLATFORM_DEVELOPER_LIBRARY_DIR\=/Applications/Xcode.app/Contents/Developer/Library
    export PLATFORM_DEVELOPER_SDK_DIR\=/Applications/Xcode.app/Contents/Developer/Platforms/MacOSX.platform/Developer/SDKs
    export PLATFORM_DEVELOPER_TOOLS_DIR\=/Applications/Xcode.app/Contents/Developer/Tools
    export PLATFORM_DEVELOPER_USR_DIR\=/Applications/Xcode.app/Contents/Developer/usr
    export PLATFORM_DIR\=/Applications/Xcode.app/Contents/Developer/Platforms/MacOSX.platform
    export PLATFORM_DISPLAY_NAME\=macOS
    export PLATFORM_FAMILY_NAME\=macOS
    export PLATFORM_NAME\=macosx
    export PLATFORM_PREFERRED_ARCH\=x86_64
    export PLATFORM_PRODUCT_BUILD_VERSION\=25E251
    export PLATFORM_REQUIRES_SWIFT_AUTOLINK_EXTRACT\=NO
    export PLATFORM_REQUIRES_SWIFT_MODULEWRAP\=NO
    export PLATFORM_USES_DSYMS\=YES
    export PLIST_FILE_OUTPUT_FORMAT\=same-as-input
    export PLUGINS_FOLDER_PATH\=Stats.app/Contents/PlugIns
    export PRECOMPS_INCLUDE_HEADERS_FROM_BUILT_PRODUCTS_DIR\=YES
    export PRECOMP_DESTINATION_DIR\=/Users/hiroshi/Library/Developer/Xcode/DerivedData/Stats-dnsoqnkiehuhdtbbwufjsbayuioq/Build/Intermediates.noindex/Stats.build/Debug/Stats.build/PrefixHeaders
    export PRIVATE_HEADERS_FOLDER_PATH\=Stats.app/Contents/PrivateHeaders
    export PROCESSED_INFOPLIST_PATH\=/Users/hiroshi/Library/Developer/Xcode/DerivedData/Stats-dnsoqnkiehuhdtbbwufjsbayuioq/Build/Intermediates.noindex/Stats.build/Debug/Stats.build/Objects-normal/undefined_arch/Processed-Info.plist
    export PRODUCT_BUNDLE_IDENTIFIER\=eu.exelban.Stats
    export PRODUCT_BUNDLE_PACKAGE_TYPE\=APPL
    export PRODUCT_MODULE_NAME\=Stats
    export PRODUCT_NAME\=Stats
    export PRODUCT_SETTINGS_PATH\=/Users/hiroshi/Desktop/MyStats/Stats/Supporting\ Files/Info.plist
    export PRODUCT_TYPE\=com.apple.product-type.application
    export PROFILING_CODE\=NO
    export PROJECT\=Stats
    export PROJECT_DERIVED_FILE_DIR\=/Users/hiroshi/Library/Developer/Xcode/DerivedData/Stats-dnsoqnkiehuhdtbbwufjsbayuioq/Build/Intermediates.noindex/Stats.build/DerivedSources
    export PROJECT_DIR\=/Users/hiroshi/Desktop/MyStats
    export PROJECT_FILE_PATH\=/Users/hiroshi/Desktop/MyStats/Stats.xcodeproj
    export PROJECT_GUID\=fe63de269265f3f6b52a574bca440427
    export PROJECT_NAME\=Stats
    export PROJECT_TEMP_DIR\=/Users/hiroshi/Library/Developer/Xcode/DerivedData/Stats-dnsoqnkiehuhdtbbwufjsbayuioq/Build/Intermediates.noindex/Stats.build
    export PROJECT_TEMP_ROOT\=/Users/hiroshi/Library/Developer/Xcode/DerivedData/Stats-dnsoqnkiehuhdtbbwufjsbayuioq/Build/Intermediates.noindex
    export PROVISIONING_PROFILE_REQUIRED\=NO
    export PROVISIONING_PROFILE_REQUIRED_YES_YES\=YES
    export PROVISIONING_PROFILE_SUPPORTED\=YES
    export PUBLIC_HEADERS_FOLDER_PATH\=Stats.app/Contents/Headers
    export RECOMMENDED_MACOSX_DEPLOYMENT_TARGET\=11.0
    export RECURSIVE_SEARCH_PATHS_FOLLOW_SYMLINKS\=YES
    export REGISTER_APP_GROUPS\=YES
    export REMOVE_CVS_FROM_RESOURCES\=YES
    export REMOVE_GIT_FROM_RESOURCES\=YES
    export REMOVE_HEADERS_FROM_EMBEDDED_BUNDLES\=YES
    export REMOVE_HG_FROM_RESOURCES\=YES
    export REMOVE_STATIC_EXECUTABLES_FROM_EMBEDDED_BUNDLES\=YES
    export REMOVE_SVN_FROM_RESOURCES\=YES
    export RESCHEDULE_INDEPENDENT_HEADERS_PHASES\=YES
    export REZ_COLLECTOR_DIR\=/Users/hiroshi/Library/Developer/Xcode/DerivedData/Stats-dnsoqnkiehuhdtbbwufjsbayuioq/Build/Intermediates.noindex/Stats.build/Debug/Stats.build/ResourceManagerResources
    export REZ_OBJECTS_DIR\=/Users/hiroshi/Library/Developer/Xcode/DerivedData/Stats-dnsoqnkiehuhdtbbwufjsbayuioq/Build/Intermediates.noindex/Stats.build/Debug/Stats.build/ResourceManagerResources/Objects
    export REZ_SEARCH_PATHS\=/Users/hiroshi/Library/Developer/Xcode/DerivedData/Stats-dnsoqnkiehuhdtbbwufjsbayuioq/Build/Products/Debug\ 
    export RPATH_ORIGIN\=@loader_path
    export RUNTIME_EXCEPTION_ALLOW_DYLD_ENVIRONMENT_VARIABLES\=NO
    export RUNTIME_EXCEPTION_ALLOW_JIT\=NO
    export RUNTIME_EXCEPTION_ALLOW_UNSIGNED_EXECUTABLE_MEMORY\=NO
    export RUNTIME_EXCEPTION_DEBUGGING_TOOL\=NO
    export RUNTIME_EXCEPTION_DISABLE_EXECUTABLE_PAGE_PROTECTION\=NO
    export RUNTIME_EXCEPTION_DISABLE_LIBRARY_VALIDATION\=NO
    export SCANNING_PCM_KEEP_CACHE_DIRECTORY\=YES
    export SCAN_ALL_SOURCE_FILES_FOR_INCLUDES\=NO
    export SCRIPTS_FOLDER_PATH\=Stats.app/Contents/Resources/Scripts
    export SCRIPT_INPUT_FILE_COUNT\=0
    export SCRIPT_INPUT_FILE_LIST_COUNT\=0
    export SCRIPT_OUTPUT_FILE_COUNT\=0
    export SCRIPT_OUTPUT_FILE_LIST_COUNT\=0
    export SDKROOT\=/Applications/Xcode.app/Contents/Developer/Platforms/MacOSX.platform/Developer/SDKs/MacOSX26.4.sdk
    export SDK_DIR\=/Applications/Xcode.app/Contents/Developer/Platforms/MacOSX.platform/Developer/SDKs/MacOSX26.4.sdk
    export SDK_DIR_macosx\=/Applications/Xcode.app/Contents/Developer/Platforms/MacOSX.platform/Developer/SDKs/MacOSX26.4.sdk
    export SDK_DIR_macosx26_4\=/Applications/Xcode.app/Contents/Developer/Platforms/MacOSX.platform/Developer/SDKs/MacOSX26.4.sdk
    export SDK_NAME\=macosx26.4
    export SDK_NAMES\=macosx26.4
    export SDK_PRODUCT_BUILD_VERSION\=25E251
    export SDK_STAT_CACHE_DIR\=/Users/hiroshi/Library/Developer/Xcode/DerivedData
    export SDK_STAT_CACHE_ENABLE\=YES
    export SDK_STAT_CACHE_PATH\=/Users/hiroshi/Library/Developer/Xcode/DerivedData/SDKStatCaches.noindex/macosx26.4-25E251-688ef53f1462e2c8f657fdc38a81448f30f9ca8789b706f8bd3fc906a70d770f.sdkstatcache
    export SDK_VERSION\=26.4
    export SDK_VERSION_ACTUAL\=260400
    export SDK_VERSION_MAJOR\=260000
    export SDK_VERSION_MINOR\=260400
    export SED\=/usr/bin/sed
    export SEPARATE_STRIP\=NO
    export SEPARATE_SYMBOL_EDIT\=NO
    export SET_DIR_MODE_OWNER_GROUP\=YES
    export SET_FILE_MODE_OWNER_GROUP\=NO
    export SHALLOW_BUNDLE\=NO
    export SHALLOW_BUNDLE_PLATFORM\=NO
    export SHALLOW_BUNDLE_TRIPLE\=macos
    export SHALLOW_BUNDLE_ios_macabi\=NO
    export SHALLOW_BUNDLE_macos\=NO
    export SHARED_DERIVED_FILE_DIR\=/Users/hiroshi/Library/Developer/Xcode/DerivedData/Stats-dnsoqnkiehuhdtbbwufjsbayuioq/Build/Products/Debug/DerivedSources
    export SHARED_FRAMEWORKS_FOLDER_PATH\=Stats.app/Contents/SharedFrameworks
    export SHARED_PRECOMPS_DIR\=/Users/hiroshi/Library/Developer/Xcode/DerivedData/Stats-dnsoqnkiehuhdtbbwufjsbayuioq/Build/Intermediates.noindex/PrecompiledHeaders
    export SHARED_SUPPORT_FOLDER_PATH\=Stats.app/Contents/SharedSupport
    export SKIP_INSTALL\=NO
    export SKIP_MERGEABLE_LIBRARY_BUNDLE_HOOK\=NO
    export SOURCE_ROOT\=/Users/hiroshi/Desktop/MyStats
    export SRCROOT\=/Users/hiroshi/Desktop/MyStats
    export STRINGSDATA_DIR\=/Users/hiroshi/Library/Developer/Xcode/DerivedData/Stats-dnsoqnkiehuhdtbbwufjsbayuioq/Build/Intermediates.noindex/Stats.build/Debug/Stats.build/Objects-normal/undefined_arch
    export STRINGSDATA_ROOT\=/Users/hiroshi/Library/Developer/Xcode/DerivedData/Stats-dnsoqnkiehuhdtbbwufjsbayuioq/Build/Intermediates.noindex/Stats.build/Debug/Stats.build
    export STRINGS_FILE_INFOPLIST_RENAME\=YES
    export STRINGS_FILE_OUTPUT_ENCODING\=UTF-16
    export STRING_CATALOG_GENERATE_SYMBOLS\=YES
    export STRIP_BITCODE_FROM_COPIED_FILES\=NO
    export STRIP_INSTALLED_PRODUCT\=NO
    export STRIP_PNG_TEXT\=NO
    export STRIP_STYLE\=all
    export STRIP_SWIFT_SYMBOLS\=YES
    export SUPPORTED_PLATFORMS\=macosx
    export SUPPORTS_MACCATALYST\=NO
    export SUPPORTS_ON_DEMAND_RESOURCES\=NO
    export SUPPORTS_TEXT_BASED_API\=NO
    export SUPPRESS_WARNINGS\=NO
    export SWIFT_ACTIVE_COMPILATION_CONDITIONS\=DEBUG
    export SWIFT_EMIT_CONST_VALUE_PROTOCOLS\=AnyResolverProviding\ AppEntity\ AppEnum\ AppExtension\ AppIntent\ AppIntentsPackage\ AppShortcutProviding\ AppShortcutsProvider\ DynamicOptionsProvider\ EntityQuery\ ExtensionPointDefining\ IntentValueQuery\ Resolver\ TransientEntity\ _AssistantIntentsProvider\ _GenerativeFunctionExtractable\ _IntentValueRepresentable
    export SWIFT_EMIT_LOC_STRINGS\=YES
    export SWIFT_ENABLE_EXPLICIT_MODULES\=YES
    export SWIFT_OPTIMIZATION_LEVEL\=-Onone
    export SWIFT_PLATFORM_TARGET_PREFIX\=macos
    export SWIFT_RESPONSE_FILE_PATH_normal_arm64\=/Users/hiroshi/Library/Developer/Xcode/DerivedData/Stats-dnsoqnkiehuhdtbbwufjsbayuioq/Build/Intermediates.noindex/Stats.build/Debug/Stats.build/Objects-normal/arm64/Stats.SwiftFileList
    export SWIFT_VERSION\=5.0
    export SYMROOT\=/Users/hiroshi/Library/Developer/Xcode/DerivedData/Stats-dnsoqnkiehuhdtbbwufjsbayuioq/Build/Products
    export SYSTEM_ADMIN_APPS_DIR\=/Applications/Utilities
    export SYSTEM_APPS_DIR\=/Applications
    export SYSTEM_CORE_SERVICES_DIR\=/System/Library/CoreServices
    export SYSTEM_DEMOS_DIR\=/Applications/Extras
    export SYSTEM_DEVELOPER_APPS_DIR\=/Applications/Xcode.app/Contents/Developer/Applications
    export SYSTEM_DEVELOPER_BIN_DIR\=/Applications/Xcode.app/Contents/Developer/usr/bin
    export SYSTEM_DEVELOPER_DEMOS_DIR\=/Applications/Xcode.app/Contents/Developer/Applications/Utilities/Built\ Examples
    export SYSTEM_DEVELOPER_DIR\=/Applications/Xcode.app/Contents/Developer
    export SYSTEM_DEVELOPER_DOC_DIR\=/Applications/Xcode.app/Contents/Developer/ADC\ Reference\ Library
    export SYSTEM_DEVELOPER_GRAPHICS_TOOLS_DIR\=/Applications/Xcode.app/Contents/Developer/Applications/Graphics\ Tools
    export SYSTEM_DEVELOPER_JAVA_TOOLS_DIR\=/Applications/Xcode.app/Contents/Developer/Applications/Java\ Tools
    export SYSTEM_DEVELOPER_PERFORMANCE_TOOLS_DIR\=/Applications/Xcode.app/Contents/Developer/Applications/Performance\ Tools
    export SYSTEM_DEVELOPER_RELEASENOTES_DIR\=/Applications/Xcode.app/Contents/Developer/ADC\ Reference\ Library/releasenotes
    export SYSTEM_DEVELOPER_TOOLS\=/Applications/Xcode.app/Contents/Developer/Tools
    export SYSTEM_DEVELOPER_TOOLS_DOC_DIR\=/Applications/Xcode.app/Contents/Developer/ADC\ Reference\ Library/documentation/DeveloperTools
    export SYSTEM_DEVELOPER_TOOLS_RELEASENOTES_DIR\=/Applications/Xcode.app/Contents/Developer/ADC\ Reference\ Library/releasenotes/DeveloperTools
    export SYSTEM_DEVELOPER_USR_DIR\=/Applications/Xcode.app/Contents/Developer/usr
    export SYSTEM_DEVELOPER_UTILITIES_DIR\=/Applications/Xcode.app/Contents/Developer/Applications/Utilities
    export SYSTEM_DEXT_INSTALL_PATH\=/System/Library/DriverExtensions
    export SYSTEM_DOCUMENTATION_DIR\=/Library/Documentation
    export SYSTEM_EXTENSIONS_FOLDER_PATH\=Stats.app/Contents/Library/SystemExtensions
    export SYSTEM_EXTENSIONS_FOLDER_PATH_SHALLOW_BUNDLE_NO\=Stats.app/Contents/Library/SystemExtensions
    export SYSTEM_EXTENSIONS_FOLDER_PATH_SHALLOW_BUNDLE_YES\=Stats.app/Contents/SystemExtensions
    export SYSTEM_KEXT_INSTALL_PATH\=/System/Library/Extensions
    export SYSTEM_LIBRARY_DIR\=/System/Library
    export TAPI_DEMANGLE\=YES
    export TAPI_ENABLE_PROJECT_HEADERS\=NO
    export TAPI_LANGUAGE\=objective-c
    export TAPI_LANGUAGE_STANDARD\=compiler-default
    export TAPI_USE_SRCROOT\=YES
    export TAPI_VERIFY_MODE\=Pedantic
    export TARGETNAME\=Stats
    export TARGET_BUILD_DIR\=/Users/hiroshi/Library/Developer/Xcode/DerivedData/Stats-dnsoqnkiehuhdtbbwufjsbayuioq/Build/Products/Debug
    export TARGET_NAME\=Stats
    export TARGET_TEMP_DIR\=/Users/hiroshi/Library/Developer/Xcode/DerivedData/Stats-dnsoqnkiehuhdtbbwufjsbayuioq/Build/Intermediates.noindex/Stats.build/Debug/Stats.build
    export TEMP_DIR\=/Users/hiroshi/Library/Developer/Xcode/DerivedData/Stats-dnsoqnkiehuhdtbbwufjsbayuioq/Build/Intermediates.noindex/Stats.build/Debug/Stats.build
    export TEMP_FILES_DIR\=/Users/hiroshi/Library/Developer/Xcode/DerivedData/Stats-dnsoqnkiehuhdtbbwufjsbayuioq/Build/Intermediates.noindex/Stats.build/Debug/Stats.build
    export TEMP_FILE_DIR\=/Users/hiroshi/Library/Developer/Xcode/DerivedData/Stats-dnsoqnkiehuhdtbbwufjsbayuioq/Build/Intermediates.noindex/Stats.build/Debug/Stats.build
    export TEMP_ROOT\=/Users/hiroshi/Library/Developer/Xcode/DerivedData/Stats-dnsoqnkiehuhdtbbwufjsbayuioq/Build/Intermediates.noindex
    export TEMP_SANDBOX_DIR\=/Users/hiroshi/Library/Developer/Xcode/DerivedData/Stats-dnsoqnkiehuhdtbbwufjsbayuioq/Build/Intermediates.noindex/TemporaryTaskSandboxes
    export TEST_FRAMEWORK_SEARCH_PATHS\=\ /Applications/Xcode.app/Contents/Developer/Platforms/MacOSX.platform/Developer/Library/Frameworks
    export TEST_LIBRARY_SEARCH_PATHS\=\ /Applications/Xcode.app/Contents/Developer/Platforms/MacOSX.platform/Developer/usr/lib
    export TOOLCHAINS\=com.apple.dt.toolchain.Metal.32023.883\ com.apple.dt.toolchain.XcodeDefault
    export TOOLCHAIN_DIR\=/var/run/com.apple.security.cryptexd/mnt/com.apple.MobileAsset.MetalToolchain-v17.5.188.0.TLte2p/Metal.xctoolchain
    export TOOLCHAIN_VERSION\=32023.883
    export TREAT_MISSING_BASELINES_AS_TEST_FAILURES\=NO
    export TREAT_MISSING_SCRIPT_PHASE_OUTPUTS_AS_ERRORS\=NO
    export TeamIdentifierPrefix\=76Q8Z9XK4F.
    export UID\=501
    export UNINSTALLED_PRODUCTS_DIR\=/Users/hiroshi/Library/Developer/Xcode/DerivedData/Stats-dnsoqnkiehuhdtbbwufjsbayuioq/Build/Intermediates.noindex/UninstalledProducts
    export UNLOCALIZED_RESOURCES_FOLDER_PATH\=Stats.app/Contents/Resources
    export UNLOCALIZED_RESOURCES_FOLDER_PATH_SHALLOW_BUNDLE_NO\=Stats.app/Contents/Resources
    export UNLOCALIZED_RESOURCES_FOLDER_PATH_SHALLOW_BUNDLE_YES\=Stats.app/Contents
    export UNSTRIPPED_PRODUCT\=NO
    export USER\=hiroshi
    export USER_APPS_DIR\=/Users/hiroshi/Applications
    export USER_LIBRARY_DIR\=/Users/hiroshi/Library
    export USE_DYNAMIC_NO_PIC\=YES
    export USE_HEADERMAP\=YES
    export USE_HEADER_SYMLINKS\=NO
    export VALIDATE_DEVELOPMENT_ASSET_PATHS\=YES_ERROR
    export VALIDATE_PRODUCT\=NO
    export VALID_ARCHS\=arm64\ arm64e\ i386\ x86_64
    export VERBOSE_PBXCP\=NO
    export VERSIONPLIST_PATH\=Stats.app/Contents/version.plist
    export VERSION_INFO_BUILDER\=hiroshi
    export VERSION_INFO_FILE\=Stats_vers.c
    export VERSION_INFO_STRING\=\"@\(\#\)PROGRAM:Stats\ \ PROJECT:Stats-\"
    export WORKSPACE_DIR\=/Users/hiroshi/Desktop/MyStats/Stats.xcodeproj
    export WRAPPER_EXTENSION\=app
    export WRAPPER_NAME\=Stats.app
    export WRAPPER_SUFFIX\=.app
    export WRAP_ASSET_PACKS_IN_SEPARATE_DIRECTORIES\=NO
    export XCODE_APP_SUPPORT_DIR\=/Applications/Xcode.app/Contents/Developer/Library/Xcode
    export XCODE_PRODUCT_BUILD_VERSION\=17E202
    export XCODE_VERSION_ACTUAL\=2641
    export XCODE_VERSION_MAJOR\=2600
    export XCODE_VERSION_MINOR\=2640
    export XPCSERVICES_FOLDER_PATH\=Stats.app/Contents/XPCServices
    export YACC\=yacc
    export _BOOL_\=NO
    export _BOOL_NO\=NO
    export _BOOL_YES\=YES
    export _DEVELOPMENT_TEAM_IS_EMPTY\=NO
    export _DISCOVER_COMMAND_LINE_LINKER_INPUTS\=YES
    export _DISCOVER_COMMAND_LINE_LINKER_INPUTS_INCLUDE_WL\=YES
    export _IS_EMPTY_\=YES
    export _LD_MULTIARCH\=YES
    export _MACOSX_DEPLOYMENT_TARGET_IS_EMPTY\=NO
    export _WRAPPER_CONTENTS_DIR\=/Contents
    export _WRAPPER_CONTENTS_DIR_SHALLOW_BUNDLE_NO\=/Contents
    export _WRAPPER_PARENT_PATH\=/..
    export _WRAPPER_PARENT_PATH_SHALLOW_BUNDLE_NO\=/..
    export _WRAPPER_RESOURCES_DIR\=/Resources
    export _WRAPPER_RESOURCES_DIR_SHALLOW_BUNDLE_NO\=/Resources
    export __DIAGNOSE_DEPRECATED_ARCHS\=YES
    export __IS_NOT_MACOS\=NO
    export __IS_NOT_MACOS_macosx\=NO
    export __IS_NOT_SIMULATOR\=YES
    export __IS_NOT_SIMULATOR_simulator\=NO
    export __ORIGINAL_SDK_DEFINED_LLVM_TARGET_TRIPLE_SYS\=macos
    export arch\=undefined_arch
    export variant\=normal
    /bin/sh -c /Users/hiroshi/Library/Developer/Xcode/DerivedData/Stats-dnsoqnkiehuhdtbbwufjsbayuioq/Build/Intermediates.noindex/Stats.build/Debug/Stats.build/Script-9A88E2672659002E00E2B7B0.sh
Linting Swift files in current working directory
Linting 'RAM.swift' (1/123)
Linting 'constants.swift' (2/123)
Linting 'process.swift' (3/123)
Linting 'LaunchAtLogin/main.swift' (4/123)
Linting 'Remote.swift' (5/123)
Linting 'Logger.swift' (7/123)
Linting 'SystemKit.swift' (6/123)
Linting 'Updater.swift' (8/123)
Linting 'Charts.swift' (11/123)
Linting 'DB.swift' (9/123)
Linting 'Reachability.swift' (10/123)
Linting 'Store.swift' (12/123)
Linting 'Repeater.swift' (13/123)
Linting 'Kit/module/reader.swift' (14/123)
Linting 'ObservableModel.swift' (15/123)
Linting 'Kit/module/notifications.swift' (16/123)
Linting 'window.swift' (17/123)
Linting 'module.swift' (18/123)
Linting 'extensions.swift' (19/123)
Linting 'types.swift' (20/123)
Linting 'Label.swift' (21/123)
Linting 'Kit/module/widget.swift' (22/123)
Linting 'Kit/module/popup.swift' (24/123)
Linting 'Kit/helpers.swift' (23/123)
Linting 'LineChart.swift' (25/123)
Linting 'Mini.swift' (27/123)
Linting 'Stack.swift' (26/123)
Linting 'Memory.swift' (28/123)
Linting 'BarChart.swift' (30/123)
Linting 'NetworkChart.swift' (29/123)
Linting 'Tachometer.swift' (31/123)
Linting 'Kit/module/portal.swift' (32/123)
Linting 'Battery.swift' (33/123)
Linting 'PieChart.swift' (34/123)
Linting 'Dot.swift' (35/123)
Linting 'Speed.swift' (36/123)
Linting 'smc_probe.swift' (37/123)
Linting 'Text.swift' (38/123)
Linting 'test.swift' (39/123)
Linting 'list_i_keys.swift' (40/123)
Linting 'smc_info.swift' (41/123)
Linting 'test2.swift' (42/123)
Linting 'dump_adapter.swift' (43/123)
Linting 'test_smc.swift' (44/123)
Linting 'smc.swift' (45/123)
Linting 'protocol.swift' (46/123)
Linting 'GeneratedAssetSymbols.swift' (47/123)
Linting 'SMC/main.swift' (48/123)
Linting 'Modules/Sensors/notifications.swift' (50/123)
Linting 'SMC/Helper/main.swift' (49/123)
Linting 'Modules/Sensors/readers.swift' (51/123)
Linting 'values.swift' (52/123)
Linting 'Modules/Sensors/portal.swift' (53/123)
Linting 'Modules/Sensors/settings.swift' (54/123)
Linting 'Modules/Sensors/main.swift' (55/123)
Linting 'Modules/Sensors/popup.swift' (56/123)
Linting 'Modules/GPU/preview.swift' (57/123)
Linting 'Modules/GPU/reader.swift' (58/123)
Linting 'Modules/GPU/notifications.swift' (59/123)
Linting 'Modules/GPU/settings.swift' (61/123)
Linting 'Modules/GPU/portal.swift' (60/123)
Linting 'Modules/GPU/widget.swift' (62/123)
Linting 'Modules/GPU/popup.swift' (63/123)
Linting 'Modules/Net/readers.swift' (64/123)
Linting 'Modules/Net/portal.swift' (65/123)
Linting 'Modules/Net/notifications.swift' (66/123)
Linting 'CPUView.swift' (67/123)
Linting 'Modules/GPU/main.swift' (68/123)
Linting 'Modules/Net/main.swift' (69/123)
Linting 'Modules/Net/popup.swift' (70/123)
Linting 'Modules/CPU/preview.swift' (71/123)
Linting 'Modules/CPU/readers.swift' (72/123)
Linting 'Modules/CPU/notifications.swift' (73/123)
Linting 'Modules/CPU/portal.swift' (74/123)
Linting 'Modules/CPU/popup.swift' (75/123)
Linting 'Modules/CPU/main.swift' (76/123)
Linting 'Modules/Bluetooth/readers.swift' (77/123)
Linting 'Modules/Bluetooth/notifications.swift' (78/123)
Linting 'Modules/Bluetooth/settings.swift' (79/123)
Linting 'Modules/Net/widget.swift' (80/123)
Linting 'Modules/Bluetooth/main.swift' (81/123)
Linting 'Modules/CPU/widget.swift' (82/123)
Linting 'Modules/Bluetooth/popup.swift' (83/123)
Linting 'Modules/Disk/preview.swift' (84/123)
Linting 'Modules/Disk/readers.swift' (85/123)
Linting 'Modules/Disk/settings.swift' (86/123)
Linting 'Modules/Disk/notifications.swift' (87/123)
Linting 'Modules/Disk/main.swift' (89/123)
Linting 'Modules/Battery/notifications.swift' (90/123)
Linting 'Modules/Battery/portal.swift' (91/123)
Linting 'Modules/Disk/portal.swift' (88/123)
Linting 'Modules/Battery/readers.swift' (92/123)
Linting 'Modules/Battery/popup.swift' (93/123)
Linting 'Modules/Battery/main.swift' (94/123)
Linting 'Modules/Battery/settings.swift' (95/123)
Linting 'Modules/Disk/popup.swift' (96/123)
Linting 'Modules/Clock/reader.swift' (97/123)
Linting 'Modules/Disk/widget.swift' (98/123)
Linting 'Modules/Clock/main.swift' (99/123)
Linting 'Modules/Clock/portal.swift' (100/123)
Linting 'Modules/Clock/settings.swift' (101/123)
Linting 'Modules/RAM/readers.swift' (102/123)
Linting 'Modules/RAM/preview.swift' (103/123)
Linting 'Modules/Clock/popup.swift' (104/123)
Linting 'Modules/RAM/portal.swift' (105/123)
Linting 'AppDelegate.swift' (106/123)
Linting 'AppSettings.swift' (107/123)
Linting 'Update.swift' (108/123)
Linting 'Dashboard.swift' (109/123)
Linting 'Modules/RAM/notifications.swift' (110/123)
Linting 'Support.swift' (111/123)
Linting 'Modules/RAM/settings.swift' (112/123)
Linting 'Modules/Net/settings.swift' (113/123)
Linting 'Modules/CPU/settings.swift' (114/123)
Linting 'Setup.swift' (115/123)
Linting 'CombinedView.swift' (116/123)
Linting 'Settings.swift' (117/123)
Linting 'Modules/RAM/main.swift' (118/123)
Linting 'widgets.swift' (119/123)
Linting 'Modules/RAM/widget.swift' (120/123)
Linting 'Modules/RAM/popup.swift' (121/123)
Linting 'UnitedWidget.swift' (122/123)
Linting 'Stats/helpers.swift' (123/123)
Done linting! Found 0 violations, 0 serious in 123 files.

Copy /Users/hiroshi/Library/Developer/Xcode/DerivedData/Stats-dnsoqnkiehuhdtbbwufjsbayuioq/Build/Products/Debug/Stats.app/Contents/PlugIns/WidgetsExtension.appex /Users/hiroshi/Library/Developer/Xcode/DerivedData/Stats-dnsoqnkiehuhdtbbwufjsbayuioq/Build/Products/Debug/WidgetsExtension.appex (in target 'Stats' from project 'Stats')
    cd /Users/hiroshi/Desktop/MyStats
    builtin-copy -exclude .DS_Store -exclude CVS -exclude .svn -exclude .git -exclude .hg -exclude Headers -exclude PrivateHeaders -exclude Modules -exclude \*.tbd -resolve-src-symlinks -remove-static-executable /Users/hiroshi/Library/Developer/Xcode/DerivedData/Stats-dnsoqnkiehuhdtbbwufjsbayuioq/Build/Products/Debug/WidgetsExtension.appex /Users/hiroshi/Library/Developer/Xcode/DerivedData/Stats-dnsoqnkiehuhdtbbwufjsbayuioq/Build/Products/Debug/Stats.app/Contents/PlugIns

CopySwiftLibs /Users/hiroshi/Library/Developer/Xcode/DerivedData/Stats-dnsoqnkiehuhdtbbwufjsbayuioq/Build/Products/Debug/Stats.app (in target 'Stats' from project 'Stats')
    cd /Users/hiroshi/Desktop/MyStats
    builtin-swiftStdLibTool --copy --verbose --sign - --scan-executable /Users/hiroshi/Library/Developer/Xcode/DerivedData/Stats-dnsoqnkiehuhdtbbwufjsbayuioq/Build/Products/Debug/Stats.app/Contents/MacOS/Stats.debug.dylib --scan-folder /Users/hiroshi/Library/Developer/Xcode/DerivedData/Stats-dnsoqnkiehuhdtbbwufjsbayuioq/Build/Products/Debug/Stats.app/Contents/Frameworks --scan-folder /Users/hiroshi/Library/Developer/Xcode/DerivedData/Stats-dnsoqnkiehuhdtbbwufjsbayuioq/Build/Products/Debug/Stats.app/Contents/PlugIns --scan-folder /Users/hiroshi/Library/Developer/Xcode/DerivedData/Stats-dnsoqnkiehuhdtbbwufjsbayuioq/Build/Products/Debug/Stats.app/Contents/Library/SystemExtensions --scan-folder /Users/hiroshi/Library/Developer/Xcode/DerivedData/Stats-dnsoqnkiehuhdtbbwufjsbayuioq/Build/Products/Debug/Stats.app/Contents/Extensions --scan-folder /Users/hiroshi/Library/Developer/Xcode/DerivedData/Stats-dnsoqnkiehuhdtbbwufjsbayuioq/Build/Products/Debug/Disk.framework --scan-folder /Users/hiroshi/Library/Developer/Xcode/DerivedData/Stats-dnsoqnkiehuhdtbbwufjsbayuioq/Build/Products/Debug/Clock.framework --scan-folder /Users/hiroshi/Library/Developer/Xcode/DerivedData/Stats-dnsoqnkiehuhdtbbwufjsbayuioq/Build/Products/Debug/Sensors.framework --scan-folder /Users/hiroshi/Library/Developer/Xcode/DerivedData/Stats-dnsoqnkiehuhdtbbwufjsbayuioq/Build/Products/Debug/Battery.framework --scan-folder /Users/hiroshi/Library/Developer/Xcode/DerivedData/Stats-dnsoqnkiehuhdtbbwufjsbayuioq/Build/Products/Debug/Bluetooth.framework --scan-folder /Users/hiroshi/Library/Developer/Xcode/DerivedData/Stats-dnsoqnkiehuhdtbbwufjsbayuioq/Build/Products/Debug/Kit.framework --scan-folder /Users/hiroshi/Library/Developer/Xcode/DerivedData/Stats-dnsoqnkiehuhdtbbwufjsbayuioq/Build/Products/Debug/RAM.framework --scan-folder /Users/hiroshi/Library/Developer/Xcode/DerivedData/Stats-dnsoqnkiehuhdtbbwufjsbayuioq/Build/Products/Debug/Net.framework --scan-folder /Users/hiroshi/Library/Developer/Xcode/DerivedData/Stats-dnsoqnkiehuhdtbbwufjsbayuioq/Build/Products/Debug/GPU.framework --scan-folder /Users/hiroshi/Library/Developer/Xcode/DerivedData/Stats-dnsoqnkiehuhdtbbwufjsbayuioq/Build/Products/Debug/CPU.framework --platform macosx --toolchain /var/run/com.apple.security.cryptexd/mnt/com.apple.MobileAsset.MetalToolchain-v17.5.188.0.TLte2p/Metal.xctoolchain --toolchain /Applications/Xcode.app/Contents/Developer/Toolchains/XcodeDefault.xctoolchain --destination /Users/hiroshi/Library/Developer/Xcode/DerivedData/Stats-dnsoqnkiehuhdtbbwufjsbayuioq/Build/Products/Debug/Stats.app/Contents/Frameworks --strip-bitcode --strip-bitcode-tool /Applications/Xcode.app/Contents/Developer/Toolchains/XcodeDefault.xctoolchain/usr/bin/bitcode_strip --emit-dependency-info /Users/hiroshi/Library/Developer/Xcode/DerivedData/Stats-dnsoqnkiehuhdtbbwufjsbayuioq/Build/Intermediates.noindex/Stats.build/Debug/Stats.build/SwiftStdLibToolInputDependencies.dep --filter-for-swift-os --back-deploy-swift-span

ProcessInfoPlistFile /Users/hiroshi/Library/Developer/Xcode/DerivedData/Stats-dnsoqnkiehuhdtbbwufjsbayuioq/Build/Products/Debug/Stats.app/Contents/Info.plist /Users/hiroshi/Desktop/MyStats/Stats/Supporting\ Files/Info.plist (in target 'Stats' from project 'Stats')
    cd /Users/hiroshi/Desktop/MyStats
    builtin-infoPlistUtility /Users/hiroshi/Desktop/MyStats/Stats/Supporting\ Files/Info.plist -producttype com.apple.product-type.application -genpkginfo /Users/hiroshi/Library/Developer/Xcode/DerivedData/Stats-dnsoqnkiehuhdtbbwufjsbayuioq/Build/Products/Debug/Stats.app/Contents/PkgInfo -expandbuildsettings -platform macosx -additionalcontentfile /Users/hiroshi/Library/Developer/Xcode/DerivedData/Stats-dnsoqnkiehuhdtbbwufjsbayuioq/Build/Intermediates.noindex/Stats.build/Debug/Stats.build/assetcatalog_generated_info.plist -scanforprivacyfile /Users/hiroshi/Library/Developer/Xcode/DerivedData/Stats-dnsoqnkiehuhdtbbwufjsbayuioq/Build/Products/Debug/Stats.app/Contents/Frameworks/Battery.framework -scanforprivacyfile /Users/hiroshi/Library/Developer/Xcode/DerivedData/Stats-dnsoqnkiehuhdtbbwufjsbayuioq/Build/Products/Debug/Stats.app/Contents/Frameworks/Bluetooth.framework -scanforprivacyfile /Users/hiroshi/Library/Developer/Xcode/DerivedData/Stats-dnsoqnkiehuhdtbbwufjsbayuioq/Build/Products/Debug/Stats.app/Contents/Frameworks/CPU.framework -scanforprivacyfile /Users/hiroshi/Library/Developer/Xcode/DerivedData/Stats-dnsoqnkiehuhdtbbwufjsbayuioq/Build/Products/Debug/Stats.app/Contents/Frameworks/Clock.framework -scanforprivacyfile /Users/hiroshi/Library/Developer/Xcode/DerivedData/Stats-dnsoqnkiehuhdtbbwufjsbayuioq/Build/Products/Debug/Stats.app/Contents/Frameworks/Disk.framework -scanforprivacyfile /Users/hiroshi/Library/Developer/Xcode/DerivedData/Stats-dnsoqnkiehuhdtbbwufjsbayuioq/Build/Products/Debug/Stats.app/Contents/Frameworks/GPU.framework -scanforprivacyfile /Users/hiroshi/Library/Developer/Xcode/DerivedData/Stats-dnsoqnkiehuhdtbbwufjsbayuioq/Build/Products/Debug/Stats.app/Contents/Frameworks/Kit.framework -scanforprivacyfile /Users/hiroshi/Library/Developer/Xcode/DerivedData/Stats-dnsoqnkiehuhdtbbwufjsbayuioq/Build/Products/Debug/Stats.app/Contents/Frameworks/Net.framework -scanforprivacyfile /Users/hiroshi/Library/Developer/Xcode/DerivedData/Stats-dnsoqnkiehuhdtbbwufjsbayuioq/Build/Products/Debug/Stats.app/Contents/Frameworks/RAM.framework -scanforprivacyfile /Users/hiroshi/Library/Developer/Xcode/DerivedData/Stats-dnsoqnkiehuhdtbbwufjsbayuioq/Build/Products/Debug/Stats.app/Contents/Frameworks/Sensors.framework -scanforprivacyfile /Users/hiroshi/Library/Developer/Xcode/DerivedData/Stats-dnsoqnkiehuhdtbbwufjsbayuioq/Build/Products/Debug/Stats.app/Contents/Library/LoginItems/LaunchAtLogin.app -scanforprivacyfile /Users/hiroshi/Library/Developer/Xcode/DerivedData/Stats-dnsoqnkiehuhdtbbwufjsbayuioq/Build/Products/Debug/Stats.app/Contents/PlugIns/WidgetsExtension.appex -o /Users/hiroshi/Library/Developer/Xcode/DerivedData/Stats-dnsoqnkiehuhdtbbwufjsbayuioq/Build/Products/Debug/Stats.app/Contents/Info.plist

CodeSign /Users/hiroshi/Library/Developer/Xcode/DerivedData/Stats-dnsoqnkiehuhdtbbwufjsbayuioq/Build/Products/Debug/Stats.app/Contents/MacOS/Stats.debug.dylib (in target 'Stats' from project 'Stats')
    cd /Users/hiroshi/Desktop/MyStats
    
    Signing Identity:     "Sign to Run Locally"
    
    /usr/bin/codesign --force --sign - --timestamp\=none --generate-entitlement-der /Users/hiroshi/Library/Developer/Xcode/DerivedData/Stats-dnsoqnkiehuhdtbbwufjsbayuioq/Build/Products/Debug/Stats.app/Contents/MacOS/Stats.debug.dylib
/Users/hiroshi/Library/Developer/Xcode/DerivedData/Stats-dnsoqnkiehuhdtbbwufjsbayuioq/Build/Products/Debug/Stats.app/Contents/MacOS/Stats.debug.dylib: replacing existing signature

CodeSign /Users/hiroshi/Library/Developer/Xcode/DerivedData/Stats-dnsoqnkiehuhdtbbwufjsbayuioq/Build/Products/Debug/Stats.app/Contents/MacOS/__preview.dylib (in target 'Stats' from project 'Stats')
    cd /Users/hiroshi/Desktop/MyStats
    
    Signing Identity:     "Sign to Run Locally"
    
    /usr/bin/codesign --force --sign - --timestamp\=none --generate-entitlement-der /Users/hiroshi/Library/Developer/Xcode/DerivedData/Stats-dnsoqnkiehuhdtbbwufjsbayuioq/Build/Products/Debug/Stats.app/Contents/MacOS/__preview.dylib
/Users/hiroshi/Library/Developer/Xcode/DerivedData/Stats-dnsoqnkiehuhdtbbwufjsbayuioq/Build/Products/Debug/Stats.app/Contents/MacOS/__preview.dylib: replacing existing signature

CodeSign /Users/hiroshi/Library/Developer/Xcode/DerivedData/Stats-dnsoqnkiehuhdtbbwufjsbayuioq/Build/Products/Debug/Stats.app (in target 'Stats' from project 'Stats')
    cd /Users/hiroshi/Desktop/MyStats
    
    Signing Identity:     "Sign to Run Locally"
    
    /usr/bin/codesign --force --sign - --entitlements /Users/hiroshi/Library/Developer/Xcode/DerivedData/Stats-dnsoqnkiehuhdtbbwufjsbayuioq/Build/Intermediates.noindex/Stats.build/Debug/Stats.build/Stats.app.xcent --timestamp\=none --generate-entitlement-der /Users/hiroshi/Library/Developer/Xcode/DerivedData/Stats-dnsoqnkiehuhdtbbwufjsbayuioq/Build/Products/Debug/Stats.app
/Users/hiroshi/Library/Developer/Xcode/DerivedData/Stats-dnsoqnkiehuhdtbbwufjsbayuioq/Build/Products/Debug/Stats.app: replacing existing signature

Validate /Users/hiroshi/Library/Developer/Xcode/DerivedData/Stats-dnsoqnkiehuhdtbbwufjsbayuioq/Build/Products/Debug/Stats.app (in target 'Stats' from project 'Stats')
    cd /Users/hiroshi/Desktop/MyStats
    builtin-validationUtility /Users/hiroshi/Library/Developer/Xcode/DerivedData/Stats-dnsoqnkiehuhdtbbwufjsbayuioq/Build/Products/Debug/Stats.app -no-validate-extension -infoplist-subpath Contents/Info.plist

RegisterWithLaunchServices /Users/hiroshi/Library/Developer/Xcode/DerivedData/Stats-dnsoqnkiehuhdtbbwufjsbayuioq/Build/Products/Debug/Stats.app (in target 'Stats' from project 'Stats')
    cd /Users/hiroshi/Desktop/MyStats
    /System/Library/Frameworks/CoreServices.framework/Versions/Current/Frameworks/LaunchServices.framework/Versions/Current/Support/lsregister -f -R -trusted /Users/hiroshi/Library/Developer/Xcode/DerivedData/Stats-dnsoqnkiehuhdtbbwufjsbayuioq/Build/Products/Debug/Stats.app

ValidateEmbeddedBinary /Users/hiroshi/Library/Developer/Xcode/DerivedData/Stats-dnsoqnkiehuhdtbbwufjsbayuioq/Build/Products/Debug/Stats.app/Contents/PlugIns/WidgetsExtension.appex (in target 'Stats' from project 'Stats')
    cd /Users/hiroshi/Desktop/MyStats
    /Applications/Xcode.app/Contents/Developer/usr/bin/embeddedBinaryValidationUtility /Users/hiroshi/Library/Developer/Xcode/DerivedData/Stats-dnsoqnkiehuhdtbbwufjsbayuioq/Build/Products/Debug/Stats.app/Contents/PlugIns/WidgetsExtension.appex -signing-cert - -info-plist-path /Users/hiroshi/Library/Developer/Xcode/DerivedData/Stats-dnsoqnkiehuhdtbbwufjsbayuioq/Build/Products/Debug/Stats.app/Contents/Info.plist

note: Disabling hardened runtime with ad-hoc codesigning. (in target 'SMC' from project 'Stats')
note: Disabling hardened runtime with ad-hoc codesigning. (in target 'Helper' from project 'Stats')
** BUILD SUCCEEDED **

